Archive member included to satisfy reference by file (symbol)

/home/srivamsimalladi/LiFi/Li-Fi-in-Industry-4.0/riot/ProductionTT/bin/arduino-mega2560/application_master/_sketches.o
                              /usr/lib/gcc/avr/5.4.0/../../../avr/lib/avr6/crtatmega2560.o (main)
/home/srivamsimalladi/LiFi/Li-Fi-in-Industry-4.0/riot/ProductionTT/bin/arduino-mega2560/application_master/main.o
                              /home/srivamsimalladi/LiFi/Li-Fi-in-Industry-4.0/riot/ProductionTT/bin/arduino-mega2560/application_master/_sketches.o (_Z5setupv)
/home/srivamsimalladi/LiFi/Li-Fi-in-Industry-4.0/riot/ProductionTT/bin/arduino-mega2560/application_master/MFRC522.o
                              /home/srivamsimalladi/LiFi/Li-Fi-in-Industry-4.0/riot/ProductionTT/bin/arduino-mega2560/application_master/main.o (_ZN7MFRC522C1Ehh)
/home/srivamsimalladi/LiFi/Li-Fi-in-Industry-4.0/riot/ProductionTT/bin/arduino-mega2560/LiFi_module/PLiFi.o
                              /home/srivamsimalladi/LiFi/Li-Fi-in-Industry-4.0/riot/ProductionTT/bin/arduino-mega2560/application_master/main.o (_ZN5PLiFiC1EijPFvPS_PKhhEPFvS0_E)
/home/srivamsimalladi/LiFi/Li-Fi-in-Industry-4.0/riot/ProductionTT/bin/arduino-mega2560/LiFi_module/LiFi.o
                              /home/srivamsimalladi/LiFi/Li-Fi-in-Industry-4.0/riot/ProductionTT/bin/arduino-mega2560/LiFi_module/PLiFi.o (_ZN4LiFiC1Eij)
/home/srivamsimalladi/LiFi/Li-Fi-in-Industry-4.0/riot/ProductionTT/bin/arduino-mega2560/LiFi_module/crc16_ccitt.o
                              /home/srivamsimalladi/LiFi/Li-Fi-in-Industry-4.0/riot/ProductionTT/bin/arduino-mega2560/LiFi_module/LiFi.o (_Z11crc16_ccittPKhh)
/home/srivamsimalladi/LiFi/Li-Fi-in-Industry-4.0/riot/ProductionTT/bin/arduino-mega2560/arduino/base.o
                              /home/srivamsimalladi/LiFi/Li-Fi-in-Industry-4.0/riot/ProductionTT/bin/arduino-mega2560/application_master/main.o (_Z7pinModeii)
/home/srivamsimalladi/LiFi/Li-Fi-in-Industry-4.0/riot/ProductionTT/bin/arduino-mega2560/arduino/serialport.o
                              /home/srivamsimalladi/LiFi/Li-Fi-in-Industry-4.0/riot/ProductionTT/bin/arduino-mega2560/application_master/_sketches.o (_ZN10SerialPortC1Ej)
/home/srivamsimalladi/LiFi/Li-Fi-in-Industry-4.0/riot/ProductionTT/bin/arduino-mega2560/arduino/SPI.o
                              /home/srivamsimalladi/LiFi/Li-Fi-in-Industry-4.0/riot/ProductionTT/bin/arduino-mega2560/application_master/MFRC522.o (_ZN11SPISettingsC1Emhh)
/home/srivamsimalladi/LiFi/Li-Fi-in-Industry-4.0/riot/ProductionTT/bin/arduino-mega2560/atmega_common/irq_arch.o
                              /home/srivamsimalladi/LiFi/Li-Fi-in-Industry-4.0/riot/ProductionTT/bin/arduino-mega2560/arduino/base.o (irq_disable)
/home/srivamsimalladi/LiFi/Li-Fi-in-Industry-4.0/riot/ProductionTT/bin/arduino-mega2560/atmega_common_periph/uart.o
                              /home/srivamsimalladi/LiFi/Li-Fi-in-Industry-4.0/riot/ProductionTT/bin/arduino-mega2560/arduino/serialport.o (uart_init)
/home/srivamsimalladi/LiFi/Li-Fi-in-Industry-4.0/riot/ProductionTT/bin/arduino-mega2560/atmega_common_periph/gpio.o
                              /home/srivamsimalladi/LiFi/Li-Fi-in-Industry-4.0/riot/ProductionTT/bin/arduino-mega2560/arduino/base.o (gpio_init)
/home/srivamsimalladi/LiFi/Li-Fi-in-Industry-4.0/riot/ProductionTT/bin/arduino-mega2560/atmega_common_periph/pwm.o
                              /home/srivamsimalladi/LiFi/Li-Fi-in-Industry-4.0/riot/ProductionTT/bin/arduino-mega2560/arduino/base.o (pwm_init)
/home/srivamsimalladi/LiFi/Li-Fi-in-Industry-4.0/riot/ProductionTT/bin/arduino-mega2560/atmega_common_periph/spi.o
                              /home/srivamsimalladi/LiFi/Li-Fi-in-Industry-4.0/riot/ProductionTT/bin/arduino-mega2560/arduino/SPI.o (spi_acquire)
/home/srivamsimalladi/LiFi/Li-Fi-in-Industry-4.0/riot/ProductionTT/bin/arduino-mega2560/atmega_common_periph/timer.o
                              /home/srivamsimalladi/LiFi/Li-Fi-in-Industry-4.0/riot/ProductionTT/bin/arduino-mega2560/arduino/base.o (timer_read)
/home/srivamsimalladi/LiFi/Li-Fi-in-Industry-4.0/riot/ProductionTT/bin/arduino-mega2560/atmega_common_periph/adc.o
                              /home/srivamsimalladi/LiFi/Li-Fi-in-Industry-4.0/riot/ProductionTT/bin/arduino-mega2560/LiFi_module/LiFi.o (adc_init)
/home/srivamsimalladi/LiFi/Li-Fi-in-Industry-4.0/riot/ProductionTT/bin/arduino-mega2560/boards_common_atmega/board.o
                              /home/srivamsimalladi/LiFi/Li-Fi-in-Industry-4.0/riot/ProductionTT/bin/arduino-mega2560/atmega_common/startup.o (board_init)
/home/srivamsimalladi/LiFi/Li-Fi-in-Industry-4.0/riot/ProductionTT/bin/arduino-mega2560/core/mutex.o
                              /home/srivamsimalladi/LiFi/Li-Fi-in-Industry-4.0/riot/ProductionTT/bin/arduino-mega2560/LiFi_module/PLiFi.o (_mutex_lock)
/home/srivamsimalladi/LiFi/Li-Fi-in-Industry-4.0/riot/ProductionTT/bin/arduino-mega2560/core/ringbuffer.o
[...]
Memory Configuration

Name             Origin             Length             Attributes
text             0x0000000000000000 0x000000000003e000 xr
data             0x0000000000800200 0x0000000000002000 rw !x
eeprom           0x0000000000810000 0x0000000000010000 rw !x
fuse             0x0000000000820000 0x0000000000000003 rw !x
lock             0x0000000000830000 0x0000000000000400 rw !x
signature        0x0000000000840000 0x0000000000000400 rw !x
user_signatures  0x0000000000850000 0x0000000000000400 rw !x
*default*        0x0000000000000000 0xffffffffffffffff

Linker script and memory map

Address of section .data set to 0x800200
LOAD /usr/lib/gcc/avr/5.4.0/../../../avr/lib/avr6/crtatmega2560.o
LOAD /home/srivamsimalladi/LiFi/Li-Fi-in-Industry-4.0/riot/ProductionTT/bin/arduino-mega2560/atmega_common/startup.o
START GROUP
LOAD /home/srivamsimalladi/LiFi/Li-Fi-in-Industry-4.0/riot/ProductionTT/bin/arduino-mega2560/application_master.a
LOAD /home/srivamsimalladi/LiFi/Li-Fi-in-Industry-4.0/riot/ProductionTT/bin/arduino-mega2560/LiFi_module.a
LOAD /home/srivamsimalladi/LiFi/Li-Fi-in-Industry-4.0/riot/ProductionTT/bin/arduino-mega2560/arduino.a
LOAD /home/srivamsimalladi/LiFi/Li-Fi-in-Industry-4.0/riot/ProductionTT/bin/arduino-mega2560/arduino_sketches.a
LOAD /home/srivamsimalladi/LiFi/Li-Fi-in-Industry-4.0/riot/ProductionTT/bin/arduino-mega2560/atmega_common.a
LOAD /home/srivamsimalladi/LiFi/Li-Fi-in-Industry-4.0/riot/ProductionTT/bin/arduino-mega2560/atmega_common_periph.a
LOAD /home/srivamsimalladi/LiFi/Li-Fi-in-Industry-4.0/riot/ProductionTT/bin/arduino-mega2560/auto_init.a
LOAD /home/srivamsimalladi/LiFi/Li-Fi-in-Industry-4.0/riot/ProductionTT/bin/arduino-mega2560/avr_libc_extra.a
LOAD /home/srivamsimalladi/LiFi/Li-Fi-in-Industry-4.0/riot/ProductionTT/bin/arduino-mega2560/board.a
LOAD /home/srivamsimalladi/LiFi/Li-Fi-in-Industry-4.0/riot/ProductionTT/bin/arduino-mega2560/boards_common_arduino-atmega.a
LOAD /home/srivamsimalladi/LiFi/Li-Fi-in-Industry-4.0/riot/ProductionTT/bin/arduino-mega2560/boards_common_atmega.a
LOAD /home/srivamsimalladi/LiFi/Li-Fi-in-Industry-4.0/riot/ProductionTT/bin/arduino-mega2560/core.a
LOAD /home/srivamsimalladi/LiFi/Li-Fi-in-Industry-4.0/riot/ProductionTT/bin/arduino-mega2560/cpu.a
LOAD /home/srivamsimalladi/LiFi/Li-Fi-in-Industry-4.0/riot/ProductionTT/bin/arduino-mega2560/div.a
LOAD /home/srivamsimalladi/LiFi/Li-Fi-in-Industry-4.0/riot/ProductionTT/bin/arduino-mega2560/luid.a
LOAD /home/srivamsimalladi/LiFi/Li-Fi-in-Industry-4.0/riot/ProductionTT/bin/arduino-mega2560/random.a
LOAD /home/srivamsimalladi/LiFi/Li-Fi-in-Industry-4.0/riot/ProductionTT/bin/arduino-mega2560/stdio_uart.a
LOAD /home/srivamsimalladi/LiFi/Li-Fi-in-Industry-4.0/riot/ProductionTT/bin/arduino-mega2560/sys.a
LOAD /home/srivamsimalladi/LiFi/Li-Fi-in-Industry-4.0/riot/ProductionTT/bin/arduino-mega2560/xtimer.a
LOAD /home/srivamsimalladi/LiFi/Li-Fi-in-Industry-4.0/riot/ProductionTT/bin/arduino-mega2560/periph_common.a
END GROUP
LOAD /usr/lib/gcc/avr/5.4.0/avr6/libgcc.a
                0x000000000003e000                __TEXT_REGION_LENGTH__ = 0x3e000
                0x0000000000002000                __DATA_REGION_LENGTH__ = 0x2000
LOAD /usr/lib/gcc/avr/5.4.0/avr6/libgcc.a
LOAD /usr/lib/gcc/avr/5.4.0/../../../avr/lib/avr6/libm.a
START GROUP
LOAD /usr/lib/gcc/avr/5.4.0/avr6/libgcc.a
LOAD /usr/lib/gcc/avr/5.4.0/../../../avr/lib/avr6/libm.a
LOAD /usr/lib/gcc/avr/5.4.0/../../../avr/lib/avr6/libc.a
LOAD /usr/lib/gcc/avr/5.4.0/../../../avr/lib/avr6/libatmega2560.a
END GROUP
                0x0000000000100000                __TEXT_REGION_LENGTH__ = DEFINED (__TEXT_REGION_LENGTH__)?__TEXT_REGION_LENGTH__:0x100000
                0x000000000000fe00                __DATA_REGION_LENGTH__ = DEFINED (__DATA_REGION_LENGTH__)?__DATA_REGION_LENGTH__:0xfe00
                0x0000000000010000                __EEPROM_REGION_LENGTH__ = DEFINED (__EEPROM_REGION_LENGTH__)?__EEPROM_REGION_LENGTH__:0x10000
                [0x0000000000000003]                __FUSE_REGION_LENGTH__ = DEFINED (__FUSE_REGION_LENGTH__)?__FUSE_REGION_LENGTH__:0x400
                0x0000000000000400                __LOCK_REGION_LENGTH__ = DEFINED (__LOCK_REGION_LENGTH__)?__LOCK_REGION_LENGTH__:0x400
                0x0000000000000400                __SIGNATURE_REGION_LENGTH__ = DEFINED (__SIGNATURE_REGION_LENGTH__)?__SIGNATURE_REGION_LENGTH__:0x400
                0x0000000000000400                __USER_SIGNATURE_REGION_LENGTH__ = DEFINED (__USER_SIGNATURE_REGION_LENGTH__)?__USER_SIGNATURE_REGION_LENGTH__:0x400

.hash
 *(.hash)

.dynsym
 *(.dynsym)

.dynstr
 *(.dynstr)

.gnu.version
 *(.gnu.version)

.gnu.version_d
 *(.gnu.version_d)

.gnu.version_r
 *(.gnu.version_r)

.rel.init
 *(.rel.init)

.rela.init
 *(.rela.init)

.rel.text
 *(.rel.text)
 *(.rel.text.*)
 *(.rel.gnu.linkonce.t*)

.rela.text
 *(.rela.text)
 *(.rela.text.*)
 *(.rela.gnu.linkonce.t*)

.rel.fini
 *(.rel.fini)

.rela.fini
 *(.rela.fini)

.rel.rodata
 *(.rel.rodata)
 *(.rel.rodata.*)
 *(.rel.gnu.linkonce.r*)

.rela.rodata
 *(.rela.rodata)
 *(.rela.rodata.*)
 *(.rela.gnu.linkonce.r*)

.rel.data
 *(.rel.data)
 *(.rel.data.*)
 *(.rel.gnu.linkonce.d*)

.rela.data
 *(.rela.data)
 *(.rela.data.*)
 *(.rela.gnu.linkonce.d*)

.rel.ctors
 *(.rel.ctors)

.rela.ctors
 *(.rela.ctors)

.rel.dtors
 *(.rel.dtors)

.rela.dtors
 *(.rela.dtors)

.rel.got
 *(.rel.got)

.rela.got
 *(.rela.got)

.rel.bss
 *(.rel.bss)

.rela.bss
 *(.rela.bss)

.rel.plt
 *(.rel.plt)

.rela.plt
 *(.rela.plt)

.text           0x0000000000000000     0x49f2
 *(.vectors)
 .vectors       0x0000000000000000       0xe4 /usr/lib/gcc/avr/5.4.0/../../../avr/lib/avr6/crtatmega2560.o
                0x0000000000000000                __vectors
 *(.vectors)
 *(.progmem.gcc*)
 .progmem.gcc_sw_table._Z4loopv
                0x00000000000000e4       0x16 /home/srivamsimalladi/LiFi/Li-Fi-in-Industry-4.0/riot/ProductionTT/bin/arduino-mega2560/application_master/main.o
                0x00000000000000fa                . = ALIGN (0x2)
                0x00000000000000fa                __trampolines_start = .
 *(.trampolines)
 .trampolines   0x00000000000000fa       0x78 linker stubs
 *(.trampolines*)
                0x0000000000000172                __trampolines_end = .
 *libprintf_flt.a:*(.progmem.data)
 *libc.a:*(.progmem.data)
 *(.progmem*)
 .progmem.data.__c.2022
                0x0000000000000172       0x49 /home/srivamsimalladi/LiFi/Li-Fi-in-Industry-4.0/riot/ProductionTT/bin/arduino-mega2560/atmega_common/cpu.o
                0x00000000000001bc                . = ALIGN (0x2)
 *fill*         0x00000000000001bb        0x1 
 *(.jumptables)
 *(.jumptables*)
 *(.lowtext)
 *(.lowtext*)
                0x00000000000001bc                __ctors_start = .
 *(.ctors)
 .ctors         0x00000000000001bc        0x2 /home/srivamsimalladi/LiFi/Li-Fi-in-Industry-4.0/riot/ProductionTT/bin/arduino-mega2560/application_master/_sketches.o
 .ctors         0x00000000000001be        0x2 /home/srivamsimalladi/LiFi/Li-Fi-in-Industry-4.0/riot/ProductionTT/bin/arduino-mega2560/application_master/main.o
 .ctors         0x00000000000001c0        0x2 /home/srivamsimalladi/LiFi/Li-Fi-in-Industry-4.0/riot/ProductionTT/bin/arduino-mega2560/application_master/MFRC522.o
 .ctors         0x00000000000001c2        0x2 /home/srivamsimalladi/LiFi/Li-Fi-in-Industry-4.0/riot/ProductionTT/bin/arduino-mega2560/LiFi_module/PLiFi.o
 .ctors         0x00000000000001c4        0x2 /home/srivamsimalladi/LiFi/Li-Fi-in-Industry-4.0/riot/ProductionTT/bin/arduino-mega2560/LiFi_module/LiFi.o
 .ctors         0x00000000000001c6        0x2 /home/srivamsimalladi/LiFi/Li-Fi-in-Industry-4.0/riot/ProductionTT/bin/arduino-mega2560/arduino/base.o
 .ctors         0x00000000000001c8        0x2 /home/srivamsimalladi/LiFi/Li-Fi-in-Industry-4.0/riot/ProductionTT/bin/arduino-mega2560/arduino/SPI.o
                0x00000000000001ca                __ctors_end = .
                0x00000000000001ca                __dtors_start = .
 *(.dtors)
                0x00000000000001ca                __dtors_end = .
 SORT(*)(.ctors)
 SORT(*)(.dtors)
 *(.init0)
 .init0         0x00000000000001ca        0x0 /usr/lib/gcc/avr/5.4.0/../../../avr/lib/avr6/crtatmega2560.o
                0x00000000000001ca                __init
 .init0         0x00000000000001ca       0x24 /home/srivamsimalladi/LiFi/Li-Fi-in-Industry-4.0/riot/ProductionTT/bin/arduino-mega2560/atmega_common/cpu.o
                0x00000000000001ca                get_mcusr
 *(.init0)
 *(.init1)
 *(.init1)
 *(.init2)
 .init2         0x00000000000001ee       0x10 /usr/lib/gcc/avr/5.4.0/../../../avr/lib/avr6/crtatmega2560.o
 *(.init2)
 *(.init3)
 *(.init3)
 *(.init4)
 .init4         0x00000000000001fe       0x1a /usr/lib/gcc/avr/5.4.0/avr6/libgcc.a(_copy_data.o)
                0x00000000000001fe                __do_copy_data
 .init4         0x0000000000000218       0x10 /usr/lib/gcc/avr/5.4.0/avr6/libgcc.a(_clear_bss.o)
                0x0000000000000218                __do_clear_bss
 *(.init4)
 *(.init5)
 *(.init5)
 *(.init6)
 .init6         0x0000000000000228       0x20 /usr/lib/gcc/avr/5.4.0/avr6/libgcc.a(_ctors.o)
                0x0000000000000228                __do_global_ctors
 *(.init6)
 *(.init7)
 .init7         0x0000000000000248        0x4 /home/srivamsimalladi/LiFi/Li-Fi-in-Industry-4.0/riot/ProductionTT/bin/arduino-mega2560/atmega_common/startup.o
                0x0000000000000248                init7_ovr
 *(.init7)
 *(.init8)
 .init8         0x000000000000024c        0x4 /home/srivamsimalladi/LiFi/Li-Fi-in-Industry-4.0/riot/ProductionTT/bin/arduino-mega2560/atmega_common/startup.o
                0x000000000000024c                init8_ovr
 *(.init8)
 *(.init9)
 .init9         0x0000000000000250        0x8 /usr/lib/gcc/avr/5.4.0/../../../avr/lib/avr6/crtatmega2560.o
 *(.init9)
 *(.text)
 .text          0x0000000000000258        0x4 /usr/lib/gcc/avr/5.4.0/../../../avr/lib/avr6/crtatmega2560.o
                0x0000000000000258                __vector_22
                0x0000000000000258                __vector_28
                0x0000000000000258                __vector_1
                0x0000000000000258                __vector_32
                0x0000000000000258                __vector_34
                0x0000000000000258                __vector_24
                0x0000000000000258                __vector_12
                0x0000000000000258                __vector_55
                0x0000000000000258                __vector_46
                0x0000000000000258                __bad_interrupt
                0x0000000000000258                __vector_6
                0x0000000000000258                __vector_31
                0x0000000000000258                __vector_35
                0x0000000000000258                __vector_39
                0x0000000000000258                __vector_3
                0x0000000000000258                __vector_23
                0x0000000000000258                __vector_30
                0x0000000000000258                __vector_45
                0x0000000000000258                __vector_11
                0x0000000000000258                __vector_54
                0x0000000000000258                __vector_13
                0x0000000000000258                __vector_56
                0x0000000000000258                __vector_7
                0x0000000000000258                __vector_49
                0x0000000000000258                __vector_41
                0x0000000000000258                __vector_5
                0x0000000000000258                __vector_33
                0x0000000000000258                __vector_47
                0x0000000000000258                __vector_52
                0x0000000000000258                __vector_37
                0x0000000000000258                __vector_4
                0x0000000000000258                __vector_51
                0x0000000000000258                __vector_9
                0x0000000000000258                __vector_2
                0x0000000000000258                __vector_21
                0x0000000000000258                __vector_15
                0x0000000000000258                __vector_29
                0x0000000000000258                __vector_40
                0x0000000000000258                __vector_8
                0x0000000000000258                __vector_26
                0x0000000000000258                __vector_48
                0x0000000000000258                __vector_14
                0x0000000000000258                __vector_53
                0x0000000000000258                __vector_10
                0x0000000000000258                __vector_50
                0x0000000000000258                __vector_16
                0x0000000000000258                __vector_20
                0x000000000000025c                . = ALIGN (0x2)
 *(.text.*)
 .text.reset_handler
                0x000000000000025c        0x8 /home/srivamsimalladi/LiFi/Li-Fi-in-Industry-4.0/riot/ProductionTT/bin/arduino-mega2560/atmega_common/startup.o
                0x000000000000025c                reset_handler
 .text.startup.main
                0x0000000000000264        0xa /home/srivamsimalladi/LiFi/Li-Fi-in-Industry-4.0/riot/ProductionTT/bin/arduino-mega2560/application_master/_sketches.o
                0x0000000000000264                main
 .text.startup._GLOBAL__sub_I_main
                0x000000000000026e        0xc /home/srivamsimalladi/LiFi/Li-Fi-in-Industry-4.0/riot/ProductionTT/bin/arduino-mega2560/application_master/_sketches.o
 .text._Z7tx_loopPv
                0x000000000000027a        0xa /home/srivamsimalladi/LiFi/Li-Fi-in-Industry-4.0/riot/ProductionTT/bin/arduino-mega2560/application_master/main.o
                0x000000000000027a                _Z7tx_loopPv
 .text._Z7rx_loopPv
                0x0000000000000284        0xa /home/srivamsimalladi/LiFi/Li-Fi-in-Industry-4.0/riot/ProductionTT/bin/arduino-mega2560/application_master/main.o
                0x0000000000000284                _Z7rx_loopPv
 .text._ZL5on_rxP5PLiFiPKhh
                0x000000000000028e      0x14e /home/srivamsimalladi/LiFi/Li-Fi-in-Industry-4.0/riot/ProductionTT/bin/arduino-mega2560/application_master/main.o
 .text._Z5setupv
                0x00000000000003dc      0x226 /home/srivamsimalladi/LiFi/Li-Fi-in-Industry-4.0/riot/ProductionTT/bin/arduino-mega2560/application_master/main.o
                0x00000000000003dc                _Z5setupv
 .text._Z4loopv
                0x0000000000000602      0x2fc /home/srivamsimalladi/LiFi/Li-Fi-in-Industry-4.0/riot/ProductionTT/bin/arduino-mega2560/application_master/main.o
                0x0000000000000602                _Z4loopv
 .text.startup._GLOBAL__sub_I_mfrc522
                0x00000000000008fe       0x76 /home/srivamsimalladi/LiFi/Li-Fi-in-Industry-4.0/riot/ProductionTT/bin/arduino-mega2560/application_master/main.o
 .text._ZN7MFRC52219PICC_ReadCardSerialEv
                0x0000000000000974       0x20 /home/srivamsimalladi/LiFi/Li-Fi-in-Industry-4.0/riot/ProductionTT/bin/arduino-mega2560/application_master/MFRC522.o
                0x0000000000000974                _ZN7MFRC52219PICC_ReadCardSerialEv
 .text._ZN8SPIClass8transferEh
                0x0000000000000994       0x24 /home/srivamsimalladi/LiFi/Li-Fi-in-Industry-4.0/riot/ProductionTT/bin/arduino-mega2560/application_master/MFRC522.o
                0x0000000000000994                _ZN8SPIClass8transferEh
 .text._ZN7MFRC52216PCD_ReadRegisterENS_12PCD_RegisterEhPhh.part.0.constprop.7
                0x00000000000009b8       0xfa /home/srivamsimalladi/LiFi/Li-Fi-in-Industry-4.0/riot/ProductionTT/bin/arduino-mega2560/application_master/MFRC522.o
 .text._ZN7MFRC522C2Ehh
                0x0000000000000ab2       0x10 /home/srivamsimalladi/LiFi/Li-Fi-in-Industry-4.0/riot/ProductionTT/bin/arduino-mega2560/application_master/MFRC522.o
                0x0000000000000ab2                _ZN7MFRC522C1Ehh
                0x0000000000000ab2                _ZN7MFRC522C2Ehh
 .text._ZN7MFRC52217PCD_WriteRegisterENS_12PCD_RegisterEh
                0x0000000000000ac2       0x88 /home/srivamsimalladi/LiFi/Li-Fi-in-Industry-4.0/riot/ProductionTT/bin/arduino-mega2560/application_master/MFRC522.o
                0x0000000000000ac2                _ZN7MFRC52217PCD_WriteRegisterENS_12PCD_RegisterEh
 .text._ZN7MFRC52217PCD_WriteRegisterENS_12PCD_RegisterEhPh
                0x0000000000000b4a       0xac /home/srivamsimalladi/LiFi/Li-Fi-in-Industry-4.0/riot/ProductionTT/bin/arduino-mega2560/application_master/MFRC522.o
                0x0000000000000b4a                _ZN7MFRC52217PCD_WriteRegisterENS_12PCD_RegisterEhPh
 .text._ZN7MFRC52216PCD_ReadRegisterENS_12PCD_RegisterE
                0x0000000000000bf6       0x88 /home/srivamsimalladi/LiFi/Li-Fi-in-Industry-4.0/riot/ProductionTT/bin/arduino-mega2560/application_master/MFRC522.o
                0x0000000000000bf6                _ZN7MFRC52216PCD_ReadRegisterENS_12PCD_RegisterE
 .text._ZN7MFRC52216PCD_ReadRegisterENS_12PCD_RegisterEhPhh
                0x0000000000000c7e        0xc /home/srivamsimalladi/LiFi/Li-Fi-in-Industry-4.0/riot/ProductionTT/bin/arduino-mega2560/application_master/MFRC522.o
                0x0000000000000c7e                _ZN7MFRC52216PCD_ReadRegisterENS_12PCD_RegisterEhPhh
 .text._ZN7MFRC52222PCD_SetRegisterBitMaskENS_12PCD_RegisterEh
                0x0000000000000c8a       0x26 /home/srivamsimalladi/LiFi/Li-Fi-in-Industry-4.0/riot/ProductionTT/bin/arduino-mega2560/application_master/MFRC522.o
                0x0000000000000c8a                _ZN7MFRC52222PCD_SetRegisterBitMaskENS_12PCD_RegisterEh
 .text._ZN7MFRC52224PCD_ClearRegisterBitMaskENS_12PCD_RegisterEh
                0x0000000000000cb0       0x28 /home/srivamsimalladi/LiFi/Li-Fi-in-Industry-4.0/riot/ProductionTT/bin/arduino-mega2560/application_master/MFRC522.o
                0x0000000000000cb0                _ZN7MFRC52224PCD_ClearRegisterBitMaskENS_12PCD_RegisterEh
 .text._ZN7MFRC52216PCD_CalculateCRCEPhhS0_
                0x0000000000000cd8       0x9a /home/srivamsimalladi/LiFi/Li-Fi-in-Industry-4.0/riot/ProductionTT/bin/arduino-mega2560/application_master/MFRC522.o
                0x0000000000000cd8                _ZN7MFRC52216PCD_CalculateCRCEPhhS0_
 .text._ZN7MFRC5229PCD_ResetEv
                0x0000000000000d72       0x36 /home/srivamsimalladi/LiFi/Li-Fi-in-Industry-4.0/riot/ProductionTT/bin/arduino-mega2560/application_master/MFRC522.o
                0x0000000000000d72                _ZN7MFRC5229PCD_ResetEv
 .text._ZN7MFRC52213PCD_AntennaOnEv
                0x0000000000000da8       0x2a /home/srivamsimalladi/LiFi/Li-Fi-in-Industry-4.0/riot/ProductionTT/bin/arduino-mega2560/application_master/MFRC522.o
                0x0000000000000da8                _ZN7MFRC52213PCD_AntennaOnEv
 .text._ZN7MFRC5228PCD_InitEv
                0x0000000000000dd2       0xe6 /home/srivamsimalladi/LiFi/Li-Fi-in-Industry-4.0/riot/ProductionTT/bin/arduino-mega2560/application_master/MFRC522.o
                0x0000000000000dd2                _ZN7MFRC5228PCD_InitEv
 .text._ZN7MFRC52223PCD_CommunicateWithPICCEhhPhhS0_S0_S0_hb
                0x0000000000000eb8      0x1a8 /home/srivamsimalladi/LiFi/Li-Fi-in-Industry-4.0/riot/ProductionTT/bin/arduino-mega2560/application_master/MFRC522.o
                0x0000000000000eb8                _ZN7MFRC52223PCD_CommunicateWithPICCEhhPhhS0_S0_S0_hb
 .text._ZN7MFRC52218PCD_TransceiveDataEPhhS0_S0_S0_hb
                0x0000000000001060       0x3e /home/srivamsimalladi/LiFi/Li-Fi-in-Industry-4.0/riot/ProductionTT/bin/arduino-mega2560/application_master/MFRC522.o
                0x0000000000001060                _ZN7MFRC52218PCD_TransceiveDataEPhhS0_S0_S0_hb
 .text._ZN7MFRC52211PICC_SelectEPNS_3UidEh
                0x000000000000109e      0x30a /home/srivamsimalladi/LiFi/Li-Fi-in-Industry-4.0/riot/ProductionTT/bin/arduino-mega2560/application_master/MFRC522.o
                0x000000000000109e                _ZN7MFRC52211PICC_SelectEPNS_3UidEh
 .text._ZN7MFRC52217PICC_REQA_or_WUPAEhPhS0_
                0x00000000000013a8       0xa2 /home/srivamsimalladi/LiFi/Li-Fi-in-Industry-4.0/riot/ProductionTT/bin/arduino-mega2560/application_master/MFRC522.o
                0x00000000000013a8                _ZN7MFRC52217PICC_REQA_or_WUPAEhPhS0_
 .text._ZN7MFRC52213PICC_RequestAEPhS0_
                0x000000000000144a        0xa /home/srivamsimalladi/LiFi/Li-Fi-in-Industry-4.0/riot/ProductionTT/bin/arduino-mega2560/application_master/MFRC522.o
                0x000000000000144a                _ZN7MFRC52213PICC_RequestAEPhS0_
 .text._ZN7MFRC52221PICC_IsNewCardPresentEv
                0x0000000000001454       0x62 /home/srivamsimalladi/LiFi/Li-Fi-in-Industry-4.0/riot/ProductionTT/bin/arduino-mega2560/application_master/MFRC522.o
                0x0000000000001454                _ZN7MFRC52221PICC_IsNewCardPresentEv
 .text.startup._GLOBAL__sub_I__ZN7MFRC522C2Ev
                0x00000000000014b6        0xc /home/srivamsimalladi/LiFi/Li-Fi-in-Industry-4.0/riot/ProductionTT/bin/arduino-mega2560/application_master/MFRC522.o
 .text._ZN5PLiFiC2EijPFvPS_PKhhEPFvS0_E
                0x00000000000014c2       0x36 /home/srivamsimalladi/LiFi/Li-Fi-in-Industry-4.0/riot/ProductionTT/bin/arduino-mega2560/LiFi_module/PLiFi.o
                0x00000000000014c2                _ZN5PLiFiC1EijPFvPS_PKhhEPFvS0_E
                0x00000000000014c2                _ZN5PLiFiC2EijPFvPS_PKhhEPFvS0_E
 .text._ZN5PLiFi9send_dataEPKhh
                0x00000000000014f8       0x7c /home/srivamsimalladi/LiFi/Li-Fi-in-Industry-4.0/riot/ProductionTT/bin/arduino-mega2560/LiFi_module/PLiFi.o
                0x00000000000014f8                _ZN5PLiFi9send_dataEPKhh
 .text._ZN5PLiFi7tx_loopEv
                0x0000000000001574       0x6a /home/srivamsimalladi/LiFi/Li-Fi-in-Industry-4.0/riot/ProductionTT/bin/arduino-mega2560/LiFi_module/PLiFi.o
                0x0000000000001574                _ZN5PLiFi7tx_loopEv
 .text._ZN5PLiFi7rx_loopEv
                0x00000000000015de       0x46 /home/srivamsimalladi/LiFi/Li-Fi-in-Industry-4.0/riot/ProductionTT/bin/arduino-mega2560/LiFi_module/PLiFi.o
                0x00000000000015de                _ZN5PLiFi7rx_loopEv
 .text.startup._GLOBAL__sub_I__ZN5PLiFiC2EijPFvPS_PKhhEPFvS0_E
                0x0000000000001624        0xc /home/srivamsimalladi/LiFi/Li-Fi-in-Industry-4.0/riot/ProductionTT/bin/arduino-mega2560/LiFi_module/PLiFi.o
 .text._ZN4LiFiC2Eij
                0x0000000000001630       0x36 /home/srivamsimalladi/LiFi/Li-Fi-in-Industry-4.0/riot/ProductionTT/bin/arduino-mega2560/LiFi_module/LiFi.o
                0x0000000000001630                _ZN4LiFiC1Eij
                0x0000000000001630                _ZN4LiFiC2Eij
 .text._ZN4LiFi10tick_startEv
                0x0000000000001666       0x18 /home/srivamsimalladi/LiFi/Li-Fi-in-Industry-4.0/riot/ProductionTT/bin/arduino-mega2560/LiFi_module/LiFi.o
                0x0000000000001666                _ZN4LiFi10tick_startEv
 .text._ZN4LiFi4tickEh
                0x000000000000167e       0x76 /home/srivamsimalladi/LiFi/Li-Fi-in-Industry-4.0/riot/ProductionTT/bin/arduino-mega2560/LiFi_module/LiFi.o
                0x000000000000167e                _ZN4LiFi4tickEh
 .text._ZN4LiFi7man_oneEv
                0x00000000000016f4       0x32 /home/srivamsimalladi/LiFi/Li-Fi-in-Industry-4.0/riot/ProductionTT/bin/arduino-mega2560/LiFi_module/LiFi.o
                0x00000000000016f4                _ZN4LiFi7man_oneEv
 .text._ZN4LiFi8man_zeroEv
                0x0000000000001726       0x32 /home/srivamsimalladi/LiFi/Li-Fi-in-Industry-4.0/riot/ProductionTT/bin/arduino-mega2560/LiFi_module/LiFi.o
                0x0000000000001726                _ZN4LiFi8man_zeroEv
 .text._ZN4LiFi9send_byteEhh
                0x0000000000001758       0x5a /home/srivamsimalladi/LiFi/Li-Fi-in-Industry-4.0/riot/ProductionTT/bin/arduino-mega2560/LiFi_module/LiFi.o
                0x0000000000001758                _ZN4LiFi9send_byteEhh
 .text._ZN4LiFi9send_syncEv
                0x00000000000017b2       0x2c /home/srivamsimalladi/LiFi/Li-Fi-in-Industry-4.0/riot/ProductionTT/bin/arduino-mega2560/LiFi_module/LiFi.o
                0x00000000000017b2                _ZN4LiFi9send_syncEv
 .text._ZN4LiFi14send_delimiterEv
                0x00000000000017de       0x4c /home/srivamsimalladi/LiFi/Li-Fi-in-Industry-4.0/riot/ProductionTT/bin/arduino-mega2560/LiFi_module/LiFi.o
                0x00000000000017de                _ZN4LiFi14send_delimiterEv
 .text._ZN4LiFi9send_dataEPKhh
                0x000000000000182a       0x7e /home/srivamsimalladi/LiFi/Li-Fi-in-Industry-4.0/riot/ProductionTT/bin/arduino-mega2560/LiFi_module/LiFi.o
                0x000000000000182a                _ZN4LiFi9send_dataEPKhh
 .text._ZN4LiFi14get_classifierEv
                0x00000000000018a8       0x8a /home/srivamsimalladi/LiFi/Li-Fi-in-Industry-4.0/riot/ProductionTT/bin/arduino-mega2560/LiFi_module/LiFi.o
                0x00000000000018a8                _ZN4LiFi14get_classifierEv
 .text._ZN4LiFi9get_levelEv
                0x0000000000001932       0x66 /home/srivamsimalladi/LiFi/Li-Fi-in-Industry-4.0/riot/ProductionTT/bin/arduino-mega2560/LiFi_module/LiFi.o
                0x0000000000001932                _ZN4LiFi9get_levelEv
 .text._ZN4LiFi10sync_clockEv
                0x0000000000001998       0x7e /home/srivamsimalladi/LiFi/Li-Fi-in-Industry-4.0/riot/ProductionTT/bin/arduino-mega2560/LiFi_module/LiFi.o
                0x0000000000001998                _ZN4LiFi10sync_clockEv
 .text._ZN4LiFi7get_bitEv
                0x0000000000001a16       0x90 /home/srivamsimalladi/LiFi/Li-Fi-in-Industry-4.0/riot/ProductionTT/bin/arduino-mega2560/LiFi_module/LiFi.o
                0x0000000000001a16                _ZN4LiFi7get_bitEv
 .text._ZN4LiFi14skip_till_zeroEv
                0x0000000000001aa6       0x1e /home/srivamsimalladi/LiFi/Li-Fi-in-Industry-4.0/riot/ProductionTT/bin/arduino-mega2560/LiFi_module/LiFi.o
                0x0000000000001aa6                _ZN4LiFi14skip_till_zeroEv
 .text._ZN4LiFi13get_delimeterEv
                0x0000000000001ac4       0x56 /home/srivamsimalladi/LiFi/Li-Fi-in-Industry-4.0/riot/ProductionTT/bin/arduino-mega2560/LiFi_module/LiFi.o
                0x0000000000001ac4                _ZN4LiFi13get_delimeterEv
 .text._ZN4LiFi8get_byteEPh
                0x0000000000001b1a       0xac /home/srivamsimalladi/LiFi/Li-Fi-in-Industry-4.0/riot/ProductionTT/bin/arduino-mega2560/LiFi_module/LiFi.o
                0x0000000000001b1a                _ZN4LiFi8get_byteEPh
 .text._ZN4LiFi13receive_frameEPhh
                0x0000000000001bc6       0x50 /home/srivamsimalladi/LiFi/Li-Fi-in-Industry-4.0/riot/ProductionTT/bin/arduino-mega2560/LiFi_module/LiFi.o
                0x0000000000001bc6                _ZN4LiFi13receive_frameEPhh
 .text._ZN4LiFi7receiveEPhh
                0x0000000000001c16       0xc6 /home/srivamsimalladi/LiFi/Li-Fi-in-Industry-4.0/riot/ProductionTT/bin/arduino-mega2560/LiFi_module/LiFi.o
                0x0000000000001c16                _ZN4LiFi7receiveEPhh
 .text.startup._GLOBAL__sub_I_debug_str_buf
                0x0000000000001cdc        0xc /home/srivamsimalladi/LiFi/Li-Fi-in-Industry-4.0/riot/ProductionTT/bin/arduino-mega2560/LiFi_module/LiFi.o
 .text._Z11crc16_ccittPKhh
                0x0000000000001ce8       0x30 /home/srivamsimalladi/LiFi/Li-Fi-in-Industry-4.0/riot/ProductionTT/bin/arduino-mega2560/LiFi_module/crc16_ccitt.o
                0x0000000000001ce8                _Z11crc16_ccittPKhh
 .text._Z7pinModeii
                0x0000000000001d18       0x22 /home/srivamsimalladi/LiFi/Li-Fi-in-Industry-4.0/riot/ProductionTT/bin/arduino-mega2560/arduino/base.o
                0x0000000000001d18                _Z7pinModeii
 .text._Z12digitalWriteii
                0x0000000000001d3a        0xc /home/srivamsimalladi/LiFi/Li-Fi-in-Industry-4.0/riot/ProductionTT/bin/arduino-mega2560/arduino/base.o
                0x0000000000001d3a                _Z12digitalWriteii
 .text._Z11digitalReadi
                0x0000000000001d46       0x1c /home/srivamsimalladi/LiFi/Li-Fi-in-Industry-4.0/riot/ProductionTT/bin/arduino-mega2560/arduino/base.o
                0x0000000000001d46                _Z11digitalReadi
 .text._Z5delaym
                0x0000000000001d62       0x24 /home/srivamsimalladi/LiFi/Li-Fi-in-Industry-4.0/riot/ProductionTT/bin/arduino-mega2560/arduino/base.o
                0x0000000000001d62                _Z5delaym
 .text._Z17delayMicrosecondsm
                0x0000000000001d86       0x18 /home/srivamsimalladi/LiFi/Li-Fi-in-Industry-4.0/riot/ProductionTT/bin/arduino-mega2560/arduino/base.o
                0x0000000000001d86                _Z17delayMicrosecondsm
 .text._Z6microsv
                0x0000000000001d9e       0x14 /home/srivamsimalladi/LiFi/Li-Fi-in-Industry-4.0/riot/ProductionTT/bin/arduino-mega2560/arduino/base.o
                0x0000000000001d9e                _Z6microsv
 .text.startup._GLOBAL__sub_I__Z7pinModeii
                0x0000000000001db2        0xc /home/srivamsimalladi/LiFi/Li-Fi-in-Industry-4.0/riot/ProductionTT/bin/arduino-mega2560/arduino/base.o
 .text._ZN10SerialPortC2Ej
                0x0000000000001dbe        0x8 /home/srivamsimalladi/LiFi/Li-Fi-in-Industry-4.0/riot/ProductionTT/bin/arduino-mega2560/arduino/serialport.o
                0x0000000000001dbe                _ZN10SerialPortC2Ej
                0x0000000000001dbe                _ZN10SerialPortC1Ej
 .text._ZN10SerialPort5writeEPKc
                0x0000000000001dc6       0x2e /home/srivamsimalladi/LiFi/Li-Fi-in-Industry-4.0/riot/ProductionTT/bin/arduino-mega2560/arduino/serialport.o
                0x0000000000001dc6                _ZN10SerialPort5writeEPKc
 .text._ZN10SerialPort5printEPKc
                0x0000000000001df4        0x4 /home/srivamsimalladi/LiFi/Li-Fi-in-Industry-4.0/riot/ProductionTT/bin/arduino-mega2560/arduino/serialport.o
                0x0000000000001df4                _ZN10SerialPort5printEPKc
 .text._ZN10SerialPort7printlnEPKc
                0x0000000000001df8       0x28 /home/srivamsimalladi/LiFi/Li-Fi-in-Industry-4.0/riot/ProductionTT/bin/arduino-mega2560/arduino/serialport.o
                0x0000000000001df8                _ZN10SerialPort7printlnEPKc
 .text._ZN10SerialPort5writeEPci
                0x0000000000001e20       0x18 /home/srivamsimalladi/LiFi/Li-Fi-in-Industry-4.0/riot/ProductionTT/bin/arduino-mega2560/arduino/serialport.o
                0x0000000000001e20                _ZN10SerialPort5writeEPci
 .text._ZN10SerialPort5printEm12SerialFormat
                0x0000000000001e38      0x14e /home/srivamsimalladi/LiFi/Li-Fi-in-Industry-4.0/riot/ProductionTT/bin/arduino-mega2560/arduino/serialport.o
                0x0000000000001e38                _ZN10SerialPort5printEm12SerialFormat
 .text._ZN10SerialPort5printEl12SerialFormat.part.0
                0x0000000000001f86       0x7a /home/srivamsimalladi/LiFi/Li-Fi-in-Industry-4.0/riot/ProductionTT/bin/arduino-mega2560/arduino/serialport.o
 .text._ZN10SerialPort5printEl12SerialFormat
                0x0000000000002000        0xc /home/srivamsimalladi/LiFi/Li-Fi-in-Industry-4.0/riot/ProductionTT/bin/arduino-mega2560/arduino/serialport.o
                0x0000000000002000                _ZN10SerialPort5printEl12SerialFormat
 .text._ZN10SerialPort5printEi12SerialFormat
                0x000000000000200c       0x1c /home/srivamsimalladi/LiFi/Li-Fi-in-Industry-4.0/riot/ProductionTT/bin/arduino-mega2560/arduino/serialport.o
                0x000000000000200c                _ZN10SerialPort5printEi12SerialFormat
 .text._ZN10SerialPort7printlnEi12SerialFormat
                0x0000000000002028       0x28 /home/srivamsimalladi/LiFi/Li-Fi-in-Industry-4.0/riot/ProductionTT/bin/arduino-mega2560/arduino/serialport.o
                0x0000000000002028                _ZN10SerialPort7printlnEi12SerialFormat
 .text._ZN11SPISettingsC2Emhh
                0x0000000000002050       0x8a /home/srivamsimalladi/LiFi/Li-Fi-in-Industry-4.0/riot/ProductionTT/bin/arduino-mega2560/arduino/SPI.o
                0x0000000000002050                _ZN11SPISettingsC2Emhh
                0x0000000000002050                _ZN11SPISettingsC1Emhh
 .text._ZN11SPISettingsC2Ev
                0x00000000000020da       0x16 /home/srivamsimalladi/LiFi/Li-Fi-in-Industry-4.0/riot/ProductionTT/bin/arduino-mega2560/arduino/SPI.o
                0x00000000000020da                _ZN11SPISettingsC1Ev
                0x00000000000020da                _ZN11SPISettingsC2Ev
 .text._ZN8SPIClassC2Ej
                0x00000000000020f0       0x56 /home/srivamsimalladi/LiFi/Li-Fi-in-Industry-4.0/riot/ProductionTT/bin/arduino-mega2560/arduino/SPI.o
                0x00000000000020f0                _ZN8SPIClassC1Ej
                0x00000000000020f0                _ZN8SPIClassC2Ej
 .text._ZN8SPIClass16beginTransactionE11SPISettings
                0x0000000000002146       0x3e /home/srivamsimalladi/LiFi/Li-Fi-in-Industry-4.0/riot/ProductionTT/bin/arduino-mega2560/arduino/SPI.o
                0x0000000000002146                _ZN8SPIClass16beginTransactionE11SPISettings
 .text._ZN8SPIClass14endTransactionEv
                0x0000000000002184       0x1c /home/srivamsimalladi/LiFi/Li-Fi-in-Industry-4.0/riot/ProductionTT/bin/arduino-mega2560/arduino/SPI.o
                0x0000000000002184                _ZN8SPIClass14endTransactionEv
 .text._ZN8SPIClass8transferEPvj
                0x00000000000021a0       0x82 /home/srivamsimalladi/LiFi/Li-Fi-in-Industry-4.0/riot/ProductionTT/bin/arduino-mega2560/arduino/SPI.o
                0x00000000000021a0                _ZN8SPIClass8transferEPvj
 .text.startup._GLOBAL__sub_I__ZN11SPISettingsC2Emhh
                0x0000000000002222        0xc /home/srivamsimalladi/LiFi/Li-Fi-in-Industry-4.0/riot/ProductionTT/bin/arduino-mega2560/arduino/SPI.o
 .text.irq_disable
                0x000000000000222e        0xc /home/srivamsimalladi/LiFi/Li-Fi-in-Industry-4.0/riot/ProductionTT/bin/arduino-mega2560/atmega_common/irq_arch.o
                0x000000000000222e                irq_disable
 .text.irq_enable
                0x000000000000223a        0xc /home/srivamsimalladi/LiFi/Li-Fi-in-Industry-4.0/riot/ProductionTT/bin/arduino-mega2560/atmega_common/irq_arch.o
                0x000000000000223a                irq_enable
 .text.irq_restore
                0x0000000000002246       0x14 /home/srivamsimalladi/LiFi/Li-Fi-in-Industry-4.0/riot/ProductionTT/bin/arduino-mega2560/atmega_common/irq_arch.o
                0x0000000000002246                irq_restore
 .text.irq_is_in
                0x000000000000225a        0x8 /home/srivamsimalladi/LiFi/Li-Fi-in-Industry-4.0/riot/ProductionTT/bin/arduino-mega2560/atmega_common/irq_arch.o
                0x000000000000225a                irq_is_in
 .text._rx_isr_handler
                0x0000000000002262       0x3a /home/srivamsimalladi/LiFi/Li-Fi-in-Industry-4.0/riot/ProductionTT/bin/arduino-mega2560/atmega_common_periph/uart.o
 .text.uart_init
                0x000000000000229c       0xb4 /home/srivamsimalladi/LiFi/Li-Fi-in-Industry-4.0/riot/ProductionTT/bin/arduino-mega2560/atmega_common_periph/uart.o
                0x000000000000229c                uart_init
 .text.uart_write
                0x0000000000002350       0x46 /home/srivamsimalladi/LiFi/Li-Fi-in-Industry-4.0/riot/ProductionTT/bin/arduino-mega2560/atmega_common_periph/uart.o
                0x0000000000002350                uart_write
 .text.__vector_25
                0x0000000000002396       0x54 /home/srivamsimalladi/LiFi/Li-Fi-in-Industry-4.0/riot/ProductionTT/bin/arduino-mega2560/atmega_common_periph/uart.o
                0x0000000000002396                __vector_25
 .text.__vector_36
                0x00000000000023ea       0x54 /home/srivamsimalladi/LiFi/Li-Fi-in-Industry-4.0/riot/ProductionTT/bin/arduino-mega2560/atmega_common_periph/uart.o
                0x00000000000023ea                __vector_36
 .text.__vector_27
                0x000000000000243e       0x60 /home/srivamsimalladi/LiFi/Li-Fi-in-Industry-4.0/riot/ProductionTT/bin/arduino-mega2560/atmega_common_periph/uart.o
                0x000000000000243e                __vector_27
 .text.__vector_38
                0x000000000000249e       0x60 /home/srivamsimalladi/LiFi/Li-Fi-in-Industry-4.0/riot/ProductionTT/bin/arduino-mega2560/atmega_common_periph/uart.o
                0x000000000000249e                __vector_38
 .text.atmega_port_addr
                0x00000000000024fe       0x1c /home/srivamsimalladi/LiFi/Li-Fi-in-Industry-4.0/riot/ProductionTT/bin/arduino-mega2560/atmega_common_periph/gpio.o
 .text.gpio_init
                0x000000000000251a       0x6a /home/srivamsimalladi/LiFi/Li-Fi-in-Industry-4.0/riot/ProductionTT/bin/arduino-mega2560/atmega_common_periph/gpio.o
                0x000000000000251a                gpio_init
 .text.gpio_read
                0x0000000000002584       0x28 /home/srivamsimalladi/LiFi/Li-Fi-in-Industry-4.0/riot/ProductionTT/bin/arduino-mega2560/atmega_common_periph/gpio.o
                0x0000000000002584                gpio_read
 .text.gpio_set
                0x00000000000025ac       0x22 /home/srivamsimalladi/LiFi/Li-Fi-in-Industry-4.0/riot/ProductionTT/bin/arduino-mega2560/atmega_common_periph/gpio.o
                0x00000000000025ac                gpio_set
 .text.gpio_clear
                0x00000000000025ce       0x28 /home/srivamsimalladi/LiFi/Li-Fi-in-Industry-4.0/riot/ProductionTT/bin/arduino-mega2560/atmega_common_periph/gpio.o
                0x00000000000025ce                gpio_clear
 .text.gpio_write
                0x00000000000025f6        0xc /home/srivamsimalladi/LiFi/Li-Fi-in-Industry-4.0/riot/ProductionTT/bin/arduino-mega2560/atmega_common_periph/gpio.o
                0x00000000000025f6                gpio_write
 .text.spi_init_pins
                0x0000000000002602        0x8 /home/srivamsimalladi/LiFi/Li-Fi-in-Industry-4.0/riot/ProductionTT/bin/arduino-mega2560/atmega_common_periph/spi.o
                0x0000000000002602                spi_init_pins
 .text.spi_init
                0x000000000000260a       0x20 /home/srivamsimalladi/LiFi/Li-Fi-in-Industry-4.0/riot/ProductionTT/bin/arduino-mega2560/atmega_common_periph/spi.o
                0x000000000000260a                spi_init
 .text.spi_acquire
                0x000000000000262a       0x3c /home/srivamsimalladi/LiFi/Li-Fi-in-Industry-4.0/riot/ProductionTT/bin/arduino-mega2560/atmega_common_periph/spi.o
                0x000000000000262a                spi_acquire
 .text.spi_release
                0x0000000000002666       0x18 /home/srivamsimalladi/LiFi/Li-Fi-in-Industry-4.0/riot/ProductionTT/bin/arduino-mega2560/atmega_common_periph/spi.o
                0x0000000000002666                spi_release
 .text.spi_transfer_bytes
                0x000000000000267e       0x96 /home/srivamsimalladi/LiFi/Li-Fi-in-Industry-4.0/riot/ProductionTT/bin/arduino-mega2560/atmega_common_periph/spi.o
                0x000000000000267e                spi_transfer_bytes
 .text._isr     0x0000000000002714       0x52 /home/srivamsimalladi/LiFi/Li-Fi-in-Industry-4.0/riot/ProductionTT/bin/arduino-mega2560/atmega_common_periph/timer.o
 .text.timer_init
                0x0000000000002766       0xa8 /home/srivamsimalladi/LiFi/Li-Fi-in-Industry-4.0/riot/ProductionTT/bin/arduino-mega2560/atmega_common_periph/timer.o
                0x0000000000002766                timer_init
 .text.timer_set_absolute
                0x000000000000280e       0x62 /home/srivamsimalladi/LiFi/Li-Fi-in-Industry-4.0/riot/ProductionTT/bin/arduino-mega2560/atmega_common_periph/timer.o
                0x000000000000280e                timer_set_absolute
 .text.timer_read
                0x0000000000002870       0x20 /home/srivamsimalladi/LiFi/Li-Fi-in-Industry-4.0/riot/ProductionTT/bin/arduino-mega2560/atmega_common_periph/timer.o
                0x0000000000002870                timer_read
 .text.__vector_17
                0x0000000000002890       0x58 /home/srivamsimalladi/LiFi/Li-Fi-in-Industry-4.0/riot/ProductionTT/bin/arduino-mega2560/atmega_common_periph/timer.o
                0x0000000000002890                __vector_17
 .text.__vector_18
                0x00000000000028e8       0x58 /home/srivamsimalladi/LiFi/Li-Fi-in-Industry-4.0/riot/ProductionTT/bin/arduino-mega2560/atmega_common_periph/timer.o
                0x00000000000028e8                __vector_18
 .text.__vector_19
                0x0000000000002940       0x58 /home/srivamsimalladi/LiFi/Li-Fi-in-Industry-4.0/riot/ProductionTT/bin/arduino-mega2560/atmega_common_periph/timer.o
                0x0000000000002940                __vector_19
 .text.__vector_42
                0x0000000000002998       0x58 /home/srivamsimalladi/LiFi/Li-Fi-in-Industry-4.0/riot/ProductionTT/bin/arduino-mega2560/atmega_common_periph/timer.o
                0x0000000000002998                __vector_42
 .text.__vector_43
                0x00000000000029f0       0x58 /home/srivamsimalladi/LiFi/Li-Fi-in-Industry-4.0/riot/ProductionTT/bin/arduino-mega2560/atmega_common_periph/timer.o
                0x00000000000029f0                __vector_43
 .text.__vector_44
                0x0000000000002a48       0x58 /home/srivamsimalladi/LiFi/Li-Fi-in-Industry-4.0/riot/ProductionTT/bin/arduino-mega2560/atmega_common_periph/timer.o
                0x0000000000002a48                __vector_44
 .text._prep    0x0000000000002aa0       0x18 /home/srivamsimalladi/LiFi/Li-Fi-in-Industry-4.0/riot/ProductionTT/bin/arduino-mega2560/atmega_common_periph/adc.o
 .text.adc_init
                0x0000000000002ab8      0x11e /home/srivamsimalladi/LiFi/Li-Fi-in-Industry-4.0/riot/ProductionTT/bin/arduino-mega2560/atmega_common_periph/adc.o
                0x0000000000002ab8                adc_init
 .text.adc_sample
                0x0000000000002bd6       0x98 /home/srivamsimalladi/LiFi/Li-Fi-in-Industry-4.0/riot/ProductionTT/bin/arduino-mega2560/atmega_common_periph/adc.o
                0x0000000000002bd6                adc_sample
 .text.board_init
                0x0000000000002c6e       0x16 /home/srivamsimalladi/LiFi/Li-Fi-in-Industry-4.0/riot/ProductionTT/bin/arduino-mega2560/boards_common_atmega/board.o
                0x0000000000002c6e                board_init
 .text._mutex_lock
                0x0000000000002c84       0x8a /home/srivamsimalladi/LiFi/Li-Fi-in-Industry-4.0/riot/ProductionTT/bin/arduino-mega2560/core/mutex.o
                0x0000000000002c84                _mutex_lock
 .text.mutex_unlock
                0x0000000000002d0e       0x82 /home/srivamsimalladi/LiFi/Li-Fi-in-Industry-4.0/riot/ProductionTT/bin/arduino-mega2560/core/mutex.o
                0x0000000000002d0e                mutex_unlock
 .text.sched_run
                0x0000000000002d90       0x7e /home/srivamsimalladi/LiFi/Li-Fi-in-Industry-4.0/riot/ProductionTT/bin/arduino-mega2560/core/sched.o
                0x0000000000002d90                sched_run
 .text.sched_set_status
                0x0000000000002e0e      0x122 /home/srivamsimalladi/LiFi/Li-Fi-in-Industry-4.0/riot/ProductionTT/bin/arduino-mega2560/core/sched.o
                0x0000000000002e0e                sched_set_status
 .text.sched_switch
                0x0000000000002f30       0x34 /home/srivamsimalladi/LiFi/Li-Fi-in-Industry-4.0/riot/ProductionTT/bin/arduino-mega2560/core/sched.o
                0x0000000000002f30                sched_switch
 .text.sched_task_exit
                0x0000000000002f64       0x44 /home/srivamsimalladi/LiFi/Li-Fi-in-Industry-4.0/riot/ProductionTT/bin/arduino-mega2560/core/sched.o
                0x0000000000002f64                sched_task_exit
 .text._lock    0x0000000000002fa8       0x82 /home/srivamsimalladi/LiFi/Li-Fi-in-Industry-4.0/riot/ProductionTT/bin/arduino-mega2560/core/rmutex.o
 .text.rmutex_lock
                0x000000000000302a        0x8 /home/srivamsimalladi/LiFi/Li-Fi-in-Industry-4.0/riot/ProductionTT/bin/arduino-mega2560/core/rmutex.o
                0x000000000000302a                rmutex_lock
 .text.rmutex_unlock
                0x0000000000003032       0x6a /home/srivamsimalladi/LiFi/Li-Fi-in-Industry-4.0/riot/ProductionTT/bin/arduino-mega2560/core/rmutex.o
                0x0000000000003032                rmutex_unlock
 .text.__atomic_load_2
                0x000000000000309c       0x1c /home/srivamsimalladi/LiFi/Li-Fi-in-Industry-4.0/riot/ProductionTT/bin/arduino-mega2560/core/atomic_c11.o
                0x000000000000309c                __atomic_load_2
 .text.__atomic_store_2
                0x00000000000030b8       0x20 /home/srivamsimalladi/LiFi/Li-Fi-in-Industry-4.0/riot/ProductionTT/bin/arduino-mega2560/core/atomic_c11.o
                0x00000000000030b8                __atomic_store_2
 .text.thread_add_to_list
                0x00000000000030d8       0x42 /home/srivamsimalladi/LiFi/Li-Fi-in-Industry-4.0/riot/ProductionTT/bin/arduino-mega2560/core/thread.o
                0x00000000000030d8                thread_add_to_list
 .text.thread_create
                0x000000000000311a      0x17c /home/srivamsimalladi/LiFi/Li-Fi-in-Industry-4.0/riot/ProductionTT/bin/arduino-mega2560/core/thread.o
                0x000000000000311a                thread_create
 .text.main_trampoline
                0x0000000000003296       0x1e /home/srivamsimalladi/LiFi/Li-Fi-in-Industry-4.0/riot/ProductionTT/bin/arduino-mega2560/core/init.o
 .text.idle_thread
                0x00000000000032b4        0x6 /home/srivamsimalladi/LiFi/Li-Fi-in-Industry-4.0/riot/ProductionTT/bin/arduino-mega2560/core/init.o
 .text.kernel_init
                0x00000000000032ba       0x48 /home/srivamsimalladi/LiFi/Li-Fi-in-Industry-4.0/riot/ProductionTT/bin/arduino-mega2560/core/init.o
                0x00000000000032ba                kernel_init
 .text.panic_arch
                0x0000000000003302        0x2 /home/srivamsimalladi/LiFi/Li-Fi-in-Industry-4.0/riot/ProductionTT/bin/arduino-mega2560/core/panic.o
                0x0000000000003302                panic_arch
 .text.core_panic
                0x0000000000003304       0x76 /home/srivamsimalladi/LiFi/Li-Fi-in-Industry-4.0/riot/ProductionTT/bin/arduino-mega2560/core/panic.o
                0x0000000000003304                core_panic
 .text._add_timer_to_list
                0x000000000000337a       0xe6 /home/srivamsimalladi/LiFi/Li-Fi-in-Industry-4.0/riot/ProductionTT/bin/arduino-mega2560/xtimer/xtimer_core.o
 .text._remove_timer_from_list
                0x0000000000003460       0x2c /home/srivamsimalladi/LiFi/Li-Fi-in-Industry-4.0/riot/ProductionTT/bin/arduino-mega2560/xtimer/xtimer_core.o
 .text._xtimer_now64
                0x000000000000348c      0x102 /home/srivamsimalladi/LiFi/Li-Fi-in-Industry-4.0/riot/ProductionTT/bin/arduino-mega2560/xtimer/xtimer_core.o
 .text._schedule_earliest_lltimer.part.0
                0x000000000000358e       0x66 /home/srivamsimalladi/LiFi/Li-Fi-in-Industry-4.0/riot/ProductionTT/bin/arduino-mega2560/xtimer/xtimer_core.o
 .text._xtimer_now
                0x00000000000035f4        0xa /home/srivamsimalladi/LiFi/Li-Fi-in-Industry-4.0/riot/ProductionTT/bin/arduino-mega2560/xtimer/xtimer_core.o
                0x00000000000035f4                _xtimer_now
 .text.xtimer_init
                0x00000000000035fe       0x3a /home/srivamsimalladi/LiFi/Li-Fi-in-Industry-4.0/riot/ProductionTT/bin/arduino-mega2560/xtimer/xtimer_core.o
                0x00000000000035fe                xtimer_init
 .text._periph_timer_callback
                0x0000000000003638      0x39e /home/srivamsimalladi/LiFi/Li-Fi-in-Industry-4.0/riot/ProductionTT/bin/arduino-mega2560/xtimer/xtimer_core.o
 .text.xtimer_remove
                0x00000000000039d6       0x52 /home/srivamsimalladi/LiFi/Li-Fi-in-Industry-4.0/riot/ProductionTT/bin/arduino-mega2560/xtimer/xtimer_core.o
                0x00000000000039d6                xtimer_remove
 .text._xtimer_set64
                0x0000000000003a28      0x16c /home/srivamsimalladi/LiFi/Li-Fi-in-Industry-4.0/riot/ProductionTT/bin/arduino-mega2560/xtimer/xtimer_core.o
                0x0000000000003a28                _xtimer_set64
 .text._callback_unlock_mutex
                0x0000000000003b94        0x4 /home/srivamsimalladi/LiFi/Li-Fi-in-Industry-4.0/riot/ProductionTT/bin/arduino-mega2560/xtimer/xtimer.o
 .text._xtimer_tsleep
                0x0000000000003b98       0xf6 /home/srivamsimalladi/LiFi/Li-Fi-in-Industry-4.0/riot/ProductionTT/bin/arduino-mega2560/xtimer/xtimer.o
                0x0000000000003b98                _xtimer_tsleep
 .text.pm_off   0x0000000000003c8e        0x6 /home/srivamsimalladi/LiFi/Li-Fi-in-Industry-4.0/riot/ProductionTT/bin/arduino-mega2560/periph_common/pm.o
                0x0000000000003c8e                pm_off
 .text.pm_set_lowest
                0x0000000000003c94        0x2 /home/srivamsimalladi/LiFi/Li-Fi-in-Industry-4.0/riot/ProductionTT/bin/arduino-mega2560/periph_common/pm.o
                0x0000000000003c94                pm_set_lowest
 .text.eeprom_read_byte
                0x0000000000003c96       0x22 /home/srivamsimalladi/LiFi/Li-Fi-in-Industry-4.0/riot/ProductionTT/bin/arduino-mega2560/periph_common/eeprom.o
                0x0000000000003c96                eeprom_read_byte
 .text.cpu_init
                0x0000000000003cb8       0x20 /home/srivamsimalladi/LiFi/Li-Fi-in-Industry-4.0/riot/ProductionTT/bin/arduino-mega2560/atmega_common/cpu.o
                0x0000000000003cb8                cpu_init
 .text.__vector_default
                0x0000000000003cd8       0x16 /home/srivamsimalladi/LiFi/Li-Fi-in-Industry-4.0/riot/ProductionTT/bin/arduino-mega2560/atmega_common/cpu.o
                0x0000000000003cd8                __vector_default
 .text.thread_stack_init
                0x0000000000003cee       0x6a /home/srivamsimalladi/LiFi/Li-Fi-in-Industry-4.0/riot/ProductionTT/bin/arduino-mega2560/atmega_common/thread_arch.o
                0x0000000000003cee                thread_stack_init
 .text.cpu_switch_context_exit
                0x0000000000003d58       0x9a /home/srivamsimalladi/LiFi/Li-Fi-in-Industry-4.0/riot/ProductionTT/bin/arduino-mega2560/atmega_common/thread_arch.o
                0x0000000000003d58                cpu_switch_context_exit
 .text.thread_yield_higher
                0x0000000000003df2       0xdc /home/srivamsimalladi/LiFi/Li-Fi-in-Industry-4.0/riot/ProductionTT/bin/arduino-mega2560/atmega_common/thread_arch.o
                0x0000000000003df2                thread_yield_higher
 .text.atmega_exit_isr
                0x0000000000003ece       0xd6 /home/srivamsimalladi/LiFi/Li-Fi-in-Industry-4.0/riot/ProductionTT/bin/arduino-mega2560/atmega_common/thread_arch.o
                0x0000000000003ece                atmega_exit_isr
 .text.eeprom_read
                0x0000000000003fa4       0x60 /home/srivamsimalladi/LiFi/Li-Fi-in-Industry-4.0/riot/ProductionTT/bin/arduino-mega2560/atmega_common_periph/eeprom.o
                0x0000000000003fa4                eeprom_read
 .text.auto_init
                0x0000000000004004        0x8 /home/srivamsimalladi/LiFi/Li-Fi-in-Industry-4.0/riot/ProductionTT/bin/arduino-mega2560/auto_init/auto_init.o
                0x0000000000004004                auto_init
 .text._uart_getchar
                0x000000000000400c       0x26 /home/srivamsimalladi/LiFi/Li-Fi-in-Industry-4.0/riot/ProductionTT/bin/arduino-mega2560/avr_libc_extra/atmega_stdio.o
 .text._uart_putchar
                0x0000000000004032       0x24 /home/srivamsimalladi/LiFi/Li-Fi-in-Industry-4.0/riot/ProductionTT/bin/arduino-mega2560/avr_libc_extra/atmega_stdio.o
 .text.atmega_stdio_init
                0x0000000000004056       0x20 /home/srivamsimalladi/LiFi/Li-Fi-in-Industry-4.0/riot/ProductionTT/bin/arduino-mega2560/avr_libc_extra/atmega_stdio.o
                0x0000000000004056                atmega_stdio_init
 .text.led_init
                0x0000000000004076        0xc /home/srivamsimalladi/LiFi/Li-Fi-in-Industry-4.0/riot/ProductionTT/bin/arduino-mega2560/boards_common_arduino-atmega/led_init.o
                0x0000000000004076                led_init
 .text.auto_init_random
                0x0000000000004082       0x32 /home/srivamsimalladi/LiFi/Li-Fi-in-Industry-4.0/riot/ProductionTT/bin/arduino-mega2560/random/random.o
                0x0000000000004082                auto_init_random
 .text.random_init
                0x00000000000040b4       0x24 /home/srivamsimalladi/LiFi/Li-Fi-in-Industry-4.0/riot/ProductionTT/bin/arduino-mega2560/random/xorshift.o
                0x00000000000040b4                random_init
 .text.stdio_init
                0x00000000000040d8       0x22 /home/srivamsimalladi/LiFi/Li-Fi-in-Industry-4.0/riot/ProductionTT/bin/arduino-mega2560/stdio_uart/stdio_uart.o
                0x00000000000040d8                stdio_init
 .text.stdio_read
                0x00000000000040fa        0x6 /home/srivamsimalladi/LiFi/Li-Fi-in-Industry-4.0/riot/ProductionTT/bin/arduino-mega2560/stdio_uart/stdio_uart.o
                0x00000000000040fa                stdio_read
 .text.stdio_write
                0x0000000000004100       0x1a /home/srivamsimalladi/LiFi/Li-Fi-in-Industry-4.0/riot/ProductionTT/bin/arduino-mega2560/stdio_uart/stdio_uart.o
                0x0000000000004100                stdio_write
 .text.periph_init
                0x000000000000411a       0x10 /home/srivamsimalladi/LiFi/Li-Fi-in-Industry-4.0/riot/ProductionTT/bin/arduino-mega2560/periph_common/init.o
                0x000000000000411a                periph_init
 .text.i2c_init
                0x000000000000412a       0x54 /home/srivamsimalladi/LiFi/Li-Fi-in-Industry-4.0/riot/ProductionTT/bin/arduino-mega2560/atmega_common_periph/i2c.o
                0x000000000000412a                i2c_init
 .text.luid_base
                0x000000000000417e       0x84 /home/srivamsimalladi/LiFi/Li-Fi-in-Industry-4.0/riot/ProductionTT/bin/arduino-mega2560/luid/luid.o
                0x000000000000417e                luid_base
 .text.luid_get
                0x0000000000004202       0x22 /home/srivamsimalladi/LiFi/Li-Fi-in-Industry-4.0/riot/ProductionTT/bin/arduino-mega2560/luid/luid.o
                0x0000000000004202                luid_get
 .text.cpuid_get
                0x0000000000004224       0x40 /home/srivamsimalladi/LiFi/Li-Fi-in-Industry-4.0/riot/ProductionTT/bin/arduino-mega2560/atmega_common_periph/cpuid.o
                0x0000000000004224                cpuid_get
 .text.libgcc.div
                0x0000000000004264       0x28 /usr/lib/gcc/avr/5.4.0/avr6/libgcc.a(_udivmodhi4.o)
                0x0000000000004264                __udivmodhi4
 .text.libgcc.div
                0x000000000000428c       0x44 /usr/lib/gcc/avr/5.4.0/avr6/libgcc.a(_udivmodsi4.o)
                0x000000000000428c                __udivmodsi4
 .text.libgcc   0x00000000000042d0       0x10 /usr/lib/gcc/avr/5.4.0/avr6/libgcc.a(_tablejump2.o)
                0x00000000000042d0                __tablejump2__
 .text.libgcc.mul
                0x00000000000042e0       0x16 /usr/lib/gcc/avr/5.4.0/avr6/libgcc.a(_muluhisi3.o)
                0x00000000000042e0                __muluhisi3
 .text.libgcc.builtins
                0x00000000000042f6       0x3c /usr/lib/gcc/avr/5.4.0/avr6/libgcc.a(_ashrdi3.o)
                0x00000000000042f6                __ashrdi3
                0x00000000000042fa                __lshrdi3
 .text.libgcc   0x0000000000004332       0x12 /usr/lib/gcc/avr/5.4.0/avr6/libgcc.a(_adddi3.o)
                0x0000000000004332                __adddi3
 .text.libgcc.mul
                0x0000000000004344       0x1e /usr/lib/gcc/avr/5.4.0/avr6/libgcc.a(_umulhisi3.o)
                0x0000000000004344                __umulhisi3
 .text.avr-libc
                0x0000000000004362       0x12 /usr/lib/gcc/avr/5.4.0/../../../avr/lib/avr6/libc.a(memcpy.o)
                0x0000000000004362                memcpy
 .text.avr-libc
                0x0000000000004374        0xe /usr/lib/gcc/avr/5.4.0/../../../avr/lib/avr6/libc.a(memset.o)
                0x0000000000004374                memset
 .text.avr-libc
                0x0000000000004382       0x12 /usr/lib/gcc/avr/5.4.0/../../../avr/lib/avr6/libc.a(strlen.o)
                0x0000000000004382                strlen
 .text.avr-libc
                0x0000000000004394       0x28 /usr/lib/gcc/avr/5.4.0/../../../avr/lib/avr6/libc.a(printf.o)
                0x0000000000004394                printf
 .text.avr-libc
                0x00000000000043bc       0x60 /usr/lib/gcc/avr/5.4.0/../../../avr/lib/avr6/libc.a(puts.o)
                0x00000000000043bc                puts
 .text.avr-libc
                0x000000000000441c       0x5e /usr/lib/gcc/avr/5.4.0/../../../avr/lib/avr6/libc.a(sprintf.o)
                0x000000000000441c                sprintf
 .text.avr-libc
                0x000000000000447a      0x414 /usr/lib/gcc/avr/5.4.0/../../../avr/lib/avr6/libc.a(vfprintf_std.o)
                0x000000000000447a                vfprintf
 .text.avr-libc
                0x000000000000488e       0x16 /usr/lib/gcc/avr/5.4.0/../../../avr/lib/avr6/libc.a(strnlen_P.o)
                0x000000000000488e                strnlen_P
 .text.avr-libc
                0x00000000000048a4       0x16 /usr/lib/gcc/avr/5.4.0/../../../avr/lib/avr6/libc.a(strnlen.o)
                0x00000000000048a4                strnlen
 .text.avr-libc
                0x00000000000048ba       0x78 /usr/lib/gcc/avr/5.4.0/../../../avr/lib/avr6/libc.a(fputc.o)
                0x00000000000048ba                fputc
 .text.avr-libc
                0x0000000000004932       0xbc /usr/lib/gcc/avr/5.4.0/../../../avr/lib/avr6/libc.a(ultoa_invert.o)
                0x0000000000004932                __ultoa_invert
                0x00000000000049ee                . = ALIGN (0x2)
 *(.fini9)
 .fini9         0x00000000000049ee        0x0 /usr/lib/gcc/avr/5.4.0/avr6/libgcc.a(_exit.o)
                0x00000000000049ee                exit
                0x00000000000049ee                _exit
 *(.fini9)
 *(.fini8)
 *(.fini8)
 *(.fini7)
 *(.fini7)
 *(.fini6)
 *(.fini6)
 *(.fini5)
 *(.fini5)
 *(.fini4)
 *(.fini4)
 *(.fini3)
 *(.fini3)
 *(.fini2)
 *(.fini2)
 *(.fini1)
 *(.fini1)
 *(.fini0)
 .fini0         0x00000000000049ee        0x4 /usr/lib/gcc/avr/5.4.0/avr6/libgcc.a(_exit.o)
 *(.fini0)
                0x00000000000049f2                _etext = .

.data           0x0000000000800200      0x458 load address 0x00000000000049f2
                0x0000000000800200                PROVIDE (__data_start, .)
 *(.data)
 .data          0x0000000000800200        0x6 /usr/lib/gcc/avr/5.4.0/../../../avr/lib/avr6/libc.a(malloc.o)
                0x0000000000800200                __malloc_heap_end
                0x0000000000800202                __malloc_heap_start
                0x0000000000800204                __malloc_margin
 *(.data*)
 .data.conveyor
                0x0000000000800206        0x3 /home/srivamsimalladi/LiFi/Li-Fi-in-Industry-4.0/riot/ProductionTT/bin/arduino-mega2560/application_master/main.o
                0x0000000000800206                conveyor
 .data.sink3    0x0000000000800209        0x3 /home/srivamsimalladi/LiFi/Li-Fi-in-Industry-4.0/riot/ProductionTT/bin/arduino-mega2560/application_master/main.o
                0x0000000000800209                sink3
 .data.sink2    0x000000000080020c        0x3 /home/srivamsimalladi/LiFi/Li-Fi-in-Industry-4.0/riot/ProductionTT/bin/arduino-mega2560/application_master/main.o
                0x000000000080020c                sink2
 .data.sink1    0x000000000080020f        0x3 /home/srivamsimalladi/LiFi/Li-Fi-in-Industry-4.0/riot/ProductionTT/bin/arduino-mega2560/application_master/main.o
                0x000000000080020f                sink1
 .data.control_info
                0x0000000000800212        0x1 /home/srivamsimalladi/LiFi/Li-Fi-in-Industry-4.0/riot/ProductionTT/bin/arduino-mega2560/application_master/main.o
                0x0000000000800212                control_info
 .data.message_received_on
                0x0000000000800213        0x2 /home/srivamsimalladi/LiFi/Li-Fi-in-Industry-4.0/riot/ProductionTT/bin/arduino-mega2560/application_master/main.o
                0x0000000000800213                message_received_on
 .data.ctx      0x0000000000800215       0x18 /home/srivamsimalladi/LiFi/Li-Fi-in-Industry-4.0/riot/ProductionTT/bin/arduino-mega2560/atmega_common_periph/timer.o
 .data._uart_stdin
                0x000000000080022d        0xe /home/srivamsimalladi/LiFi/Li-Fi-in-Industry-4.0/riot/ProductionTT/bin/arduino-mega2560/avr_libc_extra/atmega_stdio.o
 .data._uart_stdout
                0x000000000080023b        0xe /home/srivamsimalladi/LiFi/Li-Fi-in-Industry-4.0/riot/ProductionTT/bin/arduino-mega2560/avr_libc_extra/atmega_stdio.o
 *(.rodata)
 *(.rodata*)
 .rodata.str1.1
                0x0000000000800249       0xc6 /home/srivamsimalladi/LiFi/Li-Fi-in-Industry-4.0/riot/ProductionTT/bin/arduino-mega2560/application_master/main.o
 .rodata._ZTV7MFRC522
                0x000000000080030f        0xa /home/srivamsimalladi/LiFi/Li-Fi-in-Industry-4.0/riot/ProductionTT/bin/arduino-mega2560/application_master/MFRC522.o
                0x000000000080030f                _ZTV7MFRC522
 .rodata._ZL9crc_table
                0x0000000000800319      0x200 /home/srivamsimalladi/LiFi/Li-Fi-in-Industry-4.0/riot/ProductionTT/bin/arduino-mega2560/LiFi_module/crc16_ccitt.o
 .rodata._ZL14arduino_pinmap
                0x0000000000800519       0x46 /home/srivamsimalladi/LiFi/Li-Fi-in-Industry-4.0/riot/ProductionTT/bin/arduino-mega2560/arduino/base.o
 .rodata.str1.1
                0x000000000080055f       0x18 /home/srivamsimalladi/LiFi/Li-Fi-in-Industry-4.0/riot/ProductionTT/bin/arduino-mega2560/arduino/serialport.o
 .rodata._ZZN11SPISettingsC4EmhhE6clocks
                0x0000000000800577        0x4 /home/srivamsimalladi/LiFi/Li-Fi-in-Industry-4.0/riot/ProductionTT/bin/arduino-mega2560/arduino/SPI.o
 .rodata.dev    0x000000000080057b        0x4 /home/srivamsimalladi/LiFi/Li-Fi-in-Industry-4.0/riot/ProductionTT/bin/arduino-mega2560/atmega_common_periph/uart.o
 .rodata.prescalers
                0x000000000080057f        0x5 /home/srivamsimalladi/LiFi/Li-Fi-in-Industry-4.0/riot/ProductionTT/bin/arduino-mega2560/atmega_common_periph/timer.o
 .rodata.str1.1
                0x0000000000800584       0x7f /home/srivamsimalladi/LiFi/Li-Fi-in-Industry-4.0/riot/ProductionTT/bin/arduino-mega2560/core/init.o
 .rodata.str1.1
                0x0000000000800603       0x41 /home/srivamsimalladi/LiFi/Li-Fi-in-Industry-4.0/riot/ProductionTT/bin/arduino-mega2560/core/panic.o
 .rodata.assert_crash_message
                0x0000000000800644       0x12 /home/srivamsimalladi/LiFi/Li-Fi-in-Industry-4.0/riot/ProductionTT/bin/arduino-mega2560/core/panic.o
                0x0000000000800644                assert_crash_message
 .rodata.str1.1
                0x0000000000800656        0x2 /home/srivamsimalladi/LiFi/Li-Fi-in-Industry-4.0/riot/ProductionTT/bin/arduino-mega2560/avr_libc_extra/atmega_stdio.o
 *(.gnu.linkonce.d*)
                0x0000000000800658                . = ALIGN (0x2)
                0x0000000000800658                _edata = .
                0x0000000000800658                PROVIDE (__data_end, .)

.bss            0x0000000000800658     0x18cc
                0x0000000000800658                PROVIDE (__bss_start, .)
 *(.bss)
 *(.bss*)
 .bss._ZL6Serial
                0x0000000000800658       0x4a /home/srivamsimalladi/LiFi/Li-Fi-in-Industry-4.0/riot/ProductionTT/bin/arduino-mega2560/application_master/_sketches.o
 .bss.lifi4     0x00000000008006a2       0x55 /home/srivamsimalladi/LiFi/Li-Fi-in-Industry-4.0/riot/ProductionTT/bin/arduino-mega2560/application_master/main.o
                0x00000000008006a2                lifi4
 .bss.lifi3     0x00000000008006f7       0x55 /home/srivamsimalladi/LiFi/Li-Fi-in-Industry-4.0/riot/ProductionTT/bin/arduino-mega2560/application_master/main.o
                0x00000000008006f7                lifi3
 .bss.lifi2     0x000000000080074c       0x55 /home/srivamsimalladi/LiFi/Li-Fi-in-Industry-4.0/riot/ProductionTT/bin/arduino-mega2560/application_master/main.o
                0x000000000080074c                lifi2
 .bss.lifi1     0x00000000008007a1       0x55 /home/srivamsimalladi/LiFi/Li-Fi-in-Industry-4.0/riot/ProductionTT/bin/arduino-mega2560/application_master/main.o
                0x00000000008007a1                lifi1
 .bss._ZL9rx_stack4
                0x00000000008007f6      0x200 /home/srivamsimalladi/LiFi/Li-Fi-in-Industry-4.0/riot/ProductionTT/bin/arduino-mega2560/application_master/main.o
 .bss._ZL9tx_stack4
                0x00000000008009f6      0x200 /home/srivamsimalladi/LiFi/Li-Fi-in-Industry-4.0/riot/ProductionTT/bin/arduino-mega2560/application_master/main.o
 .bss._ZL9rx_stack3
                0x0000000000800bf6      0x200 /home/srivamsimalladi/LiFi/Li-Fi-in-Industry-4.0/riot/ProductionTT/bin/arduino-mega2560/application_master/main.o
 .bss._ZL9tx_stack3
                0x0000000000800df6      0x200 /home/srivamsimalladi/LiFi/Li-Fi-in-Industry-4.0/riot/ProductionTT/bin/arduino-mega2560/application_master/main.o
 .bss._ZL9rx_stack2
                0x0000000000800ff6      0x200 /home/srivamsimalladi/LiFi/Li-Fi-in-Industry-4.0/riot/ProductionTT/bin/arduino-mega2560/application_master/main.o
 .bss._ZL9tx_stack2
                0x00000000008011f6      0x200 /home/srivamsimalladi/LiFi/Li-Fi-in-Industry-4.0/riot/ProductionTT/bin/arduino-mega2560/application_master/main.o
 .bss._ZL9rx_stack1
                0x00000000008013f6      0x200 /home/srivamsimalladi/LiFi/Li-Fi-in-Industry-4.0/riot/ProductionTT/bin/arduino-mega2560/application_master/main.o
 .bss._ZL9tx_stack1
                0x00000000008015f6      0x200 /home/srivamsimalladi/LiFi/Li-Fi-in-Industry-4.0/riot/ProductionTT/bin/arduino-mega2560/application_master/main.o
 .bss.control_data
                0x00000000008017f6       0xff /home/srivamsimalladi/LiFi/Li-Fi-in-Industry-4.0/riot/ProductionTT/bin/arduino-mega2560/application_master/main.o
                0x00000000008017f6                control_data
 .bss.device_id
                0x00000000008018f5        0x1 /home/srivamsimalladi/LiFi/Li-Fi-in-Industry-4.0/riot/ProductionTT/bin/arduino-mega2560/application_master/main.o
                0x00000000008018f5                device_id
 .bss.state2    0x00000000008018f6        0x2 /home/srivamsimalladi/LiFi/Li-Fi-in-Industry-4.0/riot/ProductionTT/bin/arduino-mega2560/application_master/main.o
                0x00000000008018f6                state2
 .bss.mfrc522   0x00000000008018f8       0x10 /home/srivamsimalladi/LiFi/Li-Fi-in-Industry-4.0/riot/ProductionTT/bin/arduino-mega2560/application_master/main.o
                0x00000000008018f8                mfrc522
 .bss._ZL6Serial
                0x0000000000801908       0x4a /home/srivamsimalladi/LiFi/Li-Fi-in-Industry-4.0/riot/ProductionTT/bin/arduino-mega2560/application_master/main.o
 .bss._ZL6Serial
                0x0000000000801952       0x4a /home/srivamsimalladi/LiFi/Li-Fi-in-Industry-4.0/riot/ProductionTT/bin/arduino-mega2560/application_master/MFRC522.o
 .bss._ZL6Serial
                0x000000000080199c       0x4a /home/srivamsimalladi/LiFi/Li-Fi-in-Industry-4.0/riot/ProductionTT/bin/arduino-mega2560/LiFi_module/PLiFi.o
 .bss.debug_str_pos
                0x00000000008019e6        0x1 /home/srivamsimalladi/LiFi/Li-Fi-in-Industry-4.0/riot/ProductionTT/bin/arduino-mega2560/LiFi_module/LiFi.o
                0x00000000008019e6                debug_str_pos
 .bss.debug_str_buf
                0x00000000008019e7      0x100 /home/srivamsimalladi/LiFi/Li-Fi-in-Industry-4.0/riot/ProductionTT/bin/arduino-mega2560/LiFi_module/LiFi.o
                0x00000000008019e7                debug_str_buf
 .bss._ZL6Serial
                0x0000000000801ae7       0x4a /home/srivamsimalladi/LiFi/Li-Fi-in-Industry-4.0/riot/ProductionTT/bin/arduino-mega2560/LiFi_module/LiFi.o
 .bss._ZL6Serial
                0x0000000000801b31       0x4a /home/srivamsimalladi/LiFi/Li-Fi-in-Industry-4.0/riot/ProductionTT/bin/arduino-mega2560/arduino/base.o
 .bss.SPI       0x0000000000801b7b        0xb /home/srivamsimalladi/LiFi/Li-Fi-in-Industry-4.0/riot/ProductionTT/bin/arduino-mega2560/arduino/SPI.o
                0x0000000000801b7b                SPI
 .bss.atmega_in_isr
                0x0000000000801b86        0x1 /home/srivamsimalladi/LiFi/Li-Fi-in-Industry-4.0/riot/ProductionTT/bin/arduino-mega2560/atmega_common/irq_arch.o
                0x0000000000801b86                atmega_in_isr
 .bss._tx_pending
                0x0000000000801b87        0x1 /home/srivamsimalladi/LiFi/Li-Fi-in-Industry-4.0/riot/ProductionTT/bin/arduino-mega2560/atmega_common_periph/uart.o
 .bss.isr_ctx   0x0000000000801b88        0x8 /home/srivamsimalladi/LiFi/Li-Fi-in-Industry-4.0/riot/ProductionTT/bin/arduino-mega2560/atmega_common_periph/uart.o
 .bss.lock      0x0000000000801b90        0x2 /home/srivamsimalladi/LiFi/Li-Fi-in-Industry-4.0/riot/ProductionTT/bin/arduino-mega2560/atmega_common_periph/spi.o
 .bss.lock      0x0000000000801b92        0x2 /home/srivamsimalladi/LiFi/Li-Fi-in-Industry-4.0/riot/ProductionTT/bin/arduino-mega2560/atmega_common_periph/adc.o
 .bss.runqueue_bitcache
                0x0000000000801b94        0x4 /home/srivamsimalladi/LiFi/Li-Fi-in-Industry-4.0/riot/ProductionTT/bin/arduino-mega2560/core/sched.o
 .bss.sched_runqueues
                0x0000000000801b98       0x20 /home/srivamsimalladi/LiFi/Li-Fi-in-Industry-4.0/riot/ProductionTT/bin/arduino-mega2560/core/sched.o
                0x0000000000801b98                sched_runqueues
 .bss.sched_active_pid
                0x0000000000801bb8        0x2 /home/srivamsimalladi/LiFi/Li-Fi-in-Industry-4.0/riot/ProductionTT/bin/arduino-mega2560/core/sched.o
                0x0000000000801bb8                sched_active_pid
 .bss.sched_active_thread
                0x0000000000801bba        0x2 /home/srivamsimalladi/LiFi/Li-Fi-in-Industry-4.0/riot/ProductionTT/bin/arduino-mega2560/core/sched.o
                0x0000000000801bba                sched_active_thread
 .bss.sched_threads
                0x0000000000801bbc       0x42 /home/srivamsimalladi/LiFi/Li-Fi-in-Industry-4.0/riot/ProductionTT/bin/arduino-mega2560/core/sched.o
                0x0000000000801bbc                sched_threads
 .bss.sched_context_switch_request
                0x0000000000801bfe        0x2 /home/srivamsimalladi/LiFi/Li-Fi-in-Industry-4.0/riot/ProductionTT/bin/arduino-mega2560/core/sched.o
                0x0000000000801bfe                sched_context_switch_request
 .bss.sched_num_threads
                0x0000000000801c00        0x2 /home/srivamsimalladi/LiFi/Li-Fi-in-Industry-4.0/riot/ProductionTT/bin/arduino-mega2560/core/sched.o
                0x0000000000801c00                sched_num_threads
 .bss.idle_stack
                0x0000000000801c02       0x80 /home/srivamsimalladi/LiFi/Li-Fi-in-Industry-4.0/riot/ProductionTT/bin/arduino-mega2560/core/init.o
 .bss.main_stack
                0x0000000000801c82      0x280 /home/srivamsimalladi/LiFi/Li-Fi-in-Industry-4.0/riot/ProductionTT/bin/arduino-mega2560/core/init.o
 .bss.crashed   0x0000000000801f02        0x2 /home/srivamsimalladi/LiFi/Li-Fi-in-Industry-4.0/riot/ProductionTT/bin/arduino-mega2560/core/panic.o
 .bss._lltimer_ongoing
                0x0000000000801f04        0x1 /home/srivamsimalladi/LiFi/Li-Fi-in-Industry-4.0/riot/ProductionTT/bin/arduino-mega2560/xtimer/xtimer_core.o
 .bss.long_list_head
                0x0000000000801f05        0x2 /home/srivamsimalladi/LiFi/Li-Fi-in-Industry-4.0/riot/ProductionTT/bin/arduino-mega2560/xtimer/xtimer_core.o
 .bss.timer_list_head
                0x0000000000801f07        0x2 /home/srivamsimalladi/LiFi/Li-Fi-in-Industry-4.0/riot/ProductionTT/bin/arduino-mega2560/xtimer/xtimer_core.o
 .bss._xtimer_current_time
                0x0000000000801f09        0x8 /home/srivamsimalladi/LiFi/Li-Fi-in-Industry-4.0/riot/ProductionTT/bin/arduino-mega2560/xtimer/xtimer_core.o
                0x0000000000801f09                _xtimer_current_time
 .bss._in_handler
                0x0000000000801f11        0x2 /home/srivamsimalladi/LiFi/Li-Fi-in-Industry-4.0/riot/ProductionTT/bin/arduino-mega2560/xtimer/xtimer_core.o
 .bss._state32  0x0000000000801f13        0x4 /home/srivamsimalladi/LiFi/Li-Fi-in-Industry-4.0/riot/ProductionTT/bin/arduino-mega2560/random/xorshift.o
 .bss.locks     0x0000000000801f17        0x2 /home/srivamsimalladi/LiFi/Li-Fi-in-Industry-4.0/riot/ProductionTT/bin/arduino-mega2560/atmega_common_periph/i2c.o
 .bss.lastused  0x0000000000801f19        0x1 /home/srivamsimalladi/LiFi/Li-Fi-in-Industry-4.0/riot/ProductionTT/bin/arduino-mega2560/luid/luid.o
 *(COMMON)
 COMMON         0x0000000000801f1a        0x4 /usr/lib/gcc/avr/5.4.0/../../../avr/lib/avr6/libc.a(malloc.o)
                0x0000000000801f1a                __brkval
                0x0000000000801f1c                __flp
 COMMON         0x0000000000801f1e        0x6 /usr/lib/gcc/avr/5.4.0/../../../avr/lib/avr6/libc.a(iob.o)
                0x0000000000801f1e                __iob
                0x0000000000801f24                PROVIDE (__bss_end, .)
                0x00000000000049f2                __data_load_start = LOADADDR (.data)
                0x0000000000004e4a                __data_load_end = (__data_load_start + SIZEOF (.data))

.noinit         0x0000000000801f24        0x2
                [!provide]                        PROVIDE (__noinit_start, .)
 *(.noinit*)
 .noinit        0x0000000000801f24        0x2 /home/srivamsimalladi/LiFi/Li-Fi-in-Industry-4.0/riot/ProductionTT/bin/arduino-mega2560/atmega_common/cpu.o
                0x0000000000801f24                soft_rst
                0x0000000000801f25                mcusr_mirror
                [!provide]                        PROVIDE (__noinit_end, .)
                0x0000000000801f26                _end = .
                0x0000000000801f26                PROVIDE (__heap_start, .)

.eeprom         0x0000000000810000        0x0
 *(.eeprom*)
                0x0000000000810000                __eeprom_end = .

.fuse
 *(.fuse)
 *(.lfuse)
 *(.hfuse)
 *(.efuse)

.lock
 *(.lock*)

.signature
 *(.signature*)

.user_signatures
 *(.user_signatures*)

.stab
 *(.stab)

.stabstr
 *(.stabstr)

.stab.excl
 *(.stab.excl)

.stab.exclstr
 *(.stab.exclstr)

.stab.index
 *(.stab.index)

.stab.indexstr
 *(.stab.indexstr)

.comment        0x0000000000000000       0x11
 *(.comment)
 .comment       0x0000000000000000       0x11 /home/srivamsimalladi/LiFi/Li-Fi-in-Industry-4.0/riot/ProductionTT/bin/arduino-mega2560/atmega_common/startup.o
                                         0x12 (size before relaxing)
 .comment       0x0000000000000011       0x12 /home/srivamsimalladi/LiFi/Li-Fi-in-Industry-4.0/riot/ProductionTT/bin/arduino-mega2560/application_master/_sketches.o
 .comment       0x0000000000000011       0x12 /home/srivamsimalladi/LiFi/Li-Fi-in-Industry-4.0/riot/ProductionTT/bin/arduino-mega2560/application_master/main.o
 .comment       0x0000000000000011       0x12 /home/srivamsimalladi/LiFi/Li-Fi-in-Industry-4.0/riot/ProductionTT/bin/arduino-mega2560/application_master/MFRC522.o
 .comment       0x0000000000000011       0x12 /home/srivamsimalladi/LiFi/Li-Fi-in-Industry-4.0/riot/ProductionTT/bin/arduino-mega2560/LiFi_module/PLiFi.o
 .comment       0x0000000000000011       0x12 /home/srivamsimalladi/LiFi/Li-Fi-in-Industry-4.0/riot/ProductionTT/bin/arduino-mega2560/LiFi_module/LiFi.o
 .comment       0x0000000000000011       0x12 /home/srivamsimalladi/LiFi/Li-Fi-in-Industry-4.0/riot/ProductionTT/bin/arduino-mega2560/LiFi_module/crc16_ccitt.o
 .comment       0x0000000000000011       0x12 /home/srivamsimalladi/LiFi/Li-Fi-in-Industry-4.0/riot/ProductionTT/bin/arduino-mega2560/arduino/base.o
 .comment       0x0000000000000011       0x12 /home/srivamsimalladi/LiFi/Li-Fi-in-Industry-4.0/riot/ProductionTT/bin/arduino-mega2560/arduino/serialport.o
 .comment       0x0000000000000011       0x12 /home/srivamsimalladi/LiFi/Li-Fi-in-Industry-4.0/riot/ProductionTT/bin/arduino-mega2560/arduino/SPI.o
 .comment       0x0000000000000011       0x12 /home/srivamsimalladi/LiFi/Li-Fi-in-Industry-4.0/riot/ProductionTT/bin/arduino-mega2560/atmega_common/irq_arch.o
 .comment       0x0000000000000011       0x12 /home/srivamsimalladi/LiFi/Li-Fi-in-Industry-4.0/riot/ProductionTT/bin/arduino-mega2560/atmega_common_periph/uart.o
 .comment       0x0000000000000011       0x12 /home/srivamsimalladi/LiFi/Li-Fi-in-Industry-4.0/riot/ProductionTT/bin/arduino-mega2560/atmega_common_periph/gpio.o
 .comment       0x0000000000000011       0x12 /home/srivamsimalladi/LiFi/Li-Fi-in-Industry-4.0/riot/ProductionTT/bin/arduino-mega2560/atmega_common_periph/spi.o
 .comment       0x0000000000000011       0x12 /home/srivamsimalladi/LiFi/Li-Fi-in-Industry-4.0/riot/ProductionTT/bin/arduino-mega2560/atmega_common_periph/timer.o
 .comment       0x0000000000000011       0x12 /home/srivamsimalladi/LiFi/Li-Fi-in-Industry-4.0/riot/ProductionTT/bin/arduino-mega2560/atmega_common_periph/adc.o
 .comment       0x0000000000000011       0x12 /home/srivamsimalladi/LiFi/Li-Fi-in-Industry-4.0/riot/ProductionTT/bin/arduino-mega2560/boards_common_atmega/board.o
 .comment       0x0000000000000011       0x12 /home/srivamsimalladi/LiFi/Li-Fi-in-Industry-4.0/riot/ProductionTT/bin/arduino-mega2560/core/mutex.o
 .comment       0x0000000000000011       0x12 /home/srivamsimalladi/LiFi/Li-Fi-in-Industry-4.0/riot/ProductionTT/bin/arduino-mega2560/core/sched.o
 .comment       0x0000000000000011       0x12 /home/srivamsimalladi/LiFi/Li-Fi-in-Industry-4.0/riot/ProductionTT/bin/arduino-mega2560/core/rmutex.o
 .comment       0x0000000000000011       0x12 /home/srivamsimalladi/LiFi/Li-Fi-in-Industry-4.0/riot/ProductionTT/bin/arduino-mega2560/core/atomic_c11.o
 .comment       0x0000000000000011       0x12 /home/srivamsimalladi/LiFi/Li-Fi-in-Industry-4.0/riot/ProductionTT/bin/arduino-mega2560/core/thread.o
 .comment       0x0000000000000011       0x12 /home/srivamsimalladi/LiFi/Li-Fi-in-Industry-4.0/riot/ProductionTT/bin/arduino-mega2560/core/init.o
 .comment       0x0000000000000011       0x12 /home/srivamsimalladi/LiFi/Li-Fi-in-Industry-4.0/riot/ProductionTT/bin/arduino-mega2560/core/panic.o
 .comment       0x0000000000000011       0x12 /home/srivamsimalladi/LiFi/Li-Fi-in-Industry-4.0/riot/ProductionTT/bin/arduino-mega2560/xtimer/xtimer_core.o
 .comment       0x0000000000000011       0x12 /home/srivamsimalladi/LiFi/Li-Fi-in-Industry-4.0/riot/ProductionTT/bin/arduino-mega2560/xtimer/xtimer.o
 .comment       0x0000000000000011       0x12 /home/srivamsimalladi/LiFi/Li-Fi-in-Industry-4.0/riot/ProductionTT/bin/arduino-mega2560/periph_common/pm.o
 .comment       0x0000000000000011       0x12 /home/srivamsimalladi/LiFi/Li-Fi-in-Industry-4.0/riot/ProductionTT/bin/arduino-mega2560/periph_common/eeprom.o
 .comment       0x0000000000000011       0x12 /home/srivamsimalladi/LiFi/Li-Fi-in-Industry-4.0/riot/ProductionTT/bin/arduino-mega2560/atmega_common/cpu.o
 .comment       0x0000000000000011       0x12 /home/srivamsimalladi/LiFi/Li-Fi-in-Industry-4.0/riot/ProductionTT/bin/arduino-mega2560/atmega_common/thread_arch.o
 .comment       0x0000000000000011       0x12 /home/srivamsimalladi/LiFi/Li-Fi-in-Industry-4.0/riot/ProductionTT/bin/arduino-mega2560/atmega_common_periph/eeprom.o
 .comment       0x0000000000000011       0x12 /home/srivamsimalladi/LiFi/Li-Fi-in-Industry-4.0/riot/ProductionTT/bin/arduino-mega2560/auto_init/auto_init.o
 .comment       0x0000000000000011       0x12 /home/srivamsimalladi/LiFi/Li-Fi-in-Industry-4.0/riot/ProductionTT/bin/arduino-mega2560/avr_libc_extra/atmega_stdio.o
 .comment       0x0000000000000011       0x12 /home/srivamsimalladi/LiFi/Li-Fi-in-Industry-4.0/riot/ProductionTT/bin/arduino-mega2560/boards_common_arduino-atmega/led_init.o
 .comment       0x0000000000000011       0x12 /home/srivamsimalladi/LiFi/Li-Fi-in-Industry-4.0/riot/ProductionTT/bin/arduino-mega2560/random/random.o
 .comment       0x0000000000000011       0x12 /home/srivamsimalladi/LiFi/Li-Fi-in-Industry-4.0/riot/ProductionTT/bin/arduino-mega2560/random/xorshift.o
 .comment       0x0000000000000011       0x12 /home/srivamsimalladi/LiFi/Li-Fi-in-Industry-4.0/riot/ProductionTT/bin/arduino-mega2560/stdio_uart/stdio_uart.o
 .comment       0x0000000000000011       0x12 /home/srivamsimalladi/LiFi/Li-Fi-in-Industry-4.0/riot/ProductionTT/bin/arduino-mega2560/periph_common/init.o
 .comment       0x0000000000000011       0x12 /home/srivamsimalladi/LiFi/Li-Fi-in-Industry-4.0/riot/ProductionTT/bin/arduino-mega2560/atmega_common_periph/i2c.o
 .comment       0x0000000000000011       0x12 /home/srivamsimalladi/LiFi/Li-Fi-in-Industry-4.0/riot/ProductionTT/bin/arduino-mega2560/luid/luid.o
 .comment       0x0000000000000011       0x12 /home/srivamsimalladi/LiFi/Li-Fi-in-Industry-4.0/riot/ProductionTT/bin/arduino-mega2560/atmega_common_periph/cpuid.o
 .comment       0x0000000000000011       0x12 /usr/lib/gcc/avr/5.4.0/../../../avr/lib/avr6/libc.a(malloc.o)
 .comment       0x0000000000000011       0x12 /usr/lib/gcc/avr/5.4.0/../../../avr/lib/avr6/libc.a(iob.o)
 .comment       0x0000000000000011       0x12 /usr/lib/gcc/avr/5.4.0/../../../avr/lib/avr6/libc.a(printf.o)
 .comment       0x0000000000000011       0x12 /usr/lib/gcc/avr/5.4.0/../../../avr/lib/avr6/libc.a(puts.o)
 .comment       0x0000000000000011       0x12 /usr/lib/gcc/avr/5.4.0/../../../avr/lib/avr6/libc.a(sprintf.o)
 .comment       0x0000000000000011       0x12 /usr/lib/gcc/avr/5.4.0/../../../avr/lib/avr6/libc.a(vfprintf_std.o)
 .comment       0x0000000000000011       0x12 /usr/lib/gcc/avr/5.4.0/../../../avr/lib/avr6/libc.a(fputc.o)

.note.gnu.avr.deviceinfo
                0x0000000000000000       0x40
 .note.gnu.avr.deviceinfo
                0x0000000000000000       0x40 /usr/lib/gcc/avr/5.4.0/../../../avr/lib/avr6/crtatmega2560.o

.note.gnu.build-id
 *(.note.gnu.build-id)

.debug
 *(.debug)

.line
 *(.line)

.debug_srcinfo
 *(.debug_srcinfo)

.debug_sfnames
 *(.debug_sfnames)

.debug_aranges  0x0000000000000000      0xf20
 *(.debug_aranges)
 .debug_aranges
                0x0000000000000000       0x30 /home/srivamsimalladi/LiFi/Li-Fi-in-Industry-4.0/riot/ProductionTT/bin/arduino-mega2560/atmega_common/startup.o
 .debug_aranges
                0x0000000000000030       0x28 /home/srivamsimalladi/LiFi/Li-Fi-in-Industry-4.0/riot/ProductionTT/bin/arduino-mega2560/application_master/_sketches.o
 .debug_aranges
                0x0000000000000058       0x48 /home/srivamsimalladi/LiFi/Li-Fi-in-Industry-4.0/riot/ProductionTT/bin/arduino-mega2560/application_master/main.o
 .debug_aranges
                0x00000000000000a0      0x200 /home/srivamsimalladi/LiFi/Li-Fi-in-Industry-4.0/riot/ProductionTT/bin/arduino-mega2560/application_master/MFRC522.o
 .debug_aranges
                0x00000000000002a0       0x40 /home/srivamsimalladi/LiFi/Li-Fi-in-Industry-4.0/riot/ProductionTT/bin/arduino-mega2560/LiFi_module/PLiFi.o
 .debug_aranges
                0x00000000000002e0       0xb0 /home/srivamsimalladi/LiFi/Li-Fi-in-Industry-4.0/riot/ProductionTT/bin/arduino-mega2560/LiFi_module/LiFi.o
 .debug_aranges
                0x0000000000000390       0x20 /home/srivamsimalladi/LiFi/Li-Fi-in-Industry-4.0/riot/ProductionTT/bin/arduino-mega2560/LiFi_module/crc16_ccitt.o
 .debug_aranges
                0x00000000000003b0       0x68 /home/srivamsimalladi/LiFi/Li-Fi-in-Industry-4.0/riot/ProductionTT/bin/arduino-mega2560/arduino/base.o
 .debug_aranges
                0x0000000000000418      0x130 /home/srivamsimalladi/LiFi/Li-Fi-in-Industry-4.0/riot/ProductionTT/bin/arduino-mega2560/arduino/serialport.o
 .debug_aranges
                0x0000000000000548       0x68 /home/srivamsimalladi/LiFi/Li-Fi-in-Industry-4.0/riot/ProductionTT/bin/arduino-mega2560/arduino/SPI.o
 .debug_aranges
                0x00000000000005b0       0x38 /home/srivamsimalladi/LiFi/Li-Fi-in-Industry-4.0/riot/ProductionTT/bin/arduino-mega2560/atmega_common/irq_arch.o
 .debug_aranges
                0x00000000000005e8       0x58 /home/srivamsimalladi/LiFi/Li-Fi-in-Industry-4.0/riot/ProductionTT/bin/arduino-mega2560/atmega_common_periph/uart.o
 .debug_aranges
                0x0000000000000640       0x50 /home/srivamsimalladi/LiFi/Li-Fi-in-Industry-4.0/riot/ProductionTT/bin/arduino-mega2560/atmega_common_periph/gpio.o
 .debug_aranges
                0x0000000000000690       0x40 /home/srivamsimalladi/LiFi/Li-Fi-in-Industry-4.0/riot/ProductionTT/bin/arduino-mega2560/atmega_common_periph/spi.o
 .debug_aranges
                0x00000000000006d0       0x80 /home/srivamsimalladi/LiFi/Li-Fi-in-Industry-4.0/riot/ProductionTT/bin/arduino-mega2560/atmega_common_periph/timer.o
 .debug_aranges
                0x0000000000000750       0x30 /home/srivamsimalladi/LiFi/Li-Fi-in-Industry-4.0/riot/ProductionTT/bin/arduino-mega2560/atmega_common_periph/adc.o
 .debug_aranges
                0x0000000000000780       0x20 /home/srivamsimalladi/LiFi/Li-Fi-in-Industry-4.0/riot/ProductionTT/bin/arduino-mega2560/boards_common_atmega/board.o
 .debug_aranges
                0x00000000000007a0       0x30 /home/srivamsimalladi/LiFi/Li-Fi-in-Industry-4.0/riot/ProductionTT/bin/arduino-mega2560/core/mutex.o
 .debug_aranges
                0x00000000000007d0       0x38 /home/srivamsimalladi/LiFi/Li-Fi-in-Industry-4.0/riot/ProductionTT/bin/arduino-mega2560/core/sched.o
 .debug_aranges
                0x0000000000000808       0x38 /home/srivamsimalladi/LiFi/Li-Fi-in-Industry-4.0/riot/ProductionTT/bin/arduino-mega2560/core/rmutex.o
 .debug_aranges
                0x0000000000000840      0x240 /home/srivamsimalladi/LiFi/Li-Fi-in-Industry-4.0/riot/ProductionTT/bin/arduino-mega2560/core/atomic_c11.o
 .debug_aranges
                0x0000000000000a80       0x70 /home/srivamsimalladi/LiFi/Li-Fi-in-Industry-4.0/riot/ProductionTT/bin/arduino-mega2560/core/thread.o
 .debug_aranges
                0x0000000000000af0       0x30 /home/srivamsimalladi/LiFi/Li-Fi-in-Industry-4.0/riot/ProductionTT/bin/arduino-mega2560/core/init.o
 .debug_aranges
                0x0000000000000b20       0x28 /home/srivamsimalladi/LiFi/Li-Fi-in-Industry-4.0/riot/ProductionTT/bin/arduino-mega2560/core/panic.o
 .debug_aranges
                0x0000000000000b48       0x60 /home/srivamsimalladi/LiFi/Li-Fi-in-Industry-4.0/riot/ProductionTT/bin/arduino-mega2560/xtimer/xtimer_core.o
 .debug_aranges
                0x0000000000000ba8       0x88 /home/srivamsimalladi/LiFi/Li-Fi-in-Industry-4.0/riot/ProductionTT/bin/arduino-mega2560/xtimer/xtimer.o
 .debug_aranges
                0x0000000000000c30       0x28 /home/srivamsimalladi/LiFi/Li-Fi-in-Industry-4.0/riot/ProductionTT/bin/arduino-mega2560/periph_common/pm.o
 .debug_aranges
                0x0000000000000c58       0x40 /home/srivamsimalladi/LiFi/Li-Fi-in-Industry-4.0/riot/ProductionTT/bin/arduino-mega2560/periph_common/eeprom.o
 .debug_aranges
                0x0000000000000c98       0x40 /home/srivamsimalladi/LiFi/Li-Fi-in-Industry-4.0/riot/ProductionTT/bin/arduino-mega2560/atmega_common/cpu.o
 .debug_aranges
                0x0000000000000cd8       0x40 /home/srivamsimalladi/LiFi/Li-Fi-in-Industry-4.0/riot/ProductionTT/bin/arduino-mega2560/atmega_common/thread_arch.o
 .debug_aranges
                0x0000000000000d18       0x28 /home/srivamsimalladi/LiFi/Li-Fi-in-Industry-4.0/riot/ProductionTT/bin/arduino-mega2560/atmega_common_periph/eeprom.o
 .debug_aranges
                0x0000000000000d40       0x20 /home/srivamsimalladi/LiFi/Li-Fi-in-Industry-4.0/riot/ProductionTT/bin/arduino-mega2560/auto_init/auto_init.o
 .debug_aranges
                0x0000000000000d60       0x30 /home/srivamsimalladi/LiFi/Li-Fi-in-Industry-4.0/riot/ProductionTT/bin/arduino-mega2560/avr_libc_extra/atmega_stdio.o
 .debug_aranges
                0x0000000000000d90       0x20 /home/srivamsimalladi/LiFi/Li-Fi-in-Industry-4.0/riot/ProductionTT/bin/arduino-mega2560/boards_common_arduino-atmega/led_init.o
 .debug_aranges
                0x0000000000000db0       0x30 /home/srivamsimalladi/LiFi/Li-Fi-in-Industry-4.0/riot/ProductionTT/bin/arduino-mega2560/random/random.o
 .debug_aranges
                0x0000000000000de0       0x38 /home/srivamsimalladi/LiFi/Li-Fi-in-Industry-4.0/riot/ProductionTT/bin/arduino-mega2560/random/xorshift.o
 .debug_aranges
                0x0000000000000e18       0x30 /home/srivamsimalladi/LiFi/Li-Fi-in-Industry-4.0/riot/ProductionTT/bin/arduino-mega2560/stdio_uart/stdio_uart.o
 .debug_aranges
                0x0000000000000e48       0x20 /home/srivamsimalladi/LiFi/Li-Fi-in-Industry-4.0/riot/ProductionTT/bin/arduino-mega2560/periph_common/init.o
 .debug_aranges
                0x0000000000000e68       0x50 /home/srivamsimalladi/LiFi/Li-Fi-in-Industry-4.0/riot/ProductionTT/bin/arduino-mega2560/atmega_common_periph/i2c.o
 .debug_aranges
                0x0000000000000eb8       0x48 /home/srivamsimalladi/LiFi/Li-Fi-in-Industry-4.0/riot/ProductionTT/bin/arduino-mega2560/luid/luid.o
 .debug_aranges
                0x0000000000000f00       0x20 /home/srivamsimalladi/LiFi/Li-Fi-in-Industry-4.0/riot/ProductionTT/bin/arduino-mega2560/atmega_common_periph/cpuid.o

.debug_pubnames
 *(.debug_pubnames)

.debug_info     0x0000000000000000    0x1d65d
 *(.debug_info .gnu.linkonce.wi.*)
 .debug_info    0x0000000000000000      0xbbc /usr/lib/gcc/avr/5.4.0/../../../avr/lib/avr6/crtatmega2560.o
 .debug_info    0x0000000000000bbc      0x265 /home/srivamsimalladi/LiFi/Li-Fi-in-Industry-4.0/riot/ProductionTT/bin/arduino-mega2560/atmega_common/startup.o
 .debug_info    0x0000000000000e21      0x9d5 /home/srivamsimalladi/LiFi/Li-Fi-in-Industry-4.0/riot/ProductionTT/bin/arduino-mega2560/application_master/_sketches.o
 .debug_info    0x00000000000017f6     0x2369 /home/srivamsimalladi/LiFi/Li-Fi-in-Industry-4.0/riot/ProductionTT/bin/arduino-mega2560/application_master/main.o
 .debug_info    0x0000000000003b5f     0x5de3 /home/srivamsimalladi/LiFi/Li-Fi-in-Industry-4.0/riot/ProductionTT/bin/arduino-mega2560/application_master/MFRC522.o
 .debug_info    0x0000000000009942     0x11f3 /home/srivamsimalladi/LiFi/Li-Fi-in-Industry-4.0/riot/ProductionTT/bin/arduino-mega2560/LiFi_module/PLiFi.o
 .debug_info    0x000000000000ab35     0x1984 /home/srivamsimalladi/LiFi/Li-Fi-in-Industry-4.0/riot/ProductionTT/bin/arduino-mega2560/LiFi_module/LiFi.o
 .debug_info    0x000000000000c4b9      0x134 /home/srivamsimalladi/LiFi/Li-Fi-in-Industry-4.0/riot/ProductionTT/bin/arduino-mega2560/LiFi_module/crc16_ccitt.o
 .debug_info    0x000000000000c5ed     0x1212 /home/srivamsimalladi/LiFi/Li-Fi-in-Industry-4.0/riot/ProductionTT/bin/arduino-mega2560/arduino/base.o
 .debug_info    0x000000000000d7ff     0x21c9 /home/srivamsimalladi/LiFi/Li-Fi-in-Industry-4.0/riot/ProductionTT/bin/arduino-mega2560/arduino/serialport.o
 .debug_info    0x000000000000f9c8      0xd7d /home/srivamsimalladi/LiFi/Li-Fi-in-Industry-4.0/riot/ProductionTT/bin/arduino-mega2560/arduino/SPI.o
 .debug_info    0x0000000000010745      0x21c /home/srivamsimalladi/LiFi/Li-Fi-in-Industry-4.0/riot/ProductionTT/bin/arduino-mega2560/atmega_common/irq_arch.o
 .debug_info    0x0000000000010961      0x6b1 /home/srivamsimalladi/LiFi/Li-Fi-in-Industry-4.0/riot/ProductionTT/bin/arduino-mega2560/atmega_common_periph/uart.o
 .debug_info    0x0000000000011012      0x5b7 /home/srivamsimalladi/LiFi/Li-Fi-in-Industry-4.0/riot/ProductionTT/bin/arduino-mega2560/atmega_common_periph/gpio.o
 .debug_info    0x00000000000115c9      0x602 /home/srivamsimalladi/LiFi/Li-Fi-in-Industry-4.0/riot/ProductionTT/bin/arduino-mega2560/atmega_common_periph/spi.o
 .debug_info    0x0000000000011bcb      0x910 /home/srivamsimalladi/LiFi/Li-Fi-in-Industry-4.0/riot/ProductionTT/bin/arduino-mega2560/atmega_common_periph/timer.o
 .debug_info    0x00000000000124db      0x44c /home/srivamsimalladi/LiFi/Li-Fi-in-Industry-4.0/riot/ProductionTT/bin/arduino-mega2560/atmega_common_periph/adc.o
 .debug_info    0x0000000000012927      0x2ce /home/srivamsimalladi/LiFi/Li-Fi-in-Industry-4.0/riot/ProductionTT/bin/arduino-mega2560/boards_common_atmega/board.o
 .debug_info    0x0000000000012bf5      0x679 /home/srivamsimalladi/LiFi/Li-Fi-in-Industry-4.0/riot/ProductionTT/bin/arduino-mega2560/core/mutex.o
 .debug_info    0x000000000001326e      0x647 /home/srivamsimalladi/LiFi/Li-Fi-in-Industry-4.0/riot/ProductionTT/bin/arduino-mega2560/core/sched.o
 .debug_info    0x00000000000138b5      0x7d8 /home/srivamsimalladi/LiFi/Li-Fi-in-Industry-4.0/riot/ProductionTT/bin/arduino-mega2560/core/rmutex.o
 .debug_info    0x000000000001408d     0x2453 /home/srivamsimalladi/LiFi/Li-Fi-in-Industry-4.0/riot/ProductionTT/bin/arduino-mega2560/core/atomic_c11.o
 .debug_info    0x00000000000164e0      0xb1d /home/srivamsimalladi/LiFi/Li-Fi-in-Industry-4.0/riot/ProductionTT/bin/arduino-mega2560/core/thread.o
 .debug_info    0x0000000000016ffd      0x308 /home/srivamsimalladi/LiFi/Li-Fi-in-Industry-4.0/riot/ProductionTT/bin/arduino-mega2560/core/init.o
 .debug_info    0x0000000000017305      0x27d /home/srivamsimalladi/LiFi/Li-Fi-in-Industry-4.0/riot/ProductionTT/bin/arduino-mega2560/core/panic.o
 .debug_info    0x0000000000017582      0xdbe /home/srivamsimalladi/LiFi/Li-Fi-in-Industry-4.0/riot/ProductionTT/bin/arduino-mega2560/xtimer/xtimer_core.o
 .debug_info    0x0000000000018340     0x144a /home/srivamsimalladi/LiFi/Li-Fi-in-Industry-4.0/riot/ProductionTT/bin/arduino-mega2560/xtimer/xtimer.o
 .debug_info    0x000000000001978a      0x120 /home/srivamsimalladi/LiFi/Li-Fi-in-Industry-4.0/riot/ProductionTT/bin/arduino-mega2560/periph_common/pm.o
 .debug_info    0x00000000000198aa      0x3ac /home/srivamsimalladi/LiFi/Li-Fi-in-Industry-4.0/riot/ProductionTT/bin/arduino-mega2560/periph_common/eeprom.o
 .debug_info    0x0000000000019c56      0x675 /home/srivamsimalladi/LiFi/Li-Fi-in-Industry-4.0/riot/ProductionTT/bin/arduino-mega2560/atmega_common/cpu.o
 .debug_info    0x000000000001a2cb      0x71d /home/srivamsimalladi/LiFi/Li-Fi-in-Industry-4.0/riot/ProductionTT/bin/arduino-mega2560/atmega_common/thread_arch.o
 .debug_info    0x000000000001a9e8      0x476 /home/srivamsimalladi/LiFi/Li-Fi-in-Industry-4.0/riot/ProductionTT/bin/arduino-mega2560/atmega_common_periph/eeprom.o
 .debug_info    0x000000000001ae5e      0x49f /home/srivamsimalladi/LiFi/Li-Fi-in-Industry-4.0/riot/ProductionTT/bin/arduino-mega2560/auto_init/auto_init.o
 .debug_info    0x000000000001b2fd      0x422 /home/srivamsimalladi/LiFi/Li-Fi-in-Industry-4.0/riot/ProductionTT/bin/arduino-mega2560/avr_libc_extra/atmega_stdio.o
 .debug_info    0x000000000001b71f      0x25e /home/srivamsimalladi/LiFi/Li-Fi-in-Industry-4.0/riot/ProductionTT/bin/arduino-mega2560/boards_common_arduino-atmega/led_init.o