Archive member included to satisfy reference by file (symbol)

/home/srivamsimalladi/LiFi/Li-Fi-in-Industry-4.0/riot/ProcessCollector/bin/arduino-mega2560/application_master/_sketches.o
                              /usr/lib/gcc/avr/5.4.0/../../../avr/lib/avr6/crtatmega2560.o (main)
/home/srivamsimalladi/LiFi/Li-Fi-in-Industry-4.0/riot/ProcessCollector/bin/arduino-mega2560/application_master/main.o
                              /home/srivamsimalladi/LiFi/Li-Fi-in-Industry-4.0/riot/ProcessCollector/bin/arduino-mega2560/application_master/_sketches.o (_Z5setupv)
/home/srivamsimalladi/LiFi/Li-Fi-in-Industry-4.0/riot/ProcessCollector/bin/arduino-mega2560/application_master/MFRC522.o
                              /home/srivamsimalladi/LiFi/Li-Fi-in-Industry-4.0/riot/ProcessCollector/bin/arduino-mega2560/application_master/main.o (_ZN7MFRC522C1Ehh)
/home/srivamsimalladi/LiFi/Li-Fi-in-Industry-4.0/riot/ProcessCollector/bin/arduino-mega2560/LiFi_module/PLiFi.o
                              /home/srivamsimalladi/LiFi/Li-Fi-in-Industry-4.0/riot/ProcessCollector/bin/arduino-mega2560/application_master/main.o (_ZN5PLiFiC1EijPFvPS_PKhhEPFvS0_E)
/home/srivamsimalladi/LiFi/Li-Fi-in-Industry-4.0/riot/ProcessCollector/bin/arduino-mega2560/LiFi_module/LiFi.o
                              /home/srivamsimalladi/LiFi/Li-Fi-in-Industry-4.0/riot/ProcessCollector/bin/arduino-mega2560/LiFi_module/PLiFi.o (_ZN4LiFiC1Eij)
/home/srivamsimalladi/LiFi/Li-Fi-in-Industry-4.0/riot/ProcessCollector/bin/arduino-mega2560/LiFi_module/crc16_ccitt.o
                              /home/srivamsimalladi/LiFi/Li-Fi-in-Industry-4.0/riot/ProcessCollector/bin/arduino-mega2560/LiFi_module/LiFi.o (_Z11crc16_ccittPKhh)
/home/srivamsimalladi/LiFi/Li-Fi-in-Industry-4.0/riot/ProcessCollector/bin/arduino-mega2560/arduino/base.o
                              /home/srivamsimalladi/LiFi/Li-Fi-in-Industry-4.0/riot/ProcessCollector/bin/arduino-mega2560/application_master/main.o (_Z7pinModeii)
/home/srivamsimalladi/LiFi/Li-Fi-in-Industry-4.0/riot/ProcessCollector/bin/arduino-mega2560/arduino/serialport.o
                              /home/srivamsimalladi/LiFi/Li-Fi-in-Industry-4.0/riot/ProcessCollector/bin/arduino-mega2560/application_master/_sketches.o (_ZN10SerialPortC1Ej)
/home/srivamsimalladi/LiFi/Li-Fi-in-Industry-4.0/riot/ProcessCollector/bin/arduino-mega2560/arduino/SPI.o
                              /home/srivamsimalladi/LiFi/Li-Fi-in-Industry-4.0/riot/ProcessCollector/bin/arduino-mega2560/application_master/MFRC522.o (_ZN11SPISettingsC1Emhh)
/home/srivamsimalladi/LiFi/Li-Fi-in-Industry-4.0/riot/ProcessCollector/bin/arduino-mega2560/atmega_common/irq_arch.o
                              /home/srivamsimalladi/LiFi/Li-Fi-in-Industry-4.0/riot/ProcessCollector/bin/arduino-mega2560/arduino/base.o (irq_disable)
/home/srivamsimalladi/LiFi/Li-Fi-in-Industry-4.0/riot/ProcessCollector/bin/arduino-mega2560/atmega_common_periph/uart.o
                              /home/srivamsimalladi/LiFi/Li-Fi-in-Industry-4.0/riot/ProcessCollector/bin/arduino-mega2560/arduino/serialport.o (uart_init)
/home/srivamsimalladi/LiFi/Li-Fi-in-Industry-4.0/riot/ProcessCollector/bin/arduino-mega2560/atmega_common_periph/gpio.o
                              /home/srivamsimalladi/LiFi/Li-Fi-in-Industry-4.0/riot/ProcessCollector/bin/arduino-mega2560/arduino/base.o (gpio_init)
/home/srivamsimalladi/LiFi/Li-Fi-in-Industry-4.0/riot/ProcessCollector/bin/arduino-mega2560/atmega_common_periph/pwm.o
                              /home/srivamsimalladi/LiFi/Li-Fi-in-Industry-4.0/riot/ProcessCollector/bin/arduino-mega2560/arduino/base.o (pwm_init)
/home/srivamsimalladi/LiFi/Li-Fi-in-Industry-4.0/riot/ProcessCollector/bin/arduino-mega2560/atmega_common_periph/spi.o
                              /home/srivamsimalladi/LiFi/Li-Fi-in-Industry-4.0/riot/ProcessCollector/bin/arduino-mega2560/arduino/SPI.o (spi_acquire)
/home/srivamsimalladi/LiFi/Li-Fi-in-Industry-4.0/riot/ProcessCollector/bin/arduino-mega2560/atmega_common_periph/timer.o
                              /home/srivamsimalladi/LiFi/Li-Fi-in-Industry-4.0/riot/ProcessCollector/bin/arduino-mega2560/arduino/base.o (timer_read)
/home/srivamsimalladi/LiFi/Li-Fi-in-Industry-4.0/riot/ProcessCollector/bin/arduino-mega2560/atmega_common_periph/adc.o
                              /home/srivamsimalladi/LiFi/Li-Fi-in-Industry-4.0/riot/ProcessCollector/bin/arduino-mega2560/LiFi_module/LiFi.o (adc_init)
/home/srivamsimalladi/LiFi/Li-Fi-in-Industry-4.0/riot/ProcessCollector/bin/arduino-mega2560/boards_common_atmega/board.o
                              /home/srivamsimalladi/LiFi/Li-Fi-in-Industry-4.0/riot/ProcessCollector/bin/arduino-mega2560/atmega_common/startup.o (board_init)
/home/srivamsimalladi/LiFi/Li-Fi-in-Industry-4.0/riot/ProcessCollector/bin/arduino-mega2560/core/mutex.o
                              /home/srivamsimalladi/LiFi/Li-Fi-in-Industry-4.0/riot/ProcessCollector/bin/arduino-mega2560/LiFi_module/PLiFi.o (_mutex_lock)
[...]
Memory Configuration

Name             Origin             Length             Attributes
text             0x0000000000000000 0x000000000003e000 xr
data             0x0000000000800200 0x0000000000002000 rw !x
eeprom           0x0000000000810000 0x0000000000010000 rw !x
fuse             0x0000000000820000 0x0000000000000003 rw !x
lock             0x0000000000830000 0x0000000000000400 rw !x
signature        0x0000000000840000 0x0000000000000400 rw !x
user_signatures  0x0000000000850000 0x0000000000000400 rw !x
*default*        0x0000000000000000 0xffffffffffffffff

Linker script and memory map

Address of section .data set to 0x800200
LOAD /usr/lib/gcc/avr/5.4.0/../../../avr/lib/avr6/crtatmega2560.o
LOAD /home/srivamsimalladi/LiFi/Li-Fi-in-Industry-4.0/riot/ProcessCollector/bin/arduino-mega2560/atmega_common/startup.o
START GROUP
LOAD /home/srivamsimalladi/LiFi/Li-Fi-in-Industry-4.0/riot/ProcessCollector/bin/arduino-mega2560/application_master.a
LOAD /home/srivamsimalladi/LiFi/Li-Fi-in-Industry-4.0/riot/ProcessCollector/bin/arduino-mega2560/LiFi_module.a
LOAD /home/srivamsimalladi/LiFi/Li-Fi-in-Industry-4.0/riot/ProcessCollector/bin/arduino-mega2560/arduino.a
LOAD /home/srivamsimalladi/LiFi/Li-Fi-in-Industry-4.0/riot/ProcessCollector/bin/arduino-mega2560/arduino_sketches.a
LOAD /home/srivamsimalladi/LiFi/Li-Fi-in-Industry-4.0/riot/ProcessCollector/bin/arduino-mega2560/atmega_common.a
LOAD /home/srivamsimalladi/LiFi/Li-Fi-in-Industry-4.0/riot/ProcessCollector/bin/arduino-mega2560/atmega_common_periph.a
LOAD /home/srivamsimalladi/LiFi/Li-Fi-in-Industry-4.0/riot/ProcessCollector/bin/arduino-mega2560/auto_init.a
LOAD /home/srivamsimalladi/LiFi/Li-Fi-in-Industry-4.0/riot/ProcessCollector/bin/arduino-mega2560/avr_libc_extra.a
LOAD /home/srivamsimalladi/LiFi/Li-Fi-in-Industry-4.0/riot/ProcessCollector/bin/arduino-mega2560/board.a
LOAD /home/srivamsimalladi/LiFi/Li-Fi-in-Industry-4.0/riot/ProcessCollector/bin/arduino-mega2560/boards_common_arduino-atmega.a
LOAD /home/srivamsimalladi/LiFi/Li-Fi-in-Industry-4.0/riot/ProcessCollector/bin/arduino-mega2560/boards_common_atmega.a
LOAD /home/srivamsimalladi/LiFi/Li-Fi-in-Industry-4.0/riot/ProcessCollector/bin/arduino-mega2560/core.a
LOAD /home/srivamsimalladi/LiFi/Li-Fi-in-Industry-4.0/riot/ProcessCollector/bin/arduino-mega2560/cpu.a
LOAD /home/srivamsimalladi/LiFi/Li-Fi-in-Industry-4.0/riot/ProcessCollector/bin/arduino-mega2560/div.a
LOAD /home/srivamsimalladi/LiFi/Li-Fi-in-Industry-4.0/riot/ProcessCollector/bin/arduino-mega2560/luid.a
LOAD /home/srivamsimalladi/LiFi/Li-Fi-in-Industry-4.0/riot/ProcessCollector/bin/arduino-mega2560/random.a
LOAD /home/srivamsimalladi/LiFi/Li-Fi-in-Industry-4.0/riot/ProcessCollector/bin/arduino-mega2560/stdio_uart.a
LOAD /home/srivamsimalladi/LiFi/Li-Fi-in-Industry-4.0/riot/ProcessCollector/bin/arduino-mega2560/sys.a
LOAD /home/srivamsimalladi/LiFi/Li-Fi-in-Industry-4.0/riot/ProcessCollector/bin/arduino-mega2560/xtimer.a
LOAD /home/srivamsimalladi/LiFi/Li-Fi-in-Industry-4.0/riot/ProcessCollector/bin/arduino-mega2560/periph_common.a
END GROUP
LOAD /usr/lib/gcc/avr/5.4.0/avr6/libgcc.a
                0x000000000003e000                __TEXT_REGION_LENGTH__ = 0x3e000
                0x0000000000002000                __DATA_REGION_LENGTH__ = 0x2000
LOAD /usr/lib/gcc/avr/5.4.0/avr6/libgcc.a
LOAD /usr/lib/gcc/avr/5.4.0/../../../avr/lib/avr6/libm.a
START GROUP
LOAD /usr/lib/gcc/avr/5.4.0/avr6/libgcc.a
LOAD /usr/lib/gcc/avr/5.4.0/../../../avr/lib/avr6/libm.a
LOAD /usr/lib/gcc/avr/5.4.0/../../../avr/lib/avr6/libc.a
LOAD /usr/lib/gcc/avr/5.4.0/../../../avr/lib/avr6/libatmega2560.a
END GROUP
                0x0000000000100000                __TEXT_REGION_LENGTH__ = DEFINED (__TEXT_REGION_LENGTH__)?__TEXT_REGION_LENGTH__:0x100000
                0x000000000000fe00                __DATA_REGION_LENGTH__ = DEFINED (__DATA_REGION_LENGTH__)?__DATA_REGION_LENGTH__:0xfe00
                0x0000000000010000                __EEPROM_REGION_LENGTH__ = DEFINED (__EEPROM_REGION_LENGTH__)?__EEPROM_REGION_LENGTH__:0x10000
                [0x0000000000000003]                __FUSE_REGION_LENGTH__ = DEFINED (__FUSE_REGION_LENGTH__)?__FUSE_REGION_LENGTH__:0x400
                0x0000000000000400                __LOCK_REGION_LENGTH__ = DEFINED (__LOCK_REGION_LENGTH__)?__LOCK_REGION_LENGTH__:0x400
                0x0000000000000400                __SIGNATURE_REGION_LENGTH__ = DEFINED (__SIGNATURE_REGION_LENGTH__)?__SIGNATURE_REGION_LENGTH__:0x400
                0x0000000000000400                __USER_SIGNATURE_REGION_LENGTH__ = DEFINED (__USER_SIGNATURE_REGION_LENGTH__)?__USER_SIGNATURE_REGION_LENGTH__:0x400

.hash
 *(.hash)

.dynsym
 *(.dynsym)

.dynstr
 *(.dynstr)

.gnu.version
 *(.gnu.version)

.gnu.version_d
 *(.gnu.version_d)

.gnu.version_r
 *(.gnu.version_r)

.rel.init
 *(.rel.init)

.rela.init
 *(.rela.init)

.rel.text
 *(.rel.text)
 *(.rel.text.*)
 *(.rel.gnu.linkonce.t*)

.rela.text
 *(.rela.text)
 *(.rela.text.*)
 *(.rela.gnu.linkonce.t*)

.rel.fini
 *(.rel.fini)

.rela.fini
 *(.rela.fini)

.rel.rodata
 *(.rel.rodata)
 *(.rel.rodata.*)
 *(.rel.gnu.linkonce.r*)

.rela.rodata
 *(.rela.rodata)
 *(.rela.rodata.*)
 *(.rela.gnu.linkonce.r*)

.rel.data
 *(.rel.data)
 *(.rel.data.*)
 *(.rel.gnu.linkonce.d*)

.rela.data
 *(.rela.data)
 *(.rela.data.*)
 *(.rela.gnu.linkonce.d*)

.rel.ctors
 *(.rel.ctors)

.rela.ctors
 *(.rela.ctors)

.rel.dtors
 *(.rel.dtors)

.rela.dtors
 *(.rela.dtors)

.rel.got
 *(.rel.got)

.rela.got
 *(.rela.got)

.rel.bss
 *(.rel.bss)

.rela.bss
 *(.rela.bss)

.rel.plt
 *(.rel.plt)

.rela.plt
 *(.rela.plt)

.text           0x0000000000000000     0x4708
 *(.vectors)
 .vectors       0x0000000000000000       0xe4 /usr/lib/gcc/avr/5.4.0/../../../avr/lib/avr6/crtatmega2560.o
                0x0000000000000000                __vectors
 *(.vectors)
 *(.progmem.gcc*)
                0x00000000000000e4                . = ALIGN (0x2)
                0x00000000000000e4                __trampolines_start = .
 *(.trampolines)
 .trampolines   0x00000000000000e4       0x50 linker stubs
 *(.trampolines*)
                0x0000000000000134                __trampolines_end = .
 *libprintf_flt.a:*(.progmem.data)
 *libc.a:*(.progmem.data)
 *(.progmem*)
 .progmem.data.__c.2022
                0x0000000000000134       0x49 /home/srivamsimalladi/LiFi/Li-Fi-in-Industry-4.0/riot/ProcessCollector/bin/arduino-mega2560/atmega_common/cpu.o
                0x000000000000017e                . = ALIGN (0x2)
 *fill*         0x000000000000017d        0x1 
 *(.jumptables)
 *(.jumptables*)
 *(.lowtext)
 *(.lowtext*)
                0x000000000000017e                __ctors_start = .
 *(.ctors)
 .ctors         0x000000000000017e        0x2 /home/srivamsimalladi/LiFi/Li-Fi-in-Industry-4.0/riot/ProcessCollector/bin/arduino-mega2560/application_master/_sketches.o
 .ctors         0x0000000000000180        0x2 /home/srivamsimalladi/LiFi/Li-Fi-in-Industry-4.0/riot/ProcessCollector/bin/arduino-mega2560/application_master/main.o
 .ctors         0x0000000000000182        0x2 /home/srivamsimalladi/LiFi/Li-Fi-in-Industry-4.0/riot/ProcessCollector/bin/arduino-mega2560/application_master/MFRC522.o
 .ctors         0x0000000000000184        0x2 /home/srivamsimalladi/LiFi/Li-Fi-in-Industry-4.0/riot/ProcessCollector/bin/arduino-mega2560/LiFi_module/PLiFi.o
 .ctors         0x0000000000000186        0x2 /home/srivamsimalladi/LiFi/Li-Fi-in-Industry-4.0/riot/ProcessCollector/bin/arduino-mega2560/LiFi_module/LiFi.o
 .ctors         0x0000000000000188        0x2 /home/srivamsimalladi/LiFi/Li-Fi-in-Industry-4.0/riot/ProcessCollector/bin/arduino-mega2560/arduino/base.o
 .ctors         0x000000000000018a        0x2 /home/srivamsimalladi/LiFi/Li-Fi-in-Industry-4.0/riot/ProcessCollector/bin/arduino-mega2560/arduino/SPI.o
                0x000000000000018c                __ctors_end = .
                0x000000000000018c                __dtors_start = .
 *(.dtors)
                0x000000000000018c                __dtors_end = .
 SORT(*)(.ctors)
 SORT(*)(.dtors)
 *(.init0)
 .init0         0x000000000000018c        0x0 /usr/lib/gcc/avr/5.4.0/../../../avr/lib/avr6/crtatmega2560.o
                0x000000000000018c                __init
 .init0         0x000000000000018c       0x24 /home/srivamsimalladi/LiFi/Li-Fi-in-Industry-4.0/riot/ProcessCollector/bin/arduino-mega2560/atmega_common/cpu.o
                0x000000000000018c                get_mcusr
 *(.init0)
 *(.init1)
 *(.init1)
 *(.init2)
 .init2         0x00000000000001b0       0x10 /usr/lib/gcc/avr/5.4.0/../../../avr/lib/avr6/crtatmega2560.o
 *(.init2)
 *(.init3)
 *(.init3)
 *(.init4)
 .init4         0x00000000000001c0       0x1a /usr/lib/gcc/avr/5.4.0/avr6/libgcc.a(_copy_data.o)
                0x00000000000001c0                __do_copy_data
 .init4         0x00000000000001da       0x10 /usr/lib/gcc/avr/5.4.0/avr6/libgcc.a(_clear_bss.o)
                0x00000000000001da                __do_clear_bss
 *(.init4)
 *(.init5)
 *(.init5)
 *(.init6)
 .init6         0x00000000000001ea       0x20 /usr/lib/gcc/avr/5.4.0/avr6/libgcc.a(_ctors.o)
                0x00000000000001ea                __do_global_ctors
 *(.init6)
 *(.init7)
 .init7         0x000000000000020a        0x4 /home/srivamsimalladi/LiFi/Li-Fi-in-Industry-4.0/riot/ProcessCollector/bin/arduino-mega2560/atmega_common/startup.o
                0x000000000000020a                init7_ovr
 *(.init7)
 *(.init8)
 .init8         0x000000000000020e        0x4 /home/srivamsimalladi/LiFi/Li-Fi-in-Industry-4.0/riot/ProcessCollector/bin/arduino-mega2560/atmega_common/startup.o
                0x000000000000020e                init8_ovr
 *(.init8)
 *(.init9)
 .init9         0x0000000000000212        0x8 /usr/lib/gcc/avr/5.4.0/../../../avr/lib/avr6/crtatmega2560.o
 *(.init9)
 *(.text)
 .text          0x000000000000021a        0x4 /usr/lib/gcc/avr/5.4.0/../../../avr/lib/avr6/crtatmega2560.o
                0x000000000000021a                __vector_22
                0x000000000000021a                __vector_28
                0x000000000000021a                __vector_1
                0x000000000000021a                __vector_32
                0x000000000000021a                __vector_34
                0x000000000000021a                __vector_24
                0x000000000000021a                __vector_12
                0x000000000000021a                __vector_55
                0x000000000000021a                __vector_46
                0x000000000000021a                __bad_interrupt
                0x000000000000021a                __vector_6
                0x000000000000021a                __vector_31
                0x000000000000021a                __vector_35
                0x000000000000021a                __vector_39
                0x000000000000021a                __vector_3
                0x000000000000021a                __vector_23
                0x000000000000021a                __vector_30
                0x000000000000021a                __vector_45
                0x000000000000021a                __vector_11
                0x000000000000021a                __vector_54
                0x000000000000021a                __vector_13
                0x000000000000021a                __vector_56
                0x000000000000021a                __vector_7
                0x000000000000021a                __vector_49
                0x000000000000021a                __vector_41
                0x000000000000021a                __vector_5
                0x000000000000021a                __vector_33
                0x000000000000021a                __vector_47
                0x000000000000021a                __vector_52
                0x000000000000021a                __vector_37
                0x000000000000021a                __vector_4
                0x000000000000021a                __vector_51
                0x000000000000021a                __vector_9
                0x000000000000021a                __vector_2
                0x000000000000021a                __vector_21
                0x000000000000021a                __vector_15
                0x000000000000021a                __vector_29
                0x000000000000021a                __vector_40
                0x000000000000021a                __vector_8
                0x000000000000021a                __vector_26
                0x000000000000021a                __vector_48
                0x000000000000021a                __vector_14
                0x000000000000021a                __vector_53
                0x000000000000021a                __vector_10
                0x000000000000021a                __vector_50
                0x000000000000021a                __vector_16
                0x000000000000021a                __vector_20
                0x000000000000021e                . = ALIGN (0x2)
 *(.text.*)
 .text.reset_handler
                0x000000000000021e        0x8 /home/srivamsimalladi/LiFi/Li-Fi-in-Industry-4.0/riot/ProcessCollector/bin/arduino-mega2560/atmega_common/startup.o
                0x000000000000021e                reset_handler
 .text.startup.main
                0x0000000000000226        0xa /home/srivamsimalladi/LiFi/Li-Fi-in-Industry-4.0/riot/ProcessCollector/bin/arduino-mega2560/application_master/_sketches.o
                0x0000000000000226                main
 .text.startup._GLOBAL__sub_I_main
                0x0000000000000230        0xc /home/srivamsimalladi/LiFi/Li-Fi-in-Industry-4.0/riot/ProcessCollector/bin/arduino-mega2560/application_master/_sketches.o
 .text._Z7tx_loopPv
                0x000000000000023c        0xa /home/srivamsimalladi/LiFi/Li-Fi-in-Industry-4.0/riot/ProcessCollector/bin/arduino-mega2560/application_master/main.o
                0x000000000000023c                _Z7tx_loopPv
 .text._Z7rx_loopPv
                0x0000000000000246        0xa /home/srivamsimalladi/LiFi/Li-Fi-in-Industry-4.0/riot/ProcessCollector/bin/arduino-mega2560/application_master/main.o
                0x0000000000000246                _Z7rx_loopPv
 .text._ZL5on_rxP5PLiFiPKhh
                0x0000000000000250      0x1a4 /home/srivamsimalladi/LiFi/Li-Fi-in-Industry-4.0/riot/ProcessCollector/bin/arduino-mega2560/application_master/main.o
 .text._Z5setupv
                0x00000000000003f4       0xfa /home/srivamsimalladi/LiFi/Li-Fi-in-Industry-4.0/riot/ProcessCollector/bin/arduino-mega2560/application_master/main.o
                0x00000000000003f4                _Z5setupv
 .text._Z4loopv
                0x00000000000004ee      0x162 /home/srivamsimalladi/LiFi/Li-Fi-in-Industry-4.0/riot/ProcessCollector/bin/arduino-mega2560/application_master/main.o
                0x00000000000004ee                _Z4loopv
 .text.startup._GLOBAL__sub_I_mfrc522
                0x0000000000000650       0x3a /home/srivamsimalladi/LiFi/Li-Fi-in-Industry-4.0/riot/ProcessCollector/bin/arduino-mega2560/application_master/main.o
 .text._ZN7MFRC52219PICC_ReadCardSerialEv
                0x000000000000068a       0x20 /home/srivamsimalladi/LiFi/Li-Fi-in-Industry-4.0/riot/ProcessCollector/bin/arduino-mega2560/application_master/MFRC522.o
                0x000000000000068a                _ZN7MFRC52219PICC_ReadCardSerialEv
 .text._ZN8SPIClass8transferEh
                0x00000000000006aa       0x24 /home/srivamsimalladi/LiFi/Li-Fi-in-Industry-4.0/riot/ProcessCollector/bin/arduino-mega2560/application_master/MFRC522.o
                0x00000000000006aa                _ZN8SPIClass8transferEh
 .text._ZN7MFRC52216PCD_ReadRegisterENS_12PCD_RegisterEhPhh.part.0.constprop.7
                0x00000000000006ce       0xfa /home/srivamsimalladi/LiFi/Li-Fi-in-Industry-4.0/riot/ProcessCollector/bin/arduino-mega2560/application_master/MFRC522.o
 .text._ZN7MFRC522C2Ehh
                0x00000000000007c8       0x10 /home/srivamsimalladi/LiFi/Li-Fi-in-Industry-4.0/riot/ProcessCollector/bin/arduino-mega2560/application_master/MFRC522.o
                0x00000000000007c8                _ZN7MFRC522C1Ehh
                0x00000000000007c8                _ZN7MFRC522C2Ehh
 .text._ZN7MFRC52217PCD_WriteRegisterENS_12PCD_RegisterEh
                0x00000000000007d8       0x88 /home/srivamsimalladi/LiFi/Li-Fi-in-Industry-4.0/riot/ProcessCollector/bin/arduino-mega2560/application_master/MFRC522.o
                0x00000000000007d8                _ZN7MFRC52217PCD_WriteRegisterENS_12PCD_RegisterEh
 .text._ZN7MFRC52217PCD_WriteRegisterENS_12PCD_RegisterEhPh
                0x0000000000000860       0xac /home/srivamsimalladi/LiFi/Li-Fi-in-Industry-4.0/riot/ProcessCollector/bin/arduino-mega2560/application_master/MFRC522.o
                0x0000000000000860                _ZN7MFRC52217PCD_WriteRegisterENS_12PCD_RegisterEhPh
 .text._ZN7MFRC52216PCD_ReadRegisterENS_12PCD_RegisterE
                0x000000000000090c       0x88 /home/srivamsimalladi/LiFi/Li-Fi-in-Industry-4.0/riot/ProcessCollector/bin/arduino-mega2560/application_master/MFRC522.o
                0x000000000000090c                _ZN7MFRC52216PCD_ReadRegisterENS_12PCD_RegisterE
 .text._ZN7MFRC52216PCD_ReadRegisterENS_12PCD_RegisterEhPhh
                0x0000000000000994        0xc /home/srivamsimalladi/LiFi/Li-Fi-in-Industry-4.0/riot/ProcessCollector/bin/arduino-mega2560/application_master/MFRC522.o
                0x0000000000000994                _ZN7MFRC52216PCD_ReadRegisterENS_12PCD_RegisterEhPhh
 .text._ZN7MFRC52222PCD_SetRegisterBitMaskENS_12PCD_RegisterEh
                0x00000000000009a0       0x26 /home/srivamsimalladi/LiFi/Li-Fi-in-Industry-4.0/riot/ProcessCollector/bin/arduino-mega2560/application_master/MFRC522.o
                0x00000000000009a0                _ZN7MFRC52222PCD_SetRegisterBitMaskENS_12PCD_RegisterEh
 .text._ZN7MFRC52224PCD_ClearRegisterBitMaskENS_12PCD_RegisterEh
                0x00000000000009c6       0x28 /home/srivamsimalladi/LiFi/Li-Fi-in-Industry-4.0/riot/ProcessCollector/bin/arduino-mega2560/application_master/MFRC522.o
                0x00000000000009c6                _ZN7MFRC52224PCD_ClearRegisterBitMaskENS_12PCD_RegisterEh
 .text._ZN7MFRC52216PCD_CalculateCRCEPhhS0_
                0x00000000000009ee       0x9a /home/srivamsimalladi/LiFi/Li-Fi-in-Industry-4.0/riot/ProcessCollector/bin/arduino-mega2560/application_master/MFRC522.o
                0x00000000000009ee                _ZN7MFRC52216PCD_CalculateCRCEPhhS0_
 .text._ZN7MFRC5229PCD_ResetEv
                0x0000000000000a88       0x36 /home/srivamsimalladi/LiFi/Li-Fi-in-Industry-4.0/riot/ProcessCollector/bin/arduino-mega2560/application_master/MFRC522.o
                0x0000000000000a88                _ZN7MFRC5229PCD_ResetEv
 .text._ZN7MFRC52213PCD_AntennaOnEv
                0x0000000000000abe       0x2a /home/srivamsimalladi/LiFi/Li-Fi-in-Industry-4.0/riot/ProcessCollector/bin/arduino-mega2560/application_master/MFRC522.o
                0x0000000000000abe                _ZN7MFRC52213PCD_AntennaOnEv
 .text._ZN7MFRC5228PCD_InitEv
                0x0000000000000ae8       0xe6 /home/srivamsimalladi/LiFi/Li-Fi-in-Industry-4.0/riot/ProcessCollector/bin/arduino-mega2560/application_master/MFRC522.o
                0x0000000000000ae8                _ZN7MFRC5228PCD_InitEv
 .text._ZN7MFRC52223PCD_CommunicateWithPICCEhhPhhS0_S0_S0_hb
                0x0000000000000bce      0x1a8 /home/srivamsimalladi/LiFi/Li-Fi-in-Industry-4.0/riot/ProcessCollector/bin/arduino-mega2560/application_master/MFRC522.o
                0x0000000000000bce                _ZN7MFRC52223PCD_CommunicateWithPICCEhhPhhS0_S0_S0_hb
 .text._ZN7MFRC52218PCD_TransceiveDataEPhhS0_S0_S0_hb
                0x0000000000000d76       0x3e /home/srivamsimalladi/LiFi/Li-Fi-in-Industry-4.0/riot/ProcessCollector/bin/arduino-mega2560/application_master/MFRC522.o
                0x0000000000000d76                _ZN7MFRC52218PCD_TransceiveDataEPhhS0_S0_S0_hb
 .text._ZN7MFRC52211PICC_SelectEPNS_3UidEh
                0x0000000000000db4      0x30a /home/srivamsimalladi/LiFi/Li-Fi-in-Industry-4.0/riot/ProcessCollector/bin/arduino-mega2560/application_master/MFRC522.o
                0x0000000000000db4                _ZN7MFRC52211PICC_SelectEPNS_3UidEh
 .text._ZN7MFRC52217PICC_REQA_or_WUPAEhPhS0_
                0x00000000000010be       0xa2 /home/srivamsimalladi/LiFi/Li-Fi-in-Industry-4.0/riot/ProcessCollector/bin/arduino-mega2560/application_master/MFRC522.o
                0x00000000000010be                _ZN7MFRC52217PICC_REQA_or_WUPAEhPhS0_
 .text._ZN7MFRC52213PICC_RequestAEPhS0_
                0x0000000000001160        0xa /home/srivamsimalladi/LiFi/Li-Fi-in-Industry-4.0/riot/ProcessCollector/bin/arduino-mega2560/application_master/MFRC522.o
                0x0000000000001160                _ZN7MFRC52213PICC_RequestAEPhS0_
 .text._ZN7MFRC52221PICC_IsNewCardPresentEv
                0x000000000000116a       0x62 /home/srivamsimalladi/LiFi/Li-Fi-in-Industry-4.0/riot/ProcessCollector/bin/arduino-mega2560/application_master/MFRC522.o
                0x000000000000116a                _ZN7MFRC52221PICC_IsNewCardPresentEv
 .text.startup._GLOBAL__sub_I__ZN7MFRC522C2Ev
                0x00000000000011cc        0xc /home/srivamsimalladi/LiFi/Li-Fi-in-Industry-4.0/riot/ProcessCollector/bin/arduino-mega2560/application_master/MFRC522.o
 .text._ZN5PLiFiC2EijPFvPS_PKhhEPFvS0_E
                0x00000000000011d8       0x36 /home/srivamsimalladi/LiFi/Li-Fi-in-Industry-4.0/riot/ProcessCollector/bin/arduino-mega2560/LiFi_module/PLiFi.o
                0x00000000000011d8                _ZN5PLiFiC1EijPFvPS_PKhhEPFvS0_E
                0x00000000000011d8                _ZN5PLiFiC2EijPFvPS_PKhhEPFvS0_E
 .text._ZN5PLiFi9send_dataEPKhh
                0x000000000000120e       0x7c /home/srivamsimalladi/LiFi/Li-Fi-in-Industry-4.0/riot/ProcessCollector/bin/arduino-mega2560/LiFi_module/PLiFi.o
                0x000000000000120e                _ZN5PLiFi9send_dataEPKhh
 .text._ZN5PLiFi7tx_loopEv
                0x000000000000128a       0x6a /home/srivamsimalladi/LiFi/Li-Fi-in-Industry-4.0/riot/ProcessCollector/bin/arduino-mega2560/LiFi_module/PLiFi.o
                0x000000000000128a                _ZN5PLiFi7tx_loopEv
 .text._ZN5PLiFi7rx_loopEv
                0x00000000000012f4       0x46 /home/srivamsimalladi/LiFi/Li-Fi-in-Industry-4.0/riot/ProcessCollector/bin/arduino-mega2560/LiFi_module/PLiFi.o
                0x00000000000012f4                _ZN5PLiFi7rx_loopEv
 .text.startup._GLOBAL__sub_I__ZN5PLiFiC2EijPFvPS_PKhhEPFvS0_E
                0x000000000000133a        0xc /home/srivamsimalladi/LiFi/Li-Fi-in-Industry-4.0/riot/ProcessCollector/bin/arduino-mega2560/LiFi_module/PLiFi.o
 .text._ZN4LiFiC2Eij
                0x0000000000001346       0x36 /home/srivamsimalladi/LiFi/Li-Fi-in-Industry-4.0/riot/ProcessCollector/bin/arduino-mega2560/LiFi_module/LiFi.o
                0x0000000000001346                _ZN4LiFiC1Eij
                0x0000000000001346                _ZN4LiFiC2Eij
 .text._ZN4LiFi10tick_startEv
                0x000000000000137c       0x18 /home/srivamsimalladi/LiFi/Li-Fi-in-Industry-4.0/riot/ProcessCollector/bin/arduino-mega2560/LiFi_module/LiFi.o
                0x000000000000137c                _ZN4LiFi10tick_startEv
 .text._ZN4LiFi4tickEh
                0x0000000000001394       0x76 /home/srivamsimalladi/LiFi/Li-Fi-in-Industry-4.0/riot/ProcessCollector/bin/arduino-mega2560/LiFi_module/LiFi.o
                0x0000000000001394                _ZN4LiFi4tickEh
 .text._ZN4LiFi7man_oneEv
                0x000000000000140a       0x32 /home/srivamsimalladi/LiFi/Li-Fi-in-Industry-4.0/riot/ProcessCollector/bin/arduino-mega2560/LiFi_module/LiFi.o
                0x000000000000140a                _ZN4LiFi7man_oneEv
 .text._ZN4LiFi8man_zeroEv
                0x000000000000143c       0x32 /home/srivamsimalladi/LiFi/Li-Fi-in-Industry-4.0/riot/ProcessCollector/bin/arduino-mega2560/LiFi_module/LiFi.o
                0x000000000000143c                _ZN4LiFi8man_zeroEv
 .text._ZN4LiFi9send_byteEhh
                0x000000000000146e       0x5a /home/srivamsimalladi/LiFi/Li-Fi-in-Industry-4.0/riot/ProcessCollector/bin/arduino-mega2560/LiFi_module/LiFi.o
                0x000000000000146e                _ZN4LiFi9send_byteEhh
 .text._ZN4LiFi9send_syncEv
                0x00000000000014c8       0x2c /home/srivamsimalladi/LiFi/Li-Fi-in-Industry-4.0/riot/ProcessCollector/bin/arduino-mega2560/LiFi_module/LiFi.o
                0x00000000000014c8                _ZN4LiFi9send_syncEv
 .text._ZN4LiFi14send_delimiterEv
                0x00000000000014f4       0x4c /home/srivamsimalladi/LiFi/Li-Fi-in-Industry-4.0/riot/ProcessCollector/bin/arduino-mega2560/LiFi_module/LiFi.o
                0x00000000000014f4                _ZN4LiFi14send_delimiterEv
 .text._ZN4LiFi9send_dataEPKhh
                0x0000000000001540       0x7e /home/srivamsimalladi/LiFi/Li-Fi-in-Industry-4.0/riot/ProcessCollector/bin/arduino-mega2560/LiFi_module/LiFi.o
                0x0000000000001540                _ZN4LiFi9send_dataEPKhh
 .text._ZN4LiFi14get_classifierEv
                0x00000000000015be       0x8a /home/srivamsimalladi/LiFi/Li-Fi-in-Industry-4.0/riot/ProcessCollector/bin/arduino-mega2560/LiFi_module/LiFi.o
                0x00000000000015be                _ZN4LiFi14get_classifierEv
 .text._ZN4LiFi9get_levelEv
                0x0000000000001648       0x66 /home/srivamsimalladi/LiFi/Li-Fi-in-Industry-4.0/riot/ProcessCollector/bin/arduino-mega2560/LiFi_module/LiFi.o
                0x0000000000001648                _ZN4LiFi9get_levelEv
 .text._ZN4LiFi10sync_clockEv
                0x00000000000016ae       0x7e /home/srivamsimalladi/LiFi/Li-Fi-in-Industry-4.0/riot/ProcessCollector/bin/arduino-mega2560/LiFi_module/LiFi.o
                0x00000000000016ae                _ZN4LiFi10sync_clockEv
 .text._ZN4LiFi7get_bitEv
                0x000000000000172c       0x90 /home/srivamsimalladi/LiFi/Li-Fi-in-Industry-4.0/riot/ProcessCollector/bin/arduino-mega2560/LiFi_module/LiFi.o
                0x000000000000172c                _ZN4LiFi7get_bitEv
 .text._ZN4LiFi14skip_till_zeroEv
                0x00000000000017bc       0x1e /home/srivamsimalladi/LiFi/Li-Fi-in-Industry-4.0/riot/ProcessCollector/bin/arduino-mega2560/LiFi_module/LiFi.o
                0x00000000000017bc                _ZN4LiFi14skip_till_zeroEv
 .text._ZN4LiFi13get_delimeterEv
                0x00000000000017da       0x56 /home/srivamsimalladi/LiFi/Li-Fi-in-Industry-4.0/riot/ProcessCollector/bin/arduino-mega2560/LiFi_module/LiFi.o
                0x00000000000017da                _ZN4LiFi13get_delimeterEv
 .text._ZN4LiFi8get_byteEPh
                0x0000000000001830       0xac /home/srivamsimalladi/LiFi/Li-Fi-in-Industry-4.0/riot/ProcessCollector/bin/arduino-mega2560/LiFi_module/LiFi.o
                0x0000000000001830                _ZN4LiFi8get_byteEPh
 .text._ZN4LiFi13receive_frameEPhh
                0x00000000000018dc       0x50 /home/srivamsimalladi/LiFi/Li-Fi-in-Industry-4.0/riot/ProcessCollector/bin/arduino-mega2560/LiFi_module/LiFi.o
                0x00000000000018dc                _ZN4LiFi13receive_frameEPhh
 .text._ZN4LiFi7receiveEPhh
                0x000000000000192c       0xc6 /home/srivamsimalladi/LiFi/Li-Fi-in-Industry-4.0/riot/ProcessCollector/bin/arduino-mega2560/LiFi_module/LiFi.o
                0x000000000000192c                _ZN4LiFi7receiveEPhh
 .text.startup._GLOBAL__sub_I_debug_str_buf
                0x00000000000019f2        0xc /home/srivamsimalladi/LiFi/Li-Fi-in-Industry-4.0/riot/ProcessCollector/bin/arduino-mega2560/LiFi_module/LiFi.o
 .text._Z11crc16_ccittPKhh
                0x00000000000019fe       0x30 /home/srivamsimalladi/LiFi/Li-Fi-in-Industry-4.0/riot/ProcessCollector/bin/arduino-mega2560/LiFi_module/crc16_ccitt.o
                0x00000000000019fe                _Z11crc16_ccittPKhh
 .text._Z7pinModeii
                0x0000000000001a2e       0x22 /home/srivamsimalladi/LiFi/Li-Fi-in-Industry-4.0/riot/ProcessCollector/bin/arduino-mega2560/arduino/base.o
                0x0000000000001a2e                _Z7pinModeii
 .text._Z12digitalWriteii
                0x0000000000001a50        0xc /home/srivamsimalladi/LiFi/Li-Fi-in-Industry-4.0/riot/ProcessCollector/bin/arduino-mega2560/arduino/base.o
                0x0000000000001a50                _Z12digitalWriteii
 .text._Z11digitalReadi
                0x0000000000001a5c       0x1c /home/srivamsimalladi/LiFi/Li-Fi-in-Industry-4.0/riot/ProcessCollector/bin/arduino-mega2560/arduino/base.o
                0x0000000000001a5c                _Z11digitalReadi
 .text._Z5delaym
                0x0000000000001a78       0x24 /home/srivamsimalladi/LiFi/Li-Fi-in-Industry-4.0/riot/ProcessCollector/bin/arduino-mega2560/arduino/base.o
                0x0000000000001a78                _Z5delaym
 .text._Z17delayMicrosecondsm
                0x0000000000001a9c       0x18 /home/srivamsimalladi/LiFi/Li-Fi-in-Industry-4.0/riot/ProcessCollector/bin/arduino-mega2560/arduino/base.o
                0x0000000000001a9c                _Z17delayMicrosecondsm
 .text._Z6microsv
                0x0000000000001ab4       0x14 /home/srivamsimalladi/LiFi/Li-Fi-in-Industry-4.0/riot/ProcessCollector/bin/arduino-mega2560/arduino/base.o
                0x0000000000001ab4                _Z6microsv
 .text.startup._GLOBAL__sub_I__Z7pinModeii
                0x0000000000001ac8        0xc /home/srivamsimalladi/LiFi/Li-Fi-in-Industry-4.0/riot/ProcessCollector/bin/arduino-mega2560/arduino/base.o
 .text._ZN10SerialPortC2Ej
                0x0000000000001ad4        0x8 /home/srivamsimalladi/LiFi/Li-Fi-in-Industry-4.0/riot/ProcessCollector/bin/arduino-mega2560/arduino/serialport.o
                0x0000000000001ad4                _ZN10SerialPortC2Ej
                0x0000000000001ad4                _ZN10SerialPortC1Ej
 .text._ZN10SerialPort5writeEPKc
                0x0000000000001adc       0x2e /home/srivamsimalladi/LiFi/Li-Fi-in-Industry-4.0/riot/ProcessCollector/bin/arduino-mega2560/arduino/serialport.o
                0x0000000000001adc                _ZN10SerialPort5writeEPKc
 .text._ZN10SerialPort5printEPKc
                0x0000000000001b0a        0x4 /home/srivamsimalladi/LiFi/Li-Fi-in-Industry-4.0/riot/ProcessCollector/bin/arduino-mega2560/arduino/serialport.o
                0x0000000000001b0a                _ZN10SerialPort5printEPKc
 .text._ZN10SerialPort7printlnEPKc
                0x0000000000001b0e       0x28 /home/srivamsimalladi/LiFi/Li-Fi-in-Industry-4.0/riot/ProcessCollector/bin/arduino-mega2560/arduino/serialport.o
                0x0000000000001b0e                _ZN10SerialPort7printlnEPKc
 .text._ZN10SerialPort5writeEPci
                0x0000000000001b36       0x18 /home/srivamsimalladi/LiFi/Li-Fi-in-Industry-4.0/riot/ProcessCollector/bin/arduino-mega2560/arduino/serialport.o
                0x0000000000001b36                _ZN10SerialPort5writeEPci
 .text._ZN10SerialPort5printEm12SerialFormat
                0x0000000000001b4e      0x14e /home/srivamsimalladi/LiFi/Li-Fi-in-Industry-4.0/riot/ProcessCollector/bin/arduino-mega2560/arduino/serialport.o
                0x0000000000001b4e                _ZN10SerialPort5printEm12SerialFormat
 .text._ZN10SerialPort5printEl12SerialFormat.part.0
                0x0000000000001c9c       0x7a /home/srivamsimalladi/LiFi/Li-Fi-in-Industry-4.0/riot/ProcessCollector/bin/arduino-mega2560/arduino/serialport.o
 .text._ZN10SerialPort5printEl12SerialFormat
                0x0000000000001d16        0xc /home/srivamsimalladi/LiFi/Li-Fi-in-Industry-4.0/riot/ProcessCollector/bin/arduino-mega2560/arduino/serialport.o
                0x0000000000001d16                _ZN10SerialPort5printEl12SerialFormat
 .text._ZN10SerialPort5printEi12SerialFormat
                0x0000000000001d22       0x1c /home/srivamsimalladi/LiFi/Li-Fi-in-Industry-4.0/riot/ProcessCollector/bin/arduino-mega2560/arduino/serialport.o
                0x0000000000001d22                _ZN10SerialPort5printEi12SerialFormat
 .text._ZN10SerialPort7printlnEi12SerialFormat
                0x0000000000001d3e       0x28 /home/srivamsimalladi/LiFi/Li-Fi-in-Industry-4.0/riot/ProcessCollector/bin/arduino-mega2560/arduino/serialport.o
                0x0000000000001d3e                _ZN10SerialPort7printlnEi12SerialFormat
 .text._ZN11SPISettingsC2Emhh
                0x0000000000001d66       0x8a /home/srivamsimalladi/LiFi/Li-Fi-in-Industry-4.0/riot/ProcessCollector/bin/arduino-mega2560/arduino/SPI.o
                0x0000000000001d66                _ZN11SPISettingsC2Emhh
                0x0000000000001d66                _ZN11SPISettingsC1Emhh
 .text._ZN11SPISettingsC2Ev
                0x0000000000001df0       0x16 /home/srivamsimalladi/LiFi/Li-Fi-in-Industry-4.0/riot/ProcessCollector/bin/arduino-mega2560/arduino/SPI.o
                0x0000000000001df0                _ZN11SPISettingsC1Ev
                0x0000000000001df0                _ZN11SPISettingsC2Ev
 .text._ZN8SPIClassC2Ej
                0x0000000000001e06       0x56 /home/srivamsimalladi/LiFi/Li-Fi-in-Industry-4.0/riot/ProcessCollector/bin/arduino-mega2560/arduino/SPI.o
                0x0000000000001e06                _ZN8SPIClassC1Ej
                0x0000000000001e06                _ZN8SPIClassC2Ej
 .text._ZN8SPIClass16beginTransactionE11SPISettings
                0x0000000000001e5c       0x3e /home/srivamsimalladi/LiFi/Li-Fi-in-Industry-4.0/riot/ProcessCollector/bin/arduino-mega2560/arduino/SPI.o
                0x0000000000001e5c                _ZN8SPIClass16beginTransactionE11SPISettings
 .text._ZN8SPIClass14endTransactionEv
                0x0000000000001e9a       0x1c /home/srivamsimalladi/LiFi/Li-Fi-in-Industry-4.0/riot/ProcessCollector/bin/arduino-mega2560/arduino/SPI.o
                0x0000000000001e9a                _ZN8SPIClass14endTransactionEv
 .text._ZN8SPIClass8transferEPvj
                0x0000000000001eb6       0x82 /home/srivamsimalladi/LiFi/Li-Fi-in-Industry-4.0/riot/ProcessCollector/bin/arduino-mega2560/arduino/SPI.o
                0x0000000000001eb6                _ZN8SPIClass8transferEPvj
 .text.startup._GLOBAL__sub_I__ZN11SPISettingsC2Emhh
                0x0000000000001f38        0xc /home/srivamsimalladi/LiFi/Li-Fi-in-Industry-4.0/riot/ProcessCollector/bin/arduino-mega2560/arduino/SPI.o
 .text.irq_disable
                0x0000000000001f44        0xc /home/srivamsimalladi/LiFi/Li-Fi-in-Industry-4.0/riot/ProcessCollector/bin/arduino-mega2560/atmega_common/irq_arch.o
                0x0000000000001f44                irq_disable
 .text.irq_enable
                0x0000000000001f50        0xc /home/srivamsimalladi/LiFi/Li-Fi-in-Industry-4.0/riot/ProcessCollector/bin/arduino-mega2560/atmega_common/irq_arch.o
                0x0000000000001f50                irq_enable
 .text.irq_restore
                0x0000000000001f5c       0x14 /home/srivamsimalladi/LiFi/Li-Fi-in-Industry-4.0/riot/ProcessCollector/bin/arduino-mega2560/atmega_common/irq_arch.o
                0x0000000000001f5c                irq_restore
 .text.irq_is_in
                0x0000000000001f70        0x8 /home/srivamsimalladi/LiFi/Li-Fi-in-Industry-4.0/riot/ProcessCollector/bin/arduino-mega2560/atmega_common/irq_arch.o
                0x0000000000001f70                irq_is_in
 .text._rx_isr_handler
                0x0000000000001f78       0x3a /home/srivamsimalladi/LiFi/Li-Fi-in-Industry-4.0/riot/ProcessCollector/bin/arduino-mega2560/atmega_common_periph/uart.o
 .text.uart_init
                0x0000000000001fb2       0xb4 /home/srivamsimalladi/LiFi/Li-Fi-in-Industry-4.0/riot/ProcessCollector/bin/arduino-mega2560/atmega_common_periph/uart.o
                0x0000000000001fb2                uart_init
 .text.uart_write
                0x0000000000002066       0x46 /home/srivamsimalladi/LiFi/Li-Fi-in-Industry-4.0/riot/ProcessCollector/bin/arduino-mega2560/atmega_common_periph/uart.o
                0x0000000000002066                uart_write
 .text.__vector_25
                0x00000000000020ac       0x54 /home/srivamsimalladi/LiFi/Li-Fi-in-Industry-4.0/riot/ProcessCollector/bin/arduino-mega2560/atmega_common_periph/uart.o
                0x00000000000020ac                __vector_25
 .text.__vector_36
                0x0000000000002100       0x54 /home/srivamsimalladi/LiFi/Li-Fi-in-Industry-4.0/riot/ProcessCollector/bin/arduino-mega2560/atmega_common_periph/uart.o
                0x0000000000002100                __vector_36
 .text.__vector_27
                0x0000000000002154       0x60 /home/srivamsimalladi/LiFi/Li-Fi-in-Industry-4.0/riot/ProcessCollector/bin/arduino-mega2560/atmega_common_periph/uart.o
                0x0000000000002154                __vector_27
 .text.__vector_38
                0x00000000000021b4       0x60 /home/srivamsimalladi/LiFi/Li-Fi-in-Industry-4.0/riot/ProcessCollector/bin/arduino-mega2560/atmega_common_periph/uart.o
                0x00000000000021b4                __vector_38
 .text.atmega_port_addr
                0x0000000000002214       0x1c /home/srivamsimalladi/LiFi/Li-Fi-in-Industry-4.0/riot/ProcessCollector/bin/arduino-mega2560/atmega_common_periph/gpio.o
 .text.gpio_init
                0x0000000000002230       0x6a /home/srivamsimalladi/LiFi/Li-Fi-in-Industry-4.0/riot/ProcessCollector/bin/arduino-mega2560/atmega_common_periph/gpio.o
                0x0000000000002230                gpio_init
 .text.gpio_read
                0x000000000000229a       0x28 /home/srivamsimalladi/LiFi/Li-Fi-in-Industry-4.0/riot/ProcessCollector/bin/arduino-mega2560/atmega_common_periph/gpio.o
                0x000000000000229a                gpio_read
 .text.gpio_set
                0x00000000000022c2       0x22 /home/srivamsimalladi/LiFi/Li-Fi-in-Industry-4.0/riot/ProcessCollector/bin/arduino-mega2560/atmega_common_periph/gpio.o
                0x00000000000022c2                gpio_set
 .text.gpio_clear
                0x00000000000022e4       0x28 /home/srivamsimalladi/LiFi/Li-Fi-in-Industry-4.0/riot/ProcessCollector/bin/arduino-mega2560/atmega_common_periph/gpio.o
                0x00000000000022e4                gpio_clear
 .text.gpio_write
                0x000000000000230c        0xc /home/srivamsimalladi/LiFi/Li-Fi-in-Industry-4.0/riot/ProcessCollector/bin/arduino-mega2560/atmega_common_periph/gpio.o
                0x000000000000230c                gpio_write
 .text.spi_init_pins
                0x0000000000002318        0x8 /home/srivamsimalladi/LiFi/Li-Fi-in-Industry-4.0/riot/ProcessCollector/bin/arduino-mega2560/atmega_common_periph/spi.o
                0x0000000000002318                spi_init_pins
 .text.spi_init
                0x0000000000002320       0x20 /home/srivamsimalladi/LiFi/Li-Fi-in-Industry-4.0/riot/ProcessCollector/bin/arduino-mega2560/atmega_common_periph/spi.o
                0x0000000000002320                spi_init
 .text.spi_acquire
                0x0000000000002340       0x3c /home/srivamsimalladi/LiFi/Li-Fi-in-Industry-4.0/riot/ProcessCollector/bin/arduino-mega2560/atmega_common_periph/spi.o
                0x0000000000002340                spi_acquire
 .text.spi_release
                0x000000000000237c       0x18 /home/srivamsimalladi/LiFi/Li-Fi-in-Industry-4.0/riot/ProcessCollector/bin/arduino-mega2560/atmega_common_periph/spi.o
                0x000000000000237c                spi_release
 .text.spi_transfer_bytes
                0x0000000000002394       0x96 /home/srivamsimalladi/LiFi/Li-Fi-in-Industry-4.0/riot/ProcessCollector/bin/arduino-mega2560/atmega_common_periph/spi.o
                0x0000000000002394                spi_transfer_bytes
 .text._isr     0x000000000000242a       0x52 /home/srivamsimalladi/LiFi/Li-Fi-in-Industry-4.0/riot/ProcessCollector/bin/arduino-mega2560/atmega_common_periph/timer.o
 .text.timer_init
                0x000000000000247c       0xa8 /home/srivamsimalladi/LiFi/Li-Fi-in-Industry-4.0/riot/ProcessCollector/bin/arduino-mega2560/atmega_common_periph/timer.o
                0x000000000000247c                timer_init
 .text.timer_set_absolute
                0x0000000000002524       0x62 /home/srivamsimalladi/LiFi/Li-Fi-in-Industry-4.0/riot/ProcessCollector/bin/arduino-mega2560/atmega_common_periph/timer.o
                0x0000000000002524                timer_set_absolute
 .text.timer_read
                0x0000000000002586       0x20 /home/srivamsimalladi/LiFi/Li-Fi-in-Industry-4.0/riot/ProcessCollector/bin/arduino-mega2560/atmega_common_periph/timer.o
                0x0000000000002586                timer_read
 .text.__vector_17
                0x00000000000025a6       0x58 /home/srivamsimalladi/LiFi/Li-Fi-in-Industry-4.0/riot/ProcessCollector/bin/arduino-mega2560/atmega_common_periph/timer.o
                0x00000000000025a6                __vector_17
 .text.__vector_18
                0x00000000000025fe       0x58 /home/srivamsimalladi/LiFi/Li-Fi-in-Industry-4.0/riot/ProcessCollector/bin/arduino-mega2560/atmega_common_periph/timer.o
                0x00000000000025fe                __vector_18
 .text.__vector_19
                0x0000000000002656       0x58 /home/srivamsimalladi/LiFi/Li-Fi-in-Industry-4.0/riot/ProcessCollector/bin/arduino-mega2560/atmega_common_periph/timer.o
                0x0000000000002656                __vector_19
 .text.__vector_42
                0x00000000000026ae       0x58 /home/srivamsimalladi/LiFi/Li-Fi-in-Industry-4.0/riot/ProcessCollector/bin/arduino-mega2560/atmega_common_periph/timer.o
                0x00000000000026ae                __vector_42
 .text.__vector_43
                0x0000000000002706       0x58 /home/srivamsimalladi/LiFi/Li-Fi-in-Industry-4.0/riot/ProcessCollector/bin/arduino-mega2560/atmega_common_periph/timer.o
                0x0000000000002706                __vector_43
 .text.__vector_44
                0x000000000000275e       0x58 /home/srivamsimalladi/LiFi/Li-Fi-in-Industry-4.0/riot/ProcessCollector/bin/arduino-mega2560/atmega_common_periph/timer.o
                0x000000000000275e                __vector_44
 .text._prep    0x00000000000027b6       0x18 /home/srivamsimalladi/LiFi/Li-Fi-in-Industry-4.0/riot/ProcessCollector/bin/arduino-mega2560/atmega_common_periph/adc.o
 .text.adc_init
                0x00000000000027ce      0x11e /home/srivamsimalladi/LiFi/Li-Fi-in-Industry-4.0/riot/ProcessCollector/bin/arduino-mega2560/atmega_common_periph/adc.o
                0x00000000000027ce                adc_init
 .text.adc_sample
                0x00000000000028ec       0x98 /home/srivamsimalladi/LiFi/Li-Fi-in-Industry-4.0/riot/ProcessCollector/bin/arduino-mega2560/atmega_common_periph/adc.o
                0x00000000000028ec                adc_sample
 .text.board_init
                0x0000000000002984       0x16 /home/srivamsimalladi/LiFi/Li-Fi-in-Industry-4.0/riot/ProcessCollector/bin/arduino-mega2560/boards_common_atmega/board.o
                0x0000000000002984                board_init
 .text._mutex_lock
                0x000000000000299a       0x8a /home/srivamsimalladi/LiFi/Li-Fi-in-Industry-4.0/riot/ProcessCollector/bin/arduino-mega2560/core/mutex.o
                0x000000000000299a                _mutex_lock
 .text.mutex_unlock
                0x0000000000002a24       0x82 /home/srivamsimalladi/LiFi/Li-Fi-in-Industry-4.0/riot/ProcessCollector/bin/arduino-mega2560/core/mutex.o
                0x0000000000002a24                mutex_unlock
 .text.sched_run
                0x0000000000002aa6       0x7e /home/srivamsimalladi/LiFi/Li-Fi-in-Industry-4.0/riot/ProcessCollector/bin/arduino-mega2560/core/sched.o
                0x0000000000002aa6                sched_run
 .text.sched_set_status
                0x0000000000002b24      0x122 /home/srivamsimalladi/LiFi/Li-Fi-in-Industry-4.0/riot/ProcessCollector/bin/arduino-mega2560/core/sched.o
                0x0000000000002b24                sched_set_status
 .text.sched_switch
                0x0000000000002c46       0x34 /home/srivamsimalladi/LiFi/Li-Fi-in-Industry-4.0/riot/ProcessCollector/bin/arduino-mega2560/core/sched.o
                0x0000000000002c46                sched_switch
 .text.sched_task_exit
                0x0000000000002c7a       0x44 /home/srivamsimalladi/LiFi/Li-Fi-in-Industry-4.0/riot/ProcessCollector/bin/arduino-mega2560/core/sched.o
                0x0000000000002c7a                sched_task_exit
 .text._lock    0x0000000000002cbe       0x82 /home/srivamsimalladi/LiFi/Li-Fi-in-Industry-4.0/riot/ProcessCollector/bin/arduino-mega2560/core/rmutex.o
 .text.rmutex_lock
                0x0000000000002d40        0x8 /home/srivamsimalladi/LiFi/Li-Fi-in-Industry-4.0/riot/ProcessCollector/bin/arduino-mega2560/core/rmutex.o
                0x0000000000002d40                rmutex_lock
 .text.rmutex_unlock
                0x0000000000002d48       0x6a /home/srivamsimalladi/LiFi/Li-Fi-in-Industry-4.0/riot/ProcessCollector/bin/arduino-mega2560/core/rmutex.o
                0x0000000000002d48                rmutex_unlock
 .text.__atomic_load_2
                0x0000000000002db2       0x1c /home/srivamsimalladi/LiFi/Li-Fi-in-Industry-4.0/riot/ProcessCollector/bin/arduino-mega2560/core/atomic_c11.o
                0x0000000000002db2                __atomic_load_2
 .text.__atomic_store_2
                0x0000000000002dce       0x20 /home/srivamsimalladi/LiFi/Li-Fi-in-Industry-4.0/riot/ProcessCollector/bin/arduino-mega2560/core/atomic_c11.o
                0x0000000000002dce                __atomic_store_2
 .text.thread_add_to_list
                0x0000000000002dee       0x42 /home/srivamsimalladi/LiFi/Li-Fi-in-Industry-4.0/riot/ProcessCollector/bin/arduino-mega2560/core/thread.o
                0x0000000000002dee                thread_add_to_list
 .text.thread_create
                0x0000000000002e30      0x17c /home/srivamsimalladi/LiFi/Li-Fi-in-Industry-4.0/riot/ProcessCollector/bin/arduino-mega2560/core/thread.o
                0x0000000000002e30                thread_create
 .text.main_trampoline
                0x0000000000002fac       0x1e /home/srivamsimalladi/LiFi/Li-Fi-in-Industry-4.0/riot/ProcessCollector/bin/arduino-mega2560/core/init.o
 .text.idle_thread
                0x0000000000002fca        0x6 /home/srivamsimalladi/LiFi/Li-Fi-in-Industry-4.0/riot/ProcessCollector/bin/arduino-mega2560/core/init.o
 .text.kernel_init
                0x0000000000002fd0       0x48 /home/srivamsimalladi/LiFi/Li-Fi-in-Industry-4.0/riot/ProcessCollector/bin/arduino-mega2560/core/init.o
                0x0000000000002fd0                kernel_init
 .text.panic_arch
                0x0000000000003018        0x2 /home/srivamsimalladi/LiFi/Li-Fi-in-Industry-4.0/riot/ProcessCollector/bin/arduino-mega2560/core/panic.o
                0x0000000000003018                panic_arch
 .text.core_panic
                0x000000000000301a       0x76 /home/srivamsimalladi/LiFi/Li-Fi-in-Industry-4.0/riot/ProcessCollector/bin/arduino-mega2560/core/panic.o
                0x000000000000301a                core_panic
 .text._add_timer_to_list
                0x0000000000003090       0xe6 /home/srivamsimalladi/LiFi/Li-Fi-in-Industry-4.0/riot/ProcessCollector/bin/arduino-mega2560/xtimer/xtimer_core.o
 .text._remove_timer_from_list
                0x0000000000003176       0x2c /home/srivamsimalladi/LiFi/Li-Fi-in-Industry-4.0/riot/ProcessCollector/bin/arduino-mega2560/xtimer/xtimer_core.o
 .text._xtimer_now64
                0x00000000000031a2      0x102 /home/srivamsimalladi/LiFi/Li-Fi-in-Industry-4.0/riot/ProcessCollector/bin/arduino-mega2560/xtimer/xtimer_core.o
 .text._schedule_earliest_lltimer.part.0
                0x00000000000032a4       0x66 /home/srivamsimalladi/LiFi/Li-Fi-in-Industry-4.0/riot/ProcessCollector/bin/arduino-mega2560/xtimer/xtimer_core.o
 .text._xtimer_now
                0x000000000000330a        0xa /home/srivamsimalladi/LiFi/Li-Fi-in-Industry-4.0/riot/ProcessCollector/bin/arduino-mega2560/xtimer/xtimer_core.o
                0x000000000000330a                _xtimer_now
 .text.xtimer_init
                0x0000000000003314       0x3a /home/srivamsimalladi/LiFi/Li-Fi-in-Industry-4.0/riot/ProcessCollector/bin/arduino-mega2560/xtimer/xtimer_core.o
                0x0000000000003314                xtimer_init
 .text._periph_timer_callback
                0x000000000000334e      0x39e /home/srivamsimalladi/LiFi/Li-Fi-in-Industry-4.0/riot/ProcessCollector/bin/arduino-mega2560/xtimer/xtimer_core.o
 .text.xtimer_remove
                0x00000000000036ec       0x52 /home/srivamsimalladi/LiFi/Li-Fi-in-Industry-4.0/riot/ProcessCollector/bin/arduino-mega2560/xtimer/xtimer_core.o
                0x00000000000036ec                xtimer_remove
 .text._xtimer_set64
                0x000000000000373e      0x16c /home/srivamsimalladi/LiFi/Li-Fi-in-Industry-4.0/riot/ProcessCollector/bin/arduino-mega2560/xtimer/xtimer_core.o
                0x000000000000373e                _xtimer_set64
 .text._callback_unlock_mutex
                0x00000000000038aa        0x4 /home/srivamsimalladi/LiFi/Li-Fi-in-Industry-4.0/riot/ProcessCollector/bin/arduino-mega2560/xtimer/xtimer.o
 .text._xtimer_tsleep
                0x00000000000038ae       0xf6 /home/srivamsimalladi/LiFi/Li-Fi-in-Industry-4.0/riot/ProcessCollector/bin/arduino-mega2560/xtimer/xtimer.o
                0x00000000000038ae                _xtimer_tsleep
 .text.pm_off   0x00000000000039a4        0x6 /home/srivamsimalladi/LiFi/Li-Fi-in-Industry-4.0/riot/ProcessCollector/bin/arduino-mega2560/periph_common/pm.o
                0x00000000000039a4                pm_off
 .text.pm_set_lowest
                0x00000000000039aa        0x2 /home/srivamsimalladi/LiFi/Li-Fi-in-Industry-4.0/riot/ProcessCollector/bin/arduino-mega2560/periph_common/pm.o
                0x00000000000039aa                pm_set_lowest
 .text.eeprom_read_byte
                0x00000000000039ac       0x22 /home/srivamsimalladi/LiFi/Li-Fi-in-Industry-4.0/riot/ProcessCollector/bin/arduino-mega2560/periph_common/eeprom.o
                0x00000000000039ac                eeprom_read_byte
 .text.cpu_init
                0x00000000000039ce       0x20 /home/srivamsimalladi/LiFi/Li-Fi-in-Industry-4.0/riot/ProcessCollector/bin/arduino-mega2560/atmega_common/cpu.o
                0x00000000000039ce                cpu_init
 .text.__vector_default
                0x00000000000039ee       0x16 /home/srivamsimalladi/LiFi/Li-Fi-in-Industry-4.0/riot/ProcessCollector/bin/arduino-mega2560/atmega_common/cpu.o
                0x00000000000039ee                __vector_default
 .text.thread_stack_init
                0x0000000000003a04       0x6a /home/srivamsimalladi/LiFi/Li-Fi-in-Industry-4.0/riot/ProcessCollector/bin/arduino-mega2560/atmega_common/thread_arch.o
                0x0000000000003a04                thread_stack_init
 .text.cpu_switch_context_exit
                0x0000000000003a6e       0x9a /home/srivamsimalladi/LiFi/Li-Fi-in-Industry-4.0/riot/ProcessCollector/bin/arduino-mega2560/atmega_common/thread_arch.o
                0x0000000000003a6e                cpu_switch_context_exit
 .text.thread_yield_higher
                0x0000000000003b08       0xdc /home/srivamsimalladi/LiFi/Li-Fi-in-Industry-4.0/riot/ProcessCollector/bin/arduino-mega2560/atmega_common/thread_arch.o
                0x0000000000003b08                thread_yield_higher
 .text.atmega_exit_isr
                0x0000000000003be4       0xd6 /home/srivamsimalladi/LiFi/Li-Fi-in-Industry-4.0/riot/ProcessCollector/bin/arduino-mega2560/atmega_common/thread_arch.o
                0x0000000000003be4                atmega_exit_isr
 .text.eeprom_read
                0x0000000000003cba       0x60 /home/srivamsimalladi/LiFi/Li-Fi-in-Industry-4.0/riot/ProcessCollector/bin/arduino-mega2560/atmega_common_periph/eeprom.o
                0x0000000000003cba                eeprom_read
 .text.auto_init
                0x0000000000003d1a        0x8 /home/srivamsimalladi/LiFi/Li-Fi-in-Industry-4.0/riot/ProcessCollector/bin/arduino-mega2560/auto_init/auto_init.o
                0x0000000000003d1a                auto_init
 .text._uart_getchar
                0x0000000000003d22       0x26 /home/srivamsimalladi/LiFi/Li-Fi-in-Industry-4.0/riot/ProcessCollector/bin/arduino-mega2560/avr_libc_extra/atmega_stdio.o
 .text._uart_putchar
                0x0000000000003d48       0x24 /home/srivamsimalladi/LiFi/Li-Fi-in-Industry-4.0/riot/ProcessCollector/bin/arduino-mega2560/avr_libc_extra/atmega_stdio.o
 .text.atmega_stdio_init
                0x0000000000003d6c       0x20 /home/srivamsimalladi/LiFi/Li-Fi-in-Industry-4.0/riot/ProcessCollector/bin/arduino-mega2560/avr_libc_extra/atmega_stdio.o
                0x0000000000003d6c                atmega_stdio_init
 .text.led_init
                0x0000000000003d8c        0xc /home/srivamsimalladi/LiFi/Li-Fi-in-Industry-4.0/riot/ProcessCollector/bin/arduino-mega2560/boards_common_arduino-atmega/led_init.o
                0x0000000000003d8c                led_init
 .text.auto_init_random
                0x0000000000003d98       0x32 /home/srivamsimalladi/LiFi/Li-Fi-in-Industry-4.0/riot/ProcessCollector/bin/arduino-mega2560/random/random.o
                0x0000000000003d98                auto_init_random
 .text.random_init
                0x0000000000003dca       0x24 /home/srivamsimalladi/LiFi/Li-Fi-in-Industry-4.0/riot/ProcessCollector/bin/arduino-mega2560/random/xorshift.o
                0x0000000000003dca                random_init
 .text.stdio_init
                0x0000000000003dee       0x22 /home/srivamsimalladi/LiFi/Li-Fi-in-Industry-4.0/riot/ProcessCollector/bin/arduino-mega2560/stdio_uart/stdio_uart.o
                0x0000000000003dee                stdio_init
 .text.stdio_read
                0x0000000000003e10        0x6 /home/srivamsimalladi/LiFi/Li-Fi-in-Industry-4.0/riot/ProcessCollector/bin/arduino-mega2560/stdio_uart/stdio_uart.o
                0x0000000000003e10                stdio_read
 .text.stdio_write
                0x0000000000003e16       0x1a /home/srivamsimalladi/LiFi/Li-Fi-in-Industry-4.0/riot/ProcessCollector/bin/arduino-mega2560/stdio_uart/stdio_uart.o
                0x0000000000003e16                stdio_write
 .text.periph_init
                0x0000000000003e30       0x10 /home/srivamsimalladi/LiFi/Li-Fi-in-Industry-4.0/riot/ProcessCollector/bin/arduino-mega2560/periph_common/init.o
                0x0000000000003e30                periph_init
 .text.i2c_init
                0x0000000000003e40       0x54 /home/srivamsimalladi/LiFi/Li-Fi-in-Industry-4.0/riot/ProcessCollector/bin/arduino-mega2560/atmega_common_periph/i2c.o
                0x0000000000003e40                i2c_init
 .text.luid_base
                0x0000000000003e94       0x84 /home/srivamsimalladi/LiFi/Li-Fi-in-Industry-4.0/riot/ProcessCollector/bin/arduino-mega2560/luid/luid.o
                0x0000000000003e94                luid_base
 .text.luid_get
                0x0000000000003f18       0x22 /home/srivamsimalladi/LiFi/Li-Fi-in-Industry-4.0/riot/ProcessCollector/bin/arduino-mega2560/luid/luid.o
                0x0000000000003f18                luid_get
 .text.cpuid_get
                0x0000000000003f3a       0x40 /home/srivamsimalladi/LiFi/Li-Fi-in-Industry-4.0/riot/ProcessCollector/bin/arduino-mega2560/atmega_common_periph/cpuid.o
                0x0000000000003f3a                cpuid_get
 .text.libgcc.div
                0x0000000000003f7a       0x28 /usr/lib/gcc/avr/5.4.0/avr6/libgcc.a(_udivmodhi4.o)
                0x0000000000003f7a                __udivmodhi4
 .text.libgcc.div
                0x0000000000003fa2       0x44 /usr/lib/gcc/avr/5.4.0/avr6/libgcc.a(_udivmodsi4.o)
                0x0000000000003fa2                __udivmodsi4
 .text.libgcc   0x0000000000003fe6       0x10 /usr/lib/gcc/avr/5.4.0/avr6/libgcc.a(_tablejump2.o)
                0x0000000000003fe6                __tablejump2__
 .text.libgcc.mul
                0x0000000000003ff6       0x16 /usr/lib/gcc/avr/5.4.0/avr6/libgcc.a(_muluhisi3.o)
                0x0000000000003ff6                __muluhisi3
 .text.libgcc.builtins
                0x000000000000400c       0x3c /usr/lib/gcc/avr/5.4.0/avr6/libgcc.a(_ashrdi3.o)
                0x000000000000400c                __ashrdi3
                0x0000000000004010                __lshrdi3
 .text.libgcc   0x0000000000004048       0x12 /usr/lib/gcc/avr/5.4.0/avr6/libgcc.a(_adddi3.o)
                0x0000000000004048                __adddi3
 .text.libgcc.mul
                0x000000000000405a       0x1e /usr/lib/gcc/avr/5.4.0/avr6/libgcc.a(_umulhisi3.o)
                0x000000000000405a                __umulhisi3
 .text.avr-libc
                0x0000000000004078       0x12 /usr/lib/gcc/avr/5.4.0/../../../avr/lib/avr6/libc.a(memcpy.o)
                0x0000000000004078                memcpy
 .text.avr-libc
                0x000000000000408a        0xe /usr/lib/gcc/avr/5.4.0/../../../avr/lib/avr6/libc.a(memset.o)
                0x000000000000408a                memset
 .text.avr-libc
                0x0000000000004098       0x12 /usr/lib/gcc/avr/5.4.0/../../../avr/lib/avr6/libc.a(strlen.o)
                0x0000000000004098                strlen
 .text.avr-libc
                0x00000000000040aa       0x28 /usr/lib/gcc/avr/5.4.0/../../../avr/lib/avr6/libc.a(printf.o)
                0x00000000000040aa                printf
 .text.avr-libc
                0x00000000000040d2       0x60 /usr/lib/gcc/avr/5.4.0/../../../avr/lib/avr6/libc.a(puts.o)
                0x00000000000040d2                puts
 .text.avr-libc
                0x0000000000004132       0x5e /usr/lib/gcc/avr/5.4.0/../../../avr/lib/avr6/libc.a(sprintf.o)
                0x0000000000004132                sprintf
 .text.avr-libc
                0x0000000000004190      0x414 /usr/lib/gcc/avr/5.4.0/../../../avr/lib/avr6/libc.a(vfprintf_std.o)
                0x0000000000004190                vfprintf
 .text.avr-libc
                0x00000000000045a4       0x16 /usr/lib/gcc/avr/5.4.0/../../../avr/lib/avr6/libc.a(strnlen_P.o)
                0x00000000000045a4                strnlen_P
 .text.avr-libc
                0x00000000000045ba       0x16 /usr/lib/gcc/avr/5.4.0/../../../avr/lib/avr6/libc.a(strnlen.o)
                0x00000000000045ba                strnlen
 .text.avr-libc
                0x00000000000045d0       0x78 /usr/lib/gcc/avr/5.4.0/../../../avr/lib/avr6/libc.a(fputc.o)
                0x00000000000045d0                fputc
 .text.avr-libc
                0x0000000000004648       0xbc /usr/lib/gcc/avr/5.4.0/../../../avr/lib/avr6/libc.a(ultoa_invert.o)
                0x0000000000004648                __ultoa_invert
                0x0000000000004704                . = ALIGN (0x2)
 *(.fini9)
 .fini9         0x0000000000004704        0x0 /usr/lib/gcc/avr/5.4.0/avr6/libgcc.a(_exit.o)
                0x0000000000004704                exit
                0x0000000000004704                _exit
 *(.fini9)
 *(.fini8)
 *(.fini8)
 *(.fini7)
 *(.fini7)
 *(.fini6)
 *(.fini6)
 *(.fini5)
 *(.fini5)
 *(.fini4)
 *(.fini4)
 *(.fini3)
 *(.fini3)
 *(.fini2)
 *(.fini2)
 *(.fini1)
 *(.fini1)
 *(.fini0)
 .fini0         0x0000000000004704        0x4 /usr/lib/gcc/avr/5.4.0/avr6/libgcc.a(_exit.o)
 *(.fini0)
                0x0000000000004708                _etext = .

.data           0x0000000000800200      0x418 load address 0x0000000000004708
                0x0000000000800200                PROVIDE (__data_start, .)
 *(.data)
 .data          0x0000000000800200        0x6 /usr/lib/gcc/avr/5.4.0/../../../avr/lib/avr6/libc.a(malloc.o)
                0x0000000000800200                __malloc_heap_end
                0x0000000000800202                __malloc_heap_start
                0x0000000000800204                __malloc_margin
 *(.data*)
 .data.conveyor
                0x0000000000800206        0x3 /home/srivamsimalladi/LiFi/Li-Fi-in-Industry-4.0/riot/ProcessCollector/bin/arduino-mega2560/application_master/main.o
                0x0000000000800206                conveyor
 .data.control_info
                0x0000000000800209        0x1 /home/srivamsimalladi/LiFi/Li-Fi-in-Industry-4.0/riot/ProcessCollector/bin/arduino-mega2560/application_master/main.o
                0x0000000000800209                control_info
 .data.ctx      0x000000000080020a       0x18 /home/srivamsimalladi/LiFi/Li-Fi-in-Industry-4.0/riot/ProcessCollector/bin/arduino-mega2560/atmega_common_periph/timer.o
 .data._uart_stdin
                0x0000000000800222        0xe /home/srivamsimalladi/LiFi/Li-Fi-in-Industry-4.0/riot/ProcessCollector/bin/arduino-mega2560/avr_libc_extra/atmega_stdio.o
 .data._uart_stdout
                0x0000000000800230        0xe /home/srivamsimalladi/LiFi/Li-Fi-in-Industry-4.0/riot/ProcessCollector/bin/arduino-mega2560/avr_libc_extra/atmega_stdio.o
 *(.rodata)
 *(.rodata*)
 .rodata.str1.1
                0x000000000080023e       0x90 /home/srivamsimalladi/LiFi/Li-Fi-in-Industry-4.0/riot/ProcessCollector/bin/arduino-mega2560/application_master/main.o
 .rodata._ZTV7MFRC522
                0x00000000008002ce        0xa /home/srivamsimalladi/LiFi/Li-Fi-in-Industry-4.0/riot/ProcessCollector/bin/arduino-mega2560/application_master/MFRC522.o
                0x00000000008002ce                _ZTV7MFRC522
 .rodata._ZL9crc_table
                0x00000000008002d8      0x200 /home/srivamsimalladi/LiFi/Li-Fi-in-Industry-4.0/riot/ProcessCollector/bin/arduino-mega2560/LiFi_module/crc16_ccitt.o
 .rodata._ZL14arduino_pinmap
                0x00000000008004d8       0x46 /home/srivamsimalladi/LiFi/Li-Fi-in-Industry-4.0/riot/ProcessCollector/bin/arduino-mega2560/arduino/base.o
 .rodata.str1.1
                0x000000000080051e       0x18 /home/srivamsimalladi/LiFi/Li-Fi-in-Industry-4.0/riot/ProcessCollector/bin/arduino-mega2560/arduino/serialport.o
 .rodata._ZZN11SPISettingsC4EmhhE6clocks
                0x0000000000800536        0x4 /home/srivamsimalladi/LiFi/Li-Fi-in-Industry-4.0/riot/ProcessCollector/bin/arduino-mega2560/arduino/SPI.o
 .rodata.dev    0x000000000080053a        0x4 /home/srivamsimalladi/LiFi/Li-Fi-in-Industry-4.0/riot/ProcessCollector/bin/arduino-mega2560/atmega_common_periph/uart.o
 .rodata.prescalers
                0x000000000080053e        0x5 /home/srivamsimalladi/LiFi/Li-Fi-in-Industry-4.0/riot/ProcessCollector/bin/arduino-mega2560/atmega_common_periph/timer.o
 .rodata.str1.1
                0x0000000000800543       0x7f /home/srivamsimalladi/LiFi/Li-Fi-in-Industry-4.0/riot/ProcessCollector/bin/arduino-mega2560/core/init.o
 .rodata.str1.1
                0x00000000008005c2       0x41 /home/srivamsimalladi/LiFi/Li-Fi-in-Industry-4.0/riot/ProcessCollector/bin/arduino-mega2560/core/panic.o
 .rodata.assert_crash_message
                0x0000000000800603       0x12 /home/srivamsimalladi/LiFi/Li-Fi-in-Industry-4.0/riot/ProcessCollector/bin/arduino-mega2560/core/panic.o
                0x0000000000800603                assert_crash_message
 .rodata.str1.1
                0x0000000000800615        0x2 /home/srivamsimalladi/LiFi/Li-Fi-in-Industry-4.0/riot/ProcessCollector/bin/arduino-mega2560/avr_libc_extra/atmega_stdio.o
 *(.gnu.linkonce.d*)
                0x0000000000800618                . = ALIGN (0x2)
 *fill*         0x0000000000800617        0x1 
                0x0000000000800618                _edata = .
                0x0000000000800618                PROVIDE (__data_end, .)

.bss            0x0000000000800618      0xcd9
                0x0000000000800618                PROVIDE (__bss_start, .)
 *(.bss)
 *(.bss*)
 .bss._ZL6Serial
                0x0000000000800618       0x4a /home/srivamsimalladi/LiFi/Li-Fi-in-Industry-4.0/riot/ProcessCollector/bin/arduino-mega2560/application_master/_sketches.o
 .bss.endSensor
                0x0000000000800662        0x1 /home/srivamsimalladi/LiFi/Li-Fi-in-Industry-4.0/riot/ProcessCollector/bin/arduino-mega2560/application_master/main.o
                0x0000000000800662                endSensor
 .bss.startSensor
                0x0000000000800663        0x1 /home/srivamsimalladi/LiFi/Li-Fi-in-Industry-4.0/riot/ProcessCollector/bin/arduino-mega2560/application_master/main.o
                0x0000000000800663                startSensor
 .bss.lifi1     0x0000000000800664       0x55 /home/srivamsimalladi/LiFi/Li-Fi-in-Industry-4.0/riot/ProcessCollector/bin/arduino-mega2560/application_master/main.o
                0x0000000000800664                lifi1
 .bss._ZL9rx_stack1
                0x00000000008006b9      0x280 /home/srivamsimalladi/LiFi/Li-Fi-in-Industry-4.0/riot/ProcessCollector/bin/arduino-mega2560/application_master/main.o
 .bss._ZL9tx_stack1
                0x0000000000800939      0x280 /home/srivamsimalladi/LiFi/Li-Fi-in-Industry-4.0/riot/ProcessCollector/bin/arduino-mega2560/application_master/main.o
 .bss.control_data
                0x0000000000800bb9       0xff /home/srivamsimalladi/LiFi/Li-Fi-in-Industry-4.0/riot/ProcessCollector/bin/arduino-mega2560/application_master/main.o
                0x0000000000800bb9                control_data
 .bss.device_id
                0x0000000000800cb8        0x1 /home/srivamsimalladi/LiFi/Li-Fi-in-Industry-4.0/riot/ProcessCollector/bin/arduino-mega2560/application_master/main.o
                0x0000000000800cb8                device_id
 .bss.state2    0x0000000000800cb9        0x2 /home/srivamsimalladi/LiFi/Li-Fi-in-Industry-4.0/riot/ProcessCollector/bin/arduino-mega2560/application_master/main.o
                0x0000000000800cb9                state2
 .bss.acc       0x0000000000800cbb        0xa /home/srivamsimalladi/LiFi/Li-Fi-in-Industry-4.0/riot/ProcessCollector/bin/arduino-mega2560/application_master/main.o
                0x0000000000800cbb                acc
 .bss.mfrc522   0x0000000000800cc5       0x10 /home/srivamsimalladi/LiFi/Li-Fi-in-Industry-4.0/riot/ProcessCollector/bin/arduino-mega2560/application_master/main.o
                0x0000000000800cc5                mfrc522
 .bss._ZL6Serial
                0x0000000000800cd5       0x4a /home/srivamsimalladi/LiFi/Li-Fi-in-Industry-4.0/riot/ProcessCollector/bin/arduino-mega2560/application_master/main.o
 .bss._ZL6Serial
                0x0000000000800d1f       0x4a /home/srivamsimalladi/LiFi/Li-Fi-in-Industry-4.0/riot/ProcessCollector/bin/arduino-mega2560/application_master/MFRC522.o
 .bss._ZL6Serial
                0x0000000000800d69       0x4a /home/srivamsimalladi/LiFi/Li-Fi-in-Industry-4.0/riot/ProcessCollector/bin/arduino-mega2560/LiFi_module/PLiFi.o
 .bss.debug_str_pos
                0x0000000000800db3        0x1 /home/srivamsimalladi/LiFi/Li-Fi-in-Industry-4.0/riot/ProcessCollector/bin/arduino-mega2560/LiFi_module/LiFi.o
                0x0000000000800db3                debug_str_pos
 .bss.debug_str_buf
                0x0000000000800db4      0x100 /home/srivamsimalladi/LiFi/Li-Fi-in-Industry-4.0/riot/ProcessCollector/bin/arduino-mega2560/LiFi_module/LiFi.o
                0x0000000000800db4                debug_str_buf
 .bss._ZL6Serial
                0x0000000000800eb4       0x4a /home/srivamsimalladi/LiFi/Li-Fi-in-Industry-4.0/riot/ProcessCollector/bin/arduino-mega2560/LiFi_module/LiFi.o
 .bss._ZL6Serial
                0x0000000000800efe       0x4a /home/srivamsimalladi/LiFi/Li-Fi-in-Industry-4.0/riot/ProcessCollector/bin/arduino-mega2560/arduino/base.o
 .bss.SPI       0x0000000000800f48        0xb /home/srivamsimalladi/LiFi/Li-Fi-in-Industry-4.0/riot/ProcessCollector/bin/arduino-mega2560/arduino/SPI.o
                0x0000000000800f48                SPI
 .bss.atmega_in_isr
                0x0000000000800f53        0x1 /home/srivamsimalladi/LiFi/Li-Fi-in-Industry-4.0/riot/ProcessCollector/bin/arduino-mega2560/atmega_common/irq_arch.o
                0x0000000000800f53                atmega_in_isr
 .bss._tx_pending
                0x0000000000800f54        0x1 /home/srivamsimalladi/LiFi/Li-Fi-in-Industry-4.0/riot/ProcessCollector/bin/arduino-mega2560/atmega_common_periph/uart.o
 .bss.isr_ctx   0x0000000000800f55        0x8 /home/srivamsimalladi/LiFi/Li-Fi-in-Industry-4.0/riot/ProcessCollector/bin/arduino-mega2560/atmega_common_periph/uart.o
 .bss.lock      0x0000000000800f5d        0x2 /home/srivamsimalladi/LiFi/Li-Fi-in-Industry-4.0/riot/ProcessCollector/bin/arduino-mega2560/atmega_common_periph/spi.o
 .bss.lock      0x0000000000800f5f        0x2 /home/srivamsimalladi/LiFi/Li-Fi-in-Industry-4.0/riot/ProcessCollector/bin/arduino-mega2560/atmega_common_periph/adc.o
 .bss.runqueue_bitcache
                0x0000000000800f61        0x4 /home/srivamsimalladi/LiFi/Li-Fi-in-Industry-4.0/riot/ProcessCollector/bin/arduino-mega2560/core/sched.o
 .bss.sched_runqueues
                0x0000000000800f65       0x20 /home/srivamsimalladi/LiFi/Li-Fi-in-Industry-4.0/riot/ProcessCollector/bin/arduino-mega2560/core/sched.o
                0x0000000000800f65                sched_runqueues
 .bss.sched_active_pid
                0x0000000000800f85        0x2 /home/srivamsimalladi/LiFi/Li-Fi-in-Industry-4.0/riot/ProcessCollector/bin/arduino-mega2560/core/sched.o
                0x0000000000800f85                sched_active_pid
 .bss.sched_active_thread
                0x0000000000800f87        0x2 /home/srivamsimalladi/LiFi/Li-Fi-in-Industry-4.0/riot/ProcessCollector/bin/arduino-mega2560/core/sched.o
                0x0000000000800f87                sched_active_thread
 .bss.sched_threads
                0x0000000000800f89       0x42 /home/srivamsimalladi/LiFi/Li-Fi-in-Industry-4.0/riot/ProcessCollector/bin/arduino-mega2560/core/sched.o
                0x0000000000800f89                sched_threads
 .bss.sched_context_switch_request
                0x0000000000800fcb        0x2 /home/srivamsimalladi/LiFi/Li-Fi-in-Industry-4.0/riot/ProcessCollector/bin/arduino-mega2560/core/sched.o
                0x0000000000800fcb                sched_context_switch_request
 .bss.sched_num_threads
                0x0000000000800fcd        0x2 /home/srivamsimalladi/LiFi/Li-Fi-in-Industry-4.0/riot/ProcessCollector/bin/arduino-mega2560/core/sched.o
                0x0000000000800fcd                sched_num_threads
 .bss.idle_stack
                0x0000000000800fcf       0x80 /home/srivamsimalladi/LiFi/Li-Fi-in-Industry-4.0/riot/ProcessCollector/bin/arduino-mega2560/core/init.o
 .bss.main_stack
                0x000000000080104f      0x280 /home/srivamsimalladi/LiFi/Li-Fi-in-Industry-4.0/riot/ProcessCollector/bin/arduino-mega2560/core/init.o
 .bss.crashed   0x00000000008012cf        0x2 /home/srivamsimalladi/LiFi/Li-Fi-in-Industry-4.0/riot/ProcessCollector/bin/arduino-mega2560/core/panic.o
 .bss._lltimer_ongoing
                0x00000000008012d1        0x1 /home/srivamsimalladi/LiFi/Li-Fi-in-Industry-4.0/riot/ProcessCollector/bin/arduino-mega2560/xtimer/xtimer_core.o
 .bss.long_list_head
                0x00000000008012d2        0x2 /home/srivamsimalladi/LiFi/Li-Fi-in-Industry-4.0/riot/ProcessCollector/bin/arduino-mega2560/xtimer/xtimer_core.o
 .bss.timer_list_head
                0x00000000008012d4        0x2 /home/srivamsimalladi/LiFi/Li-Fi-in-Industry-4.0/riot/ProcessCollector/bin/arduino-mega2560/xtimer/xtimer_core.o
 .bss._xtimer_current_time
                0x00000000008012d6        0x8 /home/srivamsimalladi/LiFi/Li-Fi-in-Industry-4.0/riot/ProcessCollector/bin/arduino-mega2560/xtimer/xtimer_core.o
                0x00000000008012d6                _xtimer_current_time
 .bss._in_handler
                0x00000000008012de        0x2 /home/srivamsimalladi/LiFi/Li-Fi-in-Industry-4.0/riot/ProcessCollector/bin/arduino-mega2560/xtimer/xtimer_core.o
 .bss._state32  0x00000000008012e0        0x4 /home/srivamsimalladi/LiFi/Li-Fi-in-Industry-4.0/riot/ProcessCollector/bin/arduino-mega2560/random/xorshift.o
 .bss.locks     0x00000000008012e4        0x2 /home/srivamsimalladi/LiFi/Li-Fi-in-Industry-4.0/riot/ProcessCollector/bin/arduino-mega2560/atmega_common_periph/i2c.o
 .bss.lastused  0x00000000008012e6        0x1 /home/srivamsimalladi/LiFi/Li-Fi-in-Industry-4.0/riot/ProcessCollector/bin/arduino-mega2560/luid/luid.o
 *(COMMON)
 COMMON         0x00000000008012e7        0x4 /usr/lib/gcc/avr/5.4.0/../../../avr/lib/avr6/libc.a(malloc.o)
                0x00000000008012e7                __brkval
                0x00000000008012e9                __flp
 COMMON         0x00000000008012eb        0x6 /usr/lib/gcc/avr/5.4.0/../../../avr/lib/avr6/libc.a(iob.o)
                0x00000000008012eb                __iob
                0x00000000008012f1                PROVIDE (__bss_end, .)
                0x0000000000004708                __data_load_start = LOADADDR (.data)
                0x0000000000004b20                __data_load_end = (__data_load_start + SIZEOF (.data))

.noinit         0x00000000008012f1        0x2
                [!provide]                        PROVIDE (__noinit_start, .)
 *(.noinit*)
 .noinit        0x00000000008012f1        0x2 /home/srivamsimalladi/LiFi/Li-Fi-in-Industry-4.0/riot/ProcessCollector/bin/arduino-mega2560/atmega_common/cpu.o
                0x00000000008012f1                soft_rst
                0x00000000008012f2                mcusr_mirror
                [!provide]                        PROVIDE (__noinit_end, .)
                0x00000000008012f3                _end = .
                0x00000000008012f3                PROVIDE (__heap_start, .)

.eeprom         0x0000000000810000        0x0
 *(.eeprom*)
                0x0000000000810000                __eeprom_end = .

.fuse
 *(.fuse)
 *(.lfuse)
 *(.hfuse)
 *(.efuse)

.lock
 *(.lock*)

.signature
 *(.signature*)

.user_signatures
 *(.user_signatures*)

.stab
 *(.stab)

.stabstr
 *(.stabstr)

.stab.excl
 *(.stab.excl)

.stab.exclstr
 *(.stab.exclstr)

.stab.index
 *(.stab.index)

.stab.indexstr
 *(.stab.indexstr)

.comment        0x0000000000000000       0x11
 *(.comment)
 .comment       0x0000000000000000       0x11 /home/srivamsimalladi/LiFi/Li-Fi-in-Industry-4.0/riot/ProcessCollector/bin/arduino-mega2560/atmega_common/startup.o
                                         0x12 (size before relaxing)
 .comment       0x0000000000000011       0x12 /home/srivamsimalladi/LiFi/Li-Fi-in-Industry-4.0/riot/ProcessCollector/bin/arduino-mega2560/application_master/_sketches.o
 .comment       0x0000000000000011       0x12 /home/srivamsimalladi/LiFi/Li-Fi-in-Industry-4.0/riot/ProcessCollector/bin/arduino-mega2560/application_master/main.o
 .comment       0x0000000000000011       0x12 /home/srivamsimalladi/LiFi/Li-Fi-in-Industry-4.0/riot/ProcessCollector/bin/arduino-mega2560/application_master/MFRC522.o
 .comment       0x0000000000000011       0x12 /home/srivamsimalladi/LiFi/Li-Fi-in-Industry-4.0/riot/ProcessCollector/bin/arduino-mega2560/LiFi_module/PLiFi.o
 .comment       0x0000000000000011       0x12 /home/srivamsimalladi/LiFi/Li-Fi-in-Industry-4.0/riot/ProcessCollector/bin/arduino-mega2560/LiFi_module/LiFi.o
 .comment       0x0000000000000011       0x12 /home/srivamsimalladi/LiFi/Li-Fi-in-Industry-4.0/riot/ProcessCollector/bin/arduino-mega2560/LiFi_module/crc16_ccitt.o
 .comment       0x0000000000000011       0x12 /home/srivamsimalladi/LiFi/Li-Fi-in-Industry-4.0/riot/ProcessCollector/bin/arduino-mega2560/arduino/base.o
 .comment       0x0000000000000011       0x12 /home/srivamsimalladi/LiFi/Li-Fi-in-Industry-4.0/riot/ProcessCollector/bin/arduino-mega2560/arduino/serialport.o
 .comment       0x0000000000000011       0x12 /home/srivamsimalladi/LiFi/Li-Fi-in-Industry-4.0/riot/ProcessCollector/bin/arduino-mega2560/arduino/SPI.o
 .comment       0x0000000000000011       0x12 /home/srivamsimalladi/LiFi/Li-Fi-in-Industry-4.0/riot/ProcessCollector/bin/arduino-mega2560/atmega_common/irq_arch.o
 .comment       0x0000000000000011       0x12 /home/srivamsimalladi/LiFi/Li-Fi-in-Industry-4.0/riot/ProcessCollector/bin/arduino-mega2560/atmega_common_periph/uart.o
 .comment       0x0000000000000011       0x12 /home/srivamsimalladi/LiFi/Li-Fi-in-Industry-4.0/riot/ProcessCollector/bin/arduino-mega2560/atmega_common_periph/gpio.o
 .comment       0x0000000000000011       0x12 /home/srivamsimalladi/LiFi/Li-Fi-in-Industry-4.0/riot/ProcessCollector/bin/arduino-mega2560/atmega_common_periph/spi.o
 .comment       0x0000000000000011       0x12 /home/srivamsimalladi/LiFi/Li-Fi-in-Industry-4.0/riot/ProcessCollector/bin/arduino-mega2560/atmega_common_periph/timer.o
 .comment       0x0000000000000011       0x12 /home/srivamsimalladi/LiFi/Li-Fi-in-Industry-4.0/riot/ProcessCollector/bin/arduino-mega2560/atmega_common_periph/adc.o
 .comment       0x0000000000000011       0x12 /home/srivamsimalladi/LiFi/Li-Fi-in-Industry-4.0/riot/ProcessCollector/bin/arduino-mega2560/boards_common_atmega/board.o
 .comment       0x0000000000000011       0x12 /home/srivamsimalladi/LiFi/Li-Fi-in-Industry-4.0/riot/ProcessCollector/bin/arduino-mega2560/core/mutex.o
 .comment       0x0000000000000011       0x12 /home/srivamsimalladi/LiFi/Li-Fi-in-Industry-4.0/riot/ProcessCollector/bin/arduino-mega2560/core/sched.o
 .comment       0x0000000000000011       0x12 /home/srivamsimalladi/LiFi/Li-Fi-in-Industry-4.0/riot/ProcessCollector/bin/arduino-mega2560/core/rmutex.o
 .comment       0x0000000000000011       0x12 /home/srivamsimalladi/LiFi/Li-Fi-in-Industry-4.0/riot/ProcessCollector/bin/arduino-mega2560/core/atomic_c11.o
 .comment       0x0000000000000011       0x12 /home/srivamsimalladi/LiFi/Li-Fi-in-Industry-4.0/riot/ProcessCollector/bin/arduino-mega2560/core/thread.o
 .comment       0x0000000000000011       0x12 /home/srivamsimalladi/LiFi/Li-Fi-in-Industry-4.0/riot/ProcessCollector/bin/arduino-mega2560/core/init.o
 .comment       0x0000000000000011       0x12 /home/srivamsimalladi/LiFi/Li-Fi-in-Industry-4.0/riot/ProcessCollector/bin/arduino-mega2560/core/panic.o
 .comment       0x0000000000000011       0x12 /home/srivamsimalladi/LiFi/Li-Fi-in-Industry-4.0/riot/ProcessCollector/bin/arduino-mega2560/xtimer/xtimer_core.o
 .comment       0x0000000000000011       0x12 /home/srivamsimalladi/LiFi/Li-Fi-in-Industry-4.0/riot/ProcessCollector/bin/arduino-mega2560/xtimer/xtimer.o
 .comment       0x0000000000000011       0x12 /home/srivamsimalladi/LiFi/Li-Fi-in-Industry-4.0/riot/ProcessCollector/bin/arduino-mega2560/periph_common/pm.o
 .comment       0x0000000000000011       0x12 /home/srivamsimalladi/LiFi/Li-Fi-in-Industry-4.0/riot/ProcessCollector/bin/arduino-mega2560/periph_common/eeprom.o
 .comment       0x0000000000000011       0x12 /home/srivamsimalladi/LiFi/Li-Fi-in-Industry-4.0/riot/ProcessCollector/bin/arduino-mega2560/atmega_common/cpu.o
 .comment       0x0000000000000011       0x12 /home/srivamsimalladi/LiFi/Li-Fi-in-Industry-4.0/riot/ProcessCollector/bin/arduino-mega2560/atmega_common/thread_arch.o
 .comment       0x0000000000000011       0x12 /home/srivamsimalladi/LiFi/Li-Fi-in-Industry-4.0/riot/ProcessCollector/bin/arduino-mega2560/atmega_common_periph/eeprom.o
 .comment       0x0000000000000011       0x12 /home/srivamsimalladi/LiFi/Li-Fi-in-Industry-4.0/riot/ProcessCollector/bin/arduino-mega2560/auto_init/auto_init.o
 .comment       0x0000000000000011       0x12 /home/srivamsimalladi/LiFi/Li-Fi-in-Industry-4.0/riot/ProcessCollector/bin/arduino-mega2560/avr_libc_extra/atmega_stdio.o
 .comment       0x0000000000000011       0x12 /home/srivamsimalladi/LiFi/Li-Fi-in-Industry-4.0/riot/ProcessCollector/bin/arduino-mega2560/boards_common_arduino-atmega/led_init.o
 .comment       0x0000000000000011       0x12 /home/srivamsimalladi/LiFi/Li-Fi-in-Industry-4.0/riot/ProcessCollector/bin/arduino-mega2560/random/random.o
 .comment       0x0000000000000011       0x12 /home/srivamsimalladi/LiFi/Li-Fi-in-Industry-4.0/riot/ProcessCollector/bin/arduino-mega2560/random/xorshift.o
 .comment       0x0000000000000011       0x12 /home/srivamsimalladi/LiFi/Li-Fi-in-Industry-4.0/riot/ProcessCollector/bin/arduino-mega2560/stdio_uart/stdio_uart.o
 .comment       0x0000000000000011       0x12 /home/srivamsimalladi/LiFi/Li-Fi-in-Industry-4.0/riot/ProcessCollector/bin/arduino-mega2560/periph_common/init.o
 .comment       0x0000000000000011       0x12 /home/srivamsimalladi/LiFi/Li-Fi-in-Industry-4.0/riot/ProcessCollector/bin/arduino-mega2560/atmega_common_periph/i2c.o
 .comment       0x0000000000000011       0x12 /home/srivamsimalladi/LiFi/Li-Fi-in-Industry-4.0/riot/ProcessCollector/bin/arduino-mega2560/luid/luid.o
 .comment       0x0000000000000011       0x12 /home/srivamsimalladi/LiFi/Li-Fi-in-Industry-4.0/riot/ProcessCollector/bin/arduino-mega2560/atmega_common_periph/cpuid.o
 .comment       0x0000000000000011       0x12 /usr/lib/gcc/avr/5.4.0/../../../avr/lib/avr6/libc.a(malloc.o)
 .comment       0x0000000000000011       0x12 /usr/lib/gcc/avr/5.4.0/../../../avr/lib/avr6/libc.a(iob.o)
 .comment       0x0000000000000011       0x12 /usr/lib/gcc/avr/5.4.0/../../../avr/lib/avr6/libc.a(printf.o)
 .comment       0x0000000000000011       0x12 /usr/lib/gcc/avr/5.4.0/../../../avr/lib/avr6/libc.a(puts.o)
 .comment       0x0000000000000011       0x12 /usr/lib/gcc/avr/5.4.0/../../../avr/lib/avr6/libc.a(sprintf.o)
 .comment       0x0000000000000011       0x12 /usr/lib/gcc/avr/5.4.0/../../../avr/lib/avr6/libc.a(vfprintf_std.o)
 .comment       0x0000000000000011       0x12 /usr/lib/gcc/avr/5.4.0/../../../avr/lib/avr6/libc.a(fputc.o)

.note.gnu.avr.deviceinfo
                0x0000000000000000       0x40
 .note.gnu.avr.deviceinfo
                0x0000000000000000       0x40 /usr/lib/gcc/avr/5.4.0/../../../avr/lib/avr6/crtatmega2560.o

.note.gnu.build-id
 *(.note.gnu.build-id)

.debug
 *(.debug)

.line
 *(.line)

.debug_srcinfo
 *(.debug_srcinfo)

.debug_sfnames
 *(.debug_sfnames)

.debug_aranges  0x0000000000000000      0xf20
 *(.debug_aranges)
 .debug_aranges
                0x0000000000000000       0x30 /home/srivamsimalladi/LiFi/Li-Fi-in-Industry-4.0/riot/ProcessCollector/bin/arduino-mega2560/atmega_common/startup.o
 .debug_aranges
                0x0000000000000030       0x28 /home/srivamsimalladi/LiFi/Li-Fi-in-Industry-4.0/riot/ProcessCollector/bin/arduino-mega2560/application_master/_sketches.o
 .debug_aranges
                0x0000000000000058       0x48 /home/srivamsimalladi/LiFi/Li-Fi-in-Industry-4.0/riot/ProcessCollector/bin/arduino-mega2560/application_master/main.o
 .debug_aranges
                0x00000000000000a0      0x200 /home/srivamsimalladi/LiFi/Li-Fi-in-Industry-4.0/riot/ProcessCollector/bin/arduino-mega2560/application_master/MFRC522.o
 .debug_aranges
                0x00000000000002a0       0x40 /home/srivamsimalladi/LiFi/Li-Fi-in-Industry-4.0/riot/ProcessCollector/bin/arduino-mega2560/LiFi_module/PLiFi.o
 .debug_aranges
                0x00000000000002e0       0xb0 /home/srivamsimalladi/LiFi/Li-Fi-in-Industry-4.0/riot/ProcessCollector/bin/arduino-mega2560/LiFi_module/LiFi.o
 .debug_aranges
                0x0000000000000390       0x20 /home/srivamsimalladi/LiFi/Li-Fi-in-Industry-4.0/riot/ProcessCollector/bin/arduino-mega2560/LiFi_module/crc16_ccitt.o
 .debug_aranges
                0x00000000000003b0       0x68 /home/srivamsimalladi/LiFi/Li-Fi-in-Industry-4.0/riot/ProcessCollector/bin/arduino-mega2560/arduino/base.o
 .debug_aranges
                0x0000000000000418      0x130 /home/srivamsimalladi/LiFi/Li-Fi-in-Industry-4.0/riot/ProcessCollector/bin/arduino-mega2560/arduino/serialport.o
 .debug_aranges
                0x0000000000000548       0x68 /home/srivamsimalladi/LiFi/Li-Fi-in-Industry-4.0/riot/ProcessCollector/bin/arduino-mega2560/arduino/SPI.o
 .debug_aranges
                0x00000000000005b0       0x38 /home/srivamsimalladi/LiFi/Li-Fi-in-Industry-4.0/riot/ProcessCollector/bin/arduino-mega2560/atmega_common/irq_arch.o
 .debug_aranges
                0x00000000000005e8       0x58 /home/srivamsimalladi/LiFi/Li-Fi-in-Industry-4.0/riot/ProcessCollector/bin/arduino-mega2560/atmega_common_periph/uart.o
 .debug_aranges
                0x0000000000000640       0x50 /home/srivamsimalladi/LiFi/Li-Fi-in-Industry-4.0/riot/ProcessCollector/bin/arduino-mega2560/atmega_common_periph/gpio.o
 .debug_aranges
                0x0000000000000690       0x40 /home/srivamsimalladi/LiFi/Li-Fi-in-Industry-4.0/riot/ProcessCollector/bin/arduino-mega2560/atmega_common_periph/spi.o
 .debug_aranges
                0x00000000000006d0       0x80 /home/srivamsimalladi/LiFi/Li-Fi-in-Industry-4.0/riot/ProcessCollector/bin/arduino-mega2560/atmega_common_periph/timer.o
 .debug_aranges
                0x0000000000000750       0x30 /home/srivamsimalladi/LiFi/Li-Fi-in-Industry-4.0/riot/ProcessCollector/bin/arduino-mega2560/atmega_common_periph/adc.o
 .debug_aranges
                0x0000000000000780       0x20 /home/srivamsimalladi/LiFi/Li-Fi-in-Industry-4.0/riot/ProcessCollector/bin/arduino-mega2560/boards_common_atmega/board.o
 .debug_aranges
                0x00000000000007a0       0x30 /home/srivamsimalladi/LiFi/Li-Fi-in-Industry-4.0/riot/ProcessCollector/bin/arduino-mega2560/core/mutex.o
 .debug_aranges
                0x00000000000007d0       0x38 /home/srivamsimalladi/LiFi/Li-Fi-in-Industry-4.0/riot/ProcessCollector/bin/arduino-mega2560/core/sched.o
 .debug_aranges
                0x0000000000000808       0x38 /home/srivamsimalladi/LiFi/Li-Fi-in-Industry-4.0/riot/ProcessCollector/bin/arduino-mega2560/core/rmutex.o
 .debug_aranges
                0x0000000000000840      0x240 /home/srivamsimalladi/LiFi/Li-Fi-in-Industry-4.0/riot/ProcessCollector/bin/arduino-mega2560/core/atomic_c11.o
 .debug_aranges
                0x0000000000000a80       0x70 /home/srivamsimalladi/LiFi/Li-Fi-in-Industry-4.0/riot/ProcessCollector/bin/arduino-mega2560/core/thread.o
 .debug_aranges
                0x0000000000000af0       0x30 /home/srivamsimalladi/LiFi/Li-Fi-in-Industry-4.0/riot/ProcessCollector/bin/arduino-mega2560/core/init.o
 .debug_aranges
                0x0000000000000b20       0x28 /home/srivamsimalladi/LiFi/Li-Fi-in-Industry-4.0/riot/ProcessCollector/bin/arduino-mega2560/core/panic.o
 .debug_aranges
                0x0000000000000b48       0x60 /home/srivamsimalladi/LiFi/Li-Fi-in-Industry-4.0/riot/ProcessCollector/bin/arduino-mega2560/xtimer/xtimer_core.o
 .debug_aranges
                0x0000000000000ba8       0x88 /home/srivamsimalladi/LiFi/Li-Fi-in-Industry-4.0/riot/ProcessCollector/bin/arduino-mega2560/xtimer/xtimer.o
 .debug_aranges
                0x0000000000000c30       0x28 /home/srivamsimalladi/LiFi/Li-Fi-in-Industry-4.0/riot/ProcessCollector/bin/arduino-mega2560/periph_common/pm.o
 .debug_aranges
                0x0000000000000c58       0x40 /home/srivamsimalladi/LiFi/Li-Fi-in-Industry-4.0/riot/ProcessCollector/bin/arduino-mega2560/periph_common/eeprom.o
 .debug_aranges
                0x0000000000000c98       0x40 /home/srivamsimalladi/LiFi/Li-Fi-in-Industry-4.0/riot/ProcessCollector/bin/arduino-mega2560/atmega_common/cpu.o
 .debug_aranges
                0x0000000000000cd8       0x40 /home/srivamsimalladi/LiFi/Li-Fi-in-Industry-4.0/riot/ProcessCollector/bin/arduino-mega2560/atmega_common/thread_arch.o
 .debug_aranges
                0x0000000000000d18       0x28 /home/srivamsimalladi/LiFi/Li-Fi-in-Industry-4.0/riot/ProcessCollector/bin/arduino-mega2560/atmega_common_periph/eeprom.o
 .debug_aranges
                0x0000000000000d40       0x20 /home/srivamsimalladi/LiFi/Li-Fi-in-Industry-4.0/riot/ProcessCollector/bin/arduino-mega2560/auto_init/auto_init.o
 .debug_aranges
                0x0000000000000d60       0x30 /home/srivamsimalladi/LiFi/Li-Fi-in-Industry-4.0/riot/ProcessCollector/bin/arduino-mega2560/avr_libc_extra/atmega_stdio.o
 .debug_aranges
                0x0000000000000d90       0x20 /home/srivamsimalladi/LiFi/Li-Fi-in-Industry-4.0/riot/ProcessCollector/bin/arduino-mega2560/boards_common_arduino-atmega/led_init.o
 .debug_aranges
                0x0000000000000db0       0x30 /home/srivamsimalladi/LiFi/Li-Fi-in-Industry-4.0/riot/ProcessCollector/bin/arduino-mega2560/random/random.o
 .debug_aranges
                0x0000000000000de0       0x38 /home/srivamsimalladi/LiFi/Li-Fi-in-Industry-4.0/riot/ProcessCollector/bin/arduino-mega2560/random/xorshift.o
 .debug_aranges
                0x0000000000000e18       0x30 /home/srivamsimalladi/LiFi/Li-Fi-in-Industry-4.0/riot/ProcessCollector/bin/arduino-mega2560/stdio_uart/stdio_uart.o
 .debug_aranges
                0x0000000000000e48       0x20 /home/srivamsimalladi/LiFi/Li-Fi-in-Industry-4.0/riot/ProcessCollector/bin/arduino-mega2560/periph_common/init.o
 .debug_aranges
                0x0000000000000e68       0x50 /home/srivamsimalladi/LiFi/Li-Fi-in-Industry-4.0/riot/ProcessCollector/bin/arduino-mega2560/atmega_common_periph/i2c.o
 .debug_aranges
                0x0000000000000eb8       0x48 /home/srivamsimalladi/LiFi/Li-Fi-in-Industry-4.0/riot/ProcessCollector/bin/arduino-mega2560/luid/luid.o
 .debug_aranges
                0x0000000000000f00       0x20 /home/srivamsimalladi/LiFi/Li-Fi-in-Industry-4.0/riot/ProcessCollector/bin/arduino-mega2560/atmega_common_periph/cpuid.o

.debug_pubnames
 *(.debug_pubnames)

.debug_info     0x0000000000000000    0x1d18c
 *(.debug_info .gnu.linkonce.wi.*)
 .debug_info    0x0000000000000000      0xbbc /usr/lib/gcc/avr/5.4.0/../../../avr/lib/avr6/crtatmega2560.o
 .debug_info    0x0000000000000bbc      0x265 /home/srivamsimalladi/LiFi/Li-Fi-in-Industry-4.0/riot/ProcessCollector/bin/arduino-mega2560/atmega_common/startup.o
 .debug_info    0x0000000000000e21      0x9d5 /home/srivamsimalladi/LiFi/Li-Fi-in-Industry-4.0/riot/ProcessCollector/bin/arduino-mega2560/application_master/_sketches.o
 .debug_info    0x00000000000017f6     0x1e98 /home/srivamsimalladi/LiFi/Li-Fi-in-Industry-4.0/riot/ProcessCollector/bin/arduino-mega2560/application_master/main.o
 .debug_info    0x000000000000368e     0x5de3 /home/srivamsimalladi/LiFi/Li-Fi-in-Industry-4.0/riot/ProcessCollector/bin/arduino-mega2560/application_master/MFRC522.o
 .debug_info    0x0000000000009471     0x11f3 /home/srivamsimalladi/LiFi/Li-Fi-in-Industry-4.0/riot/ProcessCollector/bin/arduino-mega2560/LiFi_module/PLiFi.o
 .debug_info    0x000000000000a664     0x1984 /home/srivamsimalladi/LiFi/Li-Fi-in-Industry-4.0/riot/ProcessCollector/bin/arduino-mega2560/LiFi_module/LiFi.o
 .debug_info    0x000000000000bfe8      0x134 /home/srivamsimalladi/LiFi/Li-Fi-in-Industry-4.0/riot/ProcessCollector/bin/arduino-mega2560/LiFi_module/crc16_ccitt.o
 .debug_info    0x000000000000c11c     0x1212 /home/srivamsimalladi/LiFi/Li-Fi-in-Industry-4.0/riot/ProcessCollector/bin/arduino-mega2560/arduino/base.o
 .debug_info    0x000000000000d32e     0x21c9 /home/srivamsimalladi/LiFi/Li-Fi-in-Industry-4.0/riot/ProcessCollector/bin/arduino-mega2560/arduino/serialport.o
 .debug_info    0x000000000000f4f7      0xd7d /home/srivamsimalladi/LiFi/Li-Fi-in-Industry-4.0/riot/ProcessCollector/bin/arduino-mega2560/arduino/SPI.o
 .debug_info    0x0000000000010274      0x21c /home/srivamsimalladi/LiFi/Li-Fi-in-Industry-4.0/riot/ProcessCollector/bin/arduino-mega2560/atmega_common/irq_arch.o
 .debug_info    0x0000000000010490      0x6b1 /home/srivamsimalladi/LiFi/Li-Fi-in-Industry-4.0/riot/ProcessCollector/bin/arduino-mega2560/atmega_common_periph/uart.o
 .debug_info    0x0000000000010b41      0x5b7 /home/srivamsimalladi/LiFi/Li-Fi-in-Industry-4.0/riot/ProcessCollector/bin/arduino-mega2560/atmega_common_periph/gpio.o
 .debug_info    0x00000000000110f8      0x602 /home/srivamsimalladi/LiFi/Li-Fi-in-Industry-4.0/riot/ProcessCollector/bin/arduino-mega2560/atmega_common_periph/spi.o
 .debug_info    0x00000000000116fa      0x910 /home/srivamsimalladi/LiFi/Li-Fi-in-Industry-4.0/riot/ProcessCollector/bin/arduino-mega2560/atmega_common_periph/timer.o
 .debug_info    0x000000000001200a      0x44c /home/srivamsimalladi/LiFi/Li-Fi-in-Industry-4.0/riot/ProcessCollector/bin/arduino-mega2560/atmega_common_periph/adc.o
 .debug_info    0x0000000000012456      0x2ce /home/srivamsimalladi/LiFi/Li-Fi-in-Industry-4.0/riot/ProcessCollector/bin/arduino-mega2560/boards_common_atmega/board.o
 .debug_info    0x0000000000012724      0x679 /home/srivamsimalladi/LiFi/Li-Fi-in-Industry-4.0/riot/ProcessCollector/bin/arduino-mega2560/core/mutex.o
 .debug_info    0x0000000000012d9d      0x647 /home/srivamsimalladi/LiFi/Li-Fi-in-Industry-4.0/riot/ProcessCollector/bin/arduino-mega2560/core/sched.o
 .debug_info    0x00000000000133e4      0x7d8 /home/srivamsimalladi/LiFi/Li-Fi-in-Industry-4.0/riot/ProcessCollector/bin/arduino-mega2560/core/rmutex.o
 .debug_info    0x0000000000013bbc     0x2453 /home/srivamsimalladi/LiFi/Li-Fi-in-Industry-4.0/riot/ProcessCollector/bin/arduino-mega2560/core/atomic_c11.o
 .debug_info    0x000000000001600f      0xb1d /home/srivamsimalladi/LiFi/Li-Fi-in-Industry-4.0/riot/ProcessCollector/bin/arduino-mega2560/core/thread.o
 .debug_info    0x0000000000016b2c      0x308 /home/srivamsimalladi/LiFi/Li-Fi-in-Industry-4.0/riot/ProcessCollector/bin/arduino-mega2560/core/init.o
 .debug_info    0x0000000000016e34      0x27d /home/srivamsimalladi/LiFi/Li-Fi-in-Industry-4.0/riot/ProcessCollector/bin/arduino-mega2560/core/panic.o
 .debug_info    0x00000000000170b1      0xdbe /home/srivamsimalladi/LiFi/Li-Fi-in-Industry-4.0/riot/ProcessCollector/bin/arduino-mega2560/xtimer/xtimer_core.o
 .debug_info    0x0000000000017e6f     0x144a /home/srivamsimalladi/LiFi/Li-Fi-in-Industry-4.0/riot/ProcessCollector/bin/arduino-mega2560/xtimer/xtimer.o
 .debug_info    0x00000000000192b9      0x120 /home/srivamsimalladi/LiFi/Li-Fi-in-Industry-4.0/riot/ProcessCollector/bin/arduino-mega2560/periph_common/pm.o
 .debug_info    0x00000000000193d9      0x3ac /home/srivamsimalladi/LiFi/Li-Fi-in-Industry-4.0/riot/ProcessCollector/bin/arduino-mega2560/periph_common/eeprom.o
 .debug_info    0x0000000000019785      0x675 /home/srivamsimalladi/LiFi/Li-Fi-in-Industry-4.0/riot/ProcessCollector/bin/arduino-mega2560/atmega_common/cpu.o
 .debug_info    0x0000000000019dfa      0x71d /home/srivamsimalladi/LiFi/Li-Fi-in-Industry-4.0/riot/ProcessCollector/bin/arduino-mega2560/atmega_common/thread_arch.o
 .debug_info    0x000000000001a517      0x476 /home/srivamsimalladi/LiFi/Li-Fi-in-Industry-4.0/riot/ProcessCollector/bin/arduino-mega2560/atmega_common_periph/eeprom.o
 .debug_info    0x000000000001a98d      0x49f /home/srivamsimalladi/LiFi/Li-Fi-in-Industry-4.0/riot/ProcessCollector/bin/arduino-mega2560/auto_init/auto_init.o
 .debug_info    0x000000000001ae2c      0x422 /home/srivamsimalladi/LiFi/Li-Fi-in-Industry-4.0/riot/ProcessCollector/bin/arduino-mega2560/avr_libc_extra/atmega_stdio.o
 .debug_info    0x000000000001b24e      0x25e /home/srivamsimalladi/LiFi/Li-Fi-in-Industry-4.0/riot/ProcessCollector/bin/arduino-mega2560/boards_common_arduino-atmega/led_init.o
 .debug_info    0x000000000001b4ac      0x4fb /home/srivamsimalladi/LiFi/Li-Fi-in-Industry-4.0/riot/ProcessCollector/bin/arduino-mega2560/random/random.o
 .debug_info    0x000000000001b9a7      0x15c /home/srivamsimalladi/LiFi/Li-Fi-in-Industry-4.0/riot/ProcessCollector/bin/arduino-mega2560/random/xorshift.o
 .debug_info    0x000000000001bb03      0x363 /home/srivamsimalladi/LiFi/Li-Fi-in-Industry-4.0/riot/ProcessCollector/bin/arduino-mega2560/stdio_uart/stdio_uart.o
 .debug_info    0x000000000001be66      0x27e /home/srivamsimalladi/LiFi/Li-Fi-in-Industry-4.0/riot/ProcessCollector/bin/arduino-mega2560/periph_common/init.o