Archive member included to satisfy reference by file (symbol)

/home/srivamsimalladi/LiFi/Li-Fi-in-Industry-4.0/riot/ProcessC/bin/arduino-mega2560/application_master/_sketches.o
                              /usr/lib/gcc/avr/5.4.0/../../../avr/lib/avr6/crtatmega2560.o (main)
/home/srivamsimalladi/LiFi/Li-Fi-in-Industry-4.0/riot/ProcessC/bin/arduino-mega2560/application_master/main.o
                              /home/srivamsimalladi/LiFi/Li-Fi-in-Industry-4.0/riot/ProcessC/bin/arduino-mega2560/application_master/_sketches.o (_Z5setupv)
/home/srivamsimalladi/LiFi/Li-Fi-in-Industry-4.0/riot/ProcessC/bin/arduino-mega2560/application_master/MFRC522.o
                              /home/srivamsimalladi/LiFi/Li-Fi-in-Industry-4.0/riot/ProcessC/bin/arduino-mega2560/application_master/main.o (_ZN7MFRC522C1Ehh)
/home/srivamsimalladi/LiFi/Li-Fi-in-Industry-4.0/riot/ProcessC/bin/arduino-mega2560/LiFi_module/PLiFi.o
                              /home/srivamsimalladi/LiFi/Li-Fi-in-Industry-4.0/riot/ProcessC/bin/arduino-mega2560/application_master/main.o (_ZN5PLiFiC1EijPFvPS_PKhhEPFvS0_E)
/home/srivamsimalladi/LiFi/Li-Fi-in-Industry-4.0/riot/ProcessC/bin/arduino-mega2560/LiFi_module/LiFi.o
                              /home/srivamsimalladi/LiFi/Li-Fi-in-Industry-4.0/riot/ProcessC/bin/arduino-mega2560/LiFi_module/PLiFi.o (_ZN4LiFiC1Eij)
/home/srivamsimalladi/LiFi/Li-Fi-in-Industry-4.0/riot/ProcessC/bin/arduino-mega2560/LiFi_module/crc16_ccitt.o
                              /home/srivamsimalladi/LiFi/Li-Fi-in-Industry-4.0/riot/ProcessC/bin/arduino-mega2560/LiFi_module/LiFi.o (_Z11crc16_ccittPKhh)
/home/srivamsimalladi/LiFi/Li-Fi-in-Industry-4.0/riot/ProcessC/bin/arduino-mega2560/arduino/base.o
                              /home/srivamsimalladi/LiFi/Li-Fi-in-Industry-4.0/riot/ProcessC/bin/arduino-mega2560/application_master/main.o (_Z7pinModeii)
/home/srivamsimalladi/LiFi/Li-Fi-in-Industry-4.0/riot/ProcessC/bin/arduino-mega2560/arduino/serialport.o
                              /home/srivamsimalladi/LiFi/Li-Fi-in-Industry-4.0/riot/ProcessC/bin/arduino-mega2560/application_master/_sketches.o (_ZN10SerialPortC1Ej)
/home/srivamsimalladi/LiFi/Li-Fi-in-Industry-4.0/riot/ProcessC/bin/arduino-mega2560/arduino/SPI.o
                              /home/srivamsimalladi/LiFi/Li-Fi-in-Industry-4.0/riot/ProcessC/bin/arduino-mega2560/application_master/MFRC522.o (_ZN11SPISettingsC1Emhh)
/home/srivamsimalladi/LiFi/Li-Fi-in-Industry-4.0/riot/ProcessC/bin/arduino-mega2560/atmega_common/irq_arch.o
                              /home/srivamsimalladi/LiFi/Li-Fi-in-Industry-4.0/riot/ProcessC/bin/arduino-mega2560/arduino/base.o (irq_disable)
/home/srivamsimalladi/LiFi/Li-Fi-in-Industry-4.0/riot/ProcessC/bin/arduino-mega2560/atmega_common_periph/uart.o
                              /home/srivamsimalladi/LiFi/Li-Fi-in-Industry-4.0/riot/ProcessC/bin/arduino-mega2560/arduino/serialport.o (uart_init)
/home/srivamsimalladi/LiFi/Li-Fi-in-Industry-4.0/riot/ProcessC/bin/arduino-mega2560/atmega_common_periph/gpio.o
                              /home/srivamsimalladi/LiFi/Li-Fi-in-Industry-4.0/riot/ProcessC/bin/arduino-mega2560/arduino/base.o (gpio_init)
/home/srivamsimalladi/LiFi/Li-Fi-in-Industry-4.0/riot/ProcessC/bin/arduino-mega2560/atmega_common_periph/pwm.o
                              /home/srivamsimalladi/LiFi/Li-Fi-in-Industry-4.0/riot/ProcessC/bin/arduino-mega2560/arduino/base.o (pwm_init)
/home/srivamsimalladi/LiFi/Li-Fi-in-Industry-4.0/riot/ProcessC/bin/arduino-mega2560/atmega_common_periph/spi.o
                              /home/srivamsimalladi/LiFi/Li-Fi-in-Industry-4.0/riot/ProcessC/bin/arduino-mega2560/arduino/SPI.o (spi_acquire)
/home/srivamsimalladi/LiFi/Li-Fi-in-Industry-4.0/riot/ProcessC/bin/arduino-mega2560/atmega_common_periph/timer.o
                              /home/srivamsimalladi/LiFi/Li-Fi-in-Industry-4.0/riot/ProcessC/bin/arduino-mega2560/arduino/base.o (timer_read)
/home/srivamsimalladi/LiFi/Li-Fi-in-Industry-4.0/riot/ProcessC/bin/arduino-mega2560/atmega_common_periph/adc.o
                              /home/srivamsimalladi/LiFi/Li-Fi-in-Industry-4.0/riot/ProcessC/bin/arduino-mega2560/LiFi_module/LiFi.o (adc_init)
/home/srivamsimalladi/LiFi/Li-Fi-in-Industry-4.0/riot/ProcessC/bin/arduino-mega2560/boards_common_atmega/board.o
                              /home/srivamsimalladi/LiFi/Li-Fi-in-Industry-4.0/riot/ProcessC/bin/arduino-mega2560/atmega_common/startup.o (board_init)
/home/srivamsimalladi/LiFi/Li-Fi-in-Industry-4.0/riot/ProcessC/bin/arduino-mega2560/core/mutex.o
                              /home/srivamsimalladi/LiFi/Li-Fi-in-Industry-4.0/riot/ProcessC/bin/arduino-mega2560/LiFi_module/PLiFi.o (_mutex_lock)
/home/srivamsimalladi/LiFi/Li-Fi-in-Industry-4.0/riot/ProcessC/bin/arduino-mega2560/core/ringbuffer.o
                              /home/srivamsimalladi/LiFi/Li-Fi-in-Industry-4.0/riot/ProcessC/bin/arduino-mega2560/arduino/serialport.o (ringbuffer_add_one)
[...]
Memory Configuration

Name             Origin             Length             Attributes
text             0x0000000000000000 0x000000000003e000 xr
data             0x0000000000800200 0x0000000000002000 rw !x
eeprom           0x0000000000810000 0x0000000000010000 rw !x
fuse             0x0000000000820000 0x0000000000000003 rw !x
lock             0x0000000000830000 0x0000000000000400 rw !x
signature        0x0000000000840000 0x0000000000000400 rw !x
user_signatures  0x0000000000850000 0x0000000000000400 rw !x
*default*        0x0000000000000000 0xffffffffffffffff

Linker script and memory map

Address of section .data set to 0x800200
LOAD /usr/lib/gcc/avr/5.4.0/../../../avr/lib/avr6/crtatmega2560.o
LOAD /home/srivamsimalladi/LiFi/Li-Fi-in-Industry-4.0/riot/ProcessC/bin/arduino-mega2560/atmega_common/startup.o
START GROUP
LOAD /home/srivamsimalladi/LiFi/Li-Fi-in-Industry-4.0/riot/ProcessC/bin/arduino-mega2560/application_master.a
LOAD /home/srivamsimalladi/LiFi/Li-Fi-in-Industry-4.0/riot/ProcessC/bin/arduino-mega2560/LiFi_module.a
LOAD /home/srivamsimalladi/LiFi/Li-Fi-in-Industry-4.0/riot/ProcessC/bin/arduino-mega2560/arduino.a
LOAD /home/srivamsimalladi/LiFi/Li-Fi-in-Industry-4.0/riot/ProcessC/bin/arduino-mega2560/arduino_sketches.a
LOAD /home/srivamsimalladi/LiFi/Li-Fi-in-Industry-4.0/riot/ProcessC/bin/arduino-mega2560/atmega_common.a
LOAD /home/srivamsimalladi/LiFi/Li-Fi-in-Industry-4.0/riot/ProcessC/bin/arduino-mega2560/atmega_common_periph.a
LOAD /home/srivamsimalladi/LiFi/Li-Fi-in-Industry-4.0/riot/ProcessC/bin/arduino-mega2560/auto_init.a
LOAD /home/srivamsimalladi/LiFi/Li-Fi-in-Industry-4.0/riot/ProcessC/bin/arduino-mega2560/avr_libc_extra.a
LOAD /home/srivamsimalladi/LiFi/Li-Fi-in-Industry-4.0/riot/ProcessC/bin/arduino-mega2560/board.a
LOAD /home/srivamsimalladi/LiFi/Li-Fi-in-Industry-4.0/riot/ProcessC/bin/arduino-mega2560/boards_common_arduino-atmega.a
LOAD /home/srivamsimalladi/LiFi/Li-Fi-in-Industry-4.0/riot/ProcessC/bin/arduino-mega2560/boards_common_atmega.a
LOAD /home/srivamsimalladi/LiFi/Li-Fi-in-Industry-4.0/riot/ProcessC/bin/arduino-mega2560/core.a
LOAD /home/srivamsimalladi/LiFi/Li-Fi-in-Industry-4.0/riot/ProcessC/bin/arduino-mega2560/cpu.a
LOAD /home/srivamsimalladi/LiFi/Li-Fi-in-Industry-4.0/riot/ProcessC/bin/arduino-mega2560/div.a
LOAD /home/srivamsimalladi/LiFi/Li-Fi-in-Industry-4.0/riot/ProcessC/bin/arduino-mega2560/luid.a
LOAD /home/srivamsimalladi/LiFi/Li-Fi-in-Industry-4.0/riot/ProcessC/bin/arduino-mega2560/random.a
LOAD /home/srivamsimalladi/LiFi/Li-Fi-in-Industry-4.0/riot/ProcessC/bin/arduino-mega2560/stdio_uart.a
LOAD /home/srivamsimalladi/LiFi/Li-Fi-in-Industry-4.0/riot/ProcessC/bin/arduino-mega2560/sys.a
LOAD /home/srivamsimalladi/LiFi/Li-Fi-in-Industry-4.0/riot/ProcessC/bin/arduino-mega2560/xtimer.a
LOAD /home/srivamsimalladi/LiFi/Li-Fi-in-Industry-4.0/riot/ProcessC/bin/arduino-mega2560/periph_common.a
END GROUP
LOAD /usr/lib/gcc/avr/5.4.0/avr6/libgcc.a
                0x000000000003e000                __TEXT_REGION_LENGTH__ = 0x3e000
                0x0000000000002000                __DATA_REGION_LENGTH__ = 0x2000
LOAD /usr/lib/gcc/avr/5.4.0/avr6/libgcc.a
LOAD /usr/lib/gcc/avr/5.4.0/../../../avr/lib/avr6/libm.a
START GROUP
LOAD /usr/lib/gcc/avr/5.4.0/avr6/libgcc.a
LOAD /usr/lib/gcc/avr/5.4.0/../../../avr/lib/avr6/libm.a
LOAD /usr/lib/gcc/avr/5.4.0/../../../avr/lib/avr6/libc.a
LOAD /usr/lib/gcc/avr/5.4.0/../../../avr/lib/avr6/libatmega2560.a
END GROUP
                0x0000000000100000                __TEXT_REGION_LENGTH__ = DEFINED (__TEXT_REGION_LENGTH__)?__TEXT_REGION_LENGTH__:0x100000
                0x000000000000fe00                __DATA_REGION_LENGTH__ = DEFINED (__DATA_REGION_LENGTH__)?__DATA_REGION_LENGTH__:0xfe00
                0x0000000000010000                __EEPROM_REGION_LENGTH__ = DEFINED (__EEPROM_REGION_LENGTH__)?__EEPROM_REGION_LENGTH__:0x10000
                [0x0000000000000003]                __FUSE_REGION_LENGTH__ = DEFINED (__FUSE_REGION_LENGTH__)?__FUSE_REGION_LENGTH__:0x400
                0x0000000000000400                __LOCK_REGION_LENGTH__ = DEFINED (__LOCK_REGION_LENGTH__)?__LOCK_REGION_LENGTH__:0x400
                0x0000000000000400                __SIGNATURE_REGION_LENGTH__ = DEFINED (__SIGNATURE_REGION_LENGTH__)?__SIGNATURE_REGION_LENGTH__:0x400
                0x0000000000000400                __USER_SIGNATURE_REGION_LENGTH__ = DEFINED (__USER_SIGNATURE_REGION_LENGTH__)?__USER_SIGNATURE_REGION_LENGTH__:0x400

.hash
 *(.hash)

.dynsym
 *(.dynsym)

.dynstr
 *(.dynstr)

.gnu.version
 *(.gnu.version)

.gnu.version_d
 *(.gnu.version_d)

.gnu.version_r
 *(.gnu.version_r)

.rel.init
 *(.rel.init)

.rela.init
 *(.rela.init)

.rel.text
 *(.rel.text)
 *(.rel.text.*)
 *(.rel.gnu.linkonce.t*)

.rela.text
 *(.rela.text)
 *(.rela.text.*)
 *(.rela.gnu.linkonce.t*)

.rel.fini
 *(.rel.fini)

.rela.fini
 *(.rela.fini)

.rel.rodata
 *(.rel.rodata)
 *(.rel.rodata.*)
 *(.rel.gnu.linkonce.r*)

.rela.rodata
 *(.rela.rodata)
 *(.rela.rodata.*)
 *(.rela.gnu.linkonce.r*)

.rel.data
 *(.rel.data)
 *(.rel.data.*)
 *(.rel.gnu.linkonce.d*)

.rela.data
 *(.rela.data)
 *(.rela.data.*)
 *(.rela.gnu.linkonce.d*)

.rel.ctors
 *(.rel.ctors)

.rela.ctors
 *(.rela.ctors)

.rel.dtors
 *(.rel.dtors)

.rela.dtors
 *(.rela.dtors)

.rel.got
 *(.rel.got)

.rela.got
 *(.rela.got)

.rel.bss
 *(.rel.bss)

.rela.bss
 *(.rela.bss)

.rel.plt
 *(.rel.plt)

.rela.plt
 *(.rela.plt)

.text           0x0000000000000000     0x483a
 *(.vectors)
 .vectors       0x0000000000000000       0xe4 /usr/lib/gcc/avr/5.4.0/../../../avr/lib/avr6/crtatmega2560.o
                0x0000000000000000                __vectors
 *(.vectors)
 *(.progmem.gcc*)
                0x00000000000000e4                . = ALIGN (0x2)
                0x00000000000000e4                __trampolines_start = .
 *(.trampolines)
 .trampolines   0x00000000000000e4       0x50 linker stubs
 *(.trampolines*)
                0x0000000000000134                __trampolines_end = .
 *libprintf_flt.a:*(.progmem.data)
 *libc.a:*(.progmem.data)
 *(.progmem*)
 .progmem.data.__c.2022
                0x0000000000000134       0x49 /home/srivamsimalladi/LiFi/Li-Fi-in-Industry-4.0/riot/ProcessC/bin/arduino-mega2560/atmega_common/cpu.o
                0x000000000000017e                . = ALIGN (0x2)
 *fill*         0x000000000000017d        0x1 
 *(.jumptables)
 *(.jumptables*)
 *(.lowtext)
 *(.lowtext*)
                0x000000000000017e                __ctors_start = .
 *(.ctors)
 .ctors         0x000000000000017e        0x2 /home/srivamsimalladi/LiFi/Li-Fi-in-Industry-4.0/riot/ProcessC/bin/arduino-mega2560/application_master/_sketches.o
 .ctors         0x0000000000000180        0x2 /home/srivamsimalladi/LiFi/Li-Fi-in-Industry-4.0/riot/ProcessC/bin/arduino-mega2560/application_master/main.o
 .ctors         0x0000000000000182        0x2 /home/srivamsimalladi/LiFi/Li-Fi-in-Industry-4.0/riot/ProcessC/bin/arduino-mega2560/application_master/MFRC522.o
 .ctors         0x0000000000000184        0x2 /home/srivamsimalladi/LiFi/Li-Fi-in-Industry-4.0/riot/ProcessC/bin/arduino-mega2560/LiFi_module/PLiFi.o
 .ctors         0x0000000000000186        0x2 /home/srivamsimalladi/LiFi/Li-Fi-in-Industry-4.0/riot/ProcessC/bin/arduino-mega2560/LiFi_module/LiFi.o
 .ctors         0x0000000000000188        0x2 /home/srivamsimalladi/LiFi/Li-Fi-in-Industry-4.0/riot/ProcessC/bin/arduino-mega2560/arduino/base.o
 .ctors         0x000000000000018a        0x2 /home/srivamsimalladi/LiFi/Li-Fi-in-Industry-4.0/riot/ProcessC/bin/arduino-mega2560/arduino/SPI.o
                0x000000000000018c                __ctors_end = .
                0x000000000000018c                __dtors_start = .
 *(.dtors)
                0x000000000000018c                __dtors_end = .
 SORT(*)(.ctors)
 SORT(*)(.dtors)
 *(.init0)
 .init0         0x000000000000018c        0x0 /usr/lib/gcc/avr/5.4.0/../../../avr/lib/avr6/crtatmega2560.o
                0x000000000000018c                __init
 .init0         0x000000000000018c       0x24 /home/srivamsimalladi/LiFi/Li-Fi-in-Industry-4.0/riot/ProcessC/bin/arduino-mega2560/atmega_common/cpu.o
                0x000000000000018c                get_mcusr
 *(.init0)
 *(.init1)
 *(.init1)
 *(.init2)
 .init2         0x00000000000001b0       0x10 /usr/lib/gcc/avr/5.4.0/../../../avr/lib/avr6/crtatmega2560.o
 *(.init2)
 *(.init3)
 *(.init3)
 *(.init4)
 .init4         0x00000000000001c0       0x1a /usr/lib/gcc/avr/5.4.0/avr6/libgcc.a(_copy_data.o)
                0x00000000000001c0                __do_copy_data
 .init4         0x00000000000001da       0x10 /usr/lib/gcc/avr/5.4.0/avr6/libgcc.a(_clear_bss.o)
                0x00000000000001da                __do_clear_bss
 *(.init4)
 *(.init5)
 *(.init5)
 *(.init6)
 .init6         0x00000000000001ea       0x20 /usr/lib/gcc/avr/5.4.0/avr6/libgcc.a(_ctors.o)
                0x00000000000001ea                __do_global_ctors
 *(.init6)
 *(.init7)
 .init7         0x000000000000020a        0x4 /home/srivamsimalladi/LiFi/Li-Fi-in-Industry-4.0/riot/ProcessC/bin/arduino-mega2560/atmega_common/startup.o
                0x000000000000020a                init7_ovr
 *(.init7)
 *(.init8)
 .init8         0x000000000000020e        0x4 /home/srivamsimalladi/LiFi/Li-Fi-in-Industry-4.0/riot/ProcessC/bin/arduino-mega2560/atmega_common/startup.o
                0x000000000000020e                init8_ovr
 *(.init8)
 *(.init9)
 .init9         0x0000000000000212        0x8 /usr/lib/gcc/avr/5.4.0/../../../avr/lib/avr6/crtatmega2560.o
 *(.init9)
 *(.text)
 .text          0x000000000000021a        0x4 /usr/lib/gcc/avr/5.4.0/../../../avr/lib/avr6/crtatmega2560.o
                0x000000000000021a                __vector_22
                0x000000000000021a                __vector_28
                0x000000000000021a                __vector_1
                0x000000000000021a                __vector_32
                0x000000000000021a                __vector_34
                0x000000000000021a                __vector_24
                0x000000000000021a                __vector_12
                0x000000000000021a                __vector_55
                0x000000000000021a                __vector_46
                0x000000000000021a                __bad_interrupt
                0x000000000000021a                __vector_6
                0x000000000000021a                __vector_31
                0x000000000000021a                __vector_35
                0x000000000000021a                __vector_39
                0x000000000000021a                __vector_3
                0x000000000000021a                __vector_23
                0x000000000000021a                __vector_30
                0x000000000000021a                __vector_45
                0x000000000000021a                __vector_11
                0x000000000000021a                __vector_54
                0x000000000000021a                __vector_13
                0x000000000000021a                __vector_56
                0x000000000000021a                __vector_7
                0x000000000000021a                __vector_49
                0x000000000000021a                __vector_41
                0x000000000000021a                __vector_5
                0x000000000000021a                __vector_33
                0x000000000000021a                __vector_47
                0x000000000000021a                __vector_52
                0x000000000000021a                __vector_37
                0x000000000000021a                __vector_4
                0x000000000000021a                __vector_51
                0x000000000000021a                __vector_9
                0x000000000000021a                __vector_2
                0x000000000000021a                __vector_21
                0x000000000000021a                __vector_15
                0x000000000000021a                __vector_29
                0x000000000000021a                __vector_40
                0x000000000000021a                __vector_8
                0x000000000000021a                __vector_26
                0x000000000000021a                __vector_48
                0x000000000000021a                __vector_14
                0x000000000000021a                __vector_53
                0x000000000000021a                __vector_10
                0x000000000000021a                __vector_50
                0x000000000000021a                __vector_16
                0x000000000000021a                __vector_20
                0x000000000000021e                . = ALIGN (0x2)
 *(.text.*)
 .text.reset_handler
                0x000000000000021e        0x8 /home/srivamsimalladi/LiFi/Li-Fi-in-Industry-4.0/riot/ProcessC/bin/arduino-mega2560/atmega_common/startup.o
                0x000000000000021e                reset_handler
 .text.startup.main
                0x0000000000000226        0xa /home/srivamsimalladi/LiFi/Li-Fi-in-Industry-4.0/riot/ProcessC/bin/arduino-mega2560/application_master/_sketches.o
                0x0000000000000226                main
 .text.startup._GLOBAL__sub_I_main
                0x0000000000000230        0xc /home/srivamsimalladi/LiFi/Li-Fi-in-Industry-4.0/riot/ProcessC/bin/arduino-mega2560/application_master/_sketches.o
 .text._Z7tx_loopPv
                0x000000000000023c        0xa /home/srivamsimalladi/LiFi/Li-Fi-in-Industry-4.0/riot/ProcessC/bin/arduino-mega2560/application_master/main.o
                0x000000000000023c                _Z7tx_loopPv
 .text._Z7rx_loopPv
                0x0000000000000246        0xa /home/srivamsimalladi/LiFi/Li-Fi-in-Industry-4.0/riot/ProcessC/bin/arduino-mega2560/application_master/main.o
                0x0000000000000246                _Z7rx_loopPv
 .text._ZL5on_rxP5PLiFiPKhh
                0x0000000000000250      0x23c /home/srivamsimalladi/LiFi/Li-Fi-in-Industry-4.0/riot/ProcessC/bin/arduino-mega2560/application_master/main.o
 .text._Z5setupv
                0x000000000000048c      0x15a /home/srivamsimalladi/LiFi/Li-Fi-in-Industry-4.0/riot/ProcessC/bin/arduino-mega2560/application_master/main.o
                0x000000000000048c                _Z5setupv
 .text._Z4loopv
                0x00000000000005e6      0x168 /home/srivamsimalladi/LiFi/Li-Fi-in-Industry-4.0/riot/ProcessC/bin/arduino-mega2560/application_master/main.o
                0x00000000000005e6                _Z4loopv
 .text.startup._GLOBAL__sub_I_mfrc522
                0x000000000000074e       0x3a /home/srivamsimalladi/LiFi/Li-Fi-in-Industry-4.0/riot/ProcessC/bin/arduino-mega2560/application_master/main.o
 .text._ZN7MFRC52219PICC_ReadCardSerialEv
                0x0000000000000788       0x20 /home/srivamsimalladi/LiFi/Li-Fi-in-Industry-4.0/riot/ProcessC/bin/arduino-mega2560/application_master/MFRC522.o
                0x0000000000000788                _ZN7MFRC52219PICC_ReadCardSerialEv
 .text._ZN8SPIClass8transferEh
                0x00000000000007a8       0x24 /home/srivamsimalladi/LiFi/Li-Fi-in-Industry-4.0/riot/ProcessC/bin/arduino-mega2560/application_master/MFRC522.o
                0x00000000000007a8                _ZN8SPIClass8transferEh
 .text._ZN7MFRC52216PCD_ReadRegisterENS_12PCD_RegisterEhPhh.part.0.constprop.7
                0x00000000000007cc       0xfa /home/srivamsimalladi/LiFi/Li-Fi-in-Industry-4.0/riot/ProcessC/bin/arduino-mega2560/application_master/MFRC522.o
 .text._ZN7MFRC522C2Ehh
                0x00000000000008c6       0x10 /home/srivamsimalladi/LiFi/Li-Fi-in-Industry-4.0/riot/ProcessC/bin/arduino-mega2560/application_master/MFRC522.o
                0x00000000000008c6                _ZN7MFRC522C1Ehh
                0x00000000000008c6                _ZN7MFRC522C2Ehh
 .text._ZN7MFRC52217PCD_WriteRegisterENS_12PCD_RegisterEh
                0x00000000000008d6       0x88 /home/srivamsimalladi/LiFi/Li-Fi-in-Industry-4.0/riot/ProcessC/bin/arduino-mega2560/application_master/MFRC522.o
                0x00000000000008d6                _ZN7MFRC52217PCD_WriteRegisterENS_12PCD_RegisterEh
 .text._ZN7MFRC52217PCD_WriteRegisterENS_12PCD_RegisterEhPh
                0x000000000000095e       0xac /home/srivamsimalladi/LiFi/Li-Fi-in-Industry-4.0/riot/ProcessC/bin/arduino-mega2560/application_master/MFRC522.o
                0x000000000000095e                _ZN7MFRC52217PCD_WriteRegisterENS_12PCD_RegisterEhPh
 .text._ZN7MFRC52216PCD_ReadRegisterENS_12PCD_RegisterE
                0x0000000000000a0a       0x88 /home/srivamsimalladi/LiFi/Li-Fi-in-Industry-4.0/riot/ProcessC/bin/arduino-mega2560/application_master/MFRC522.o
                0x0000000000000a0a                _ZN7MFRC52216PCD_ReadRegisterENS_12PCD_RegisterE
 .text._ZN7MFRC52216PCD_ReadRegisterENS_12PCD_RegisterEhPhh
                0x0000000000000a92        0xc /home/srivamsimalladi/LiFi/Li-Fi-in-Industry-4.0/riot/ProcessC/bin/arduino-mega2560/application_master/MFRC522.o
                0x0000000000000a92                _ZN7MFRC52216PCD_ReadRegisterENS_12PCD_RegisterEhPhh
 .text._ZN7MFRC52222PCD_SetRegisterBitMaskENS_12PCD_RegisterEh
                0x0000000000000a9e       0x26 /home/srivamsimalladi/LiFi/Li-Fi-in-Industry-4.0/riot/ProcessC/bin/arduino-mega2560/application_master/MFRC522.o
                0x0000000000000a9e                _ZN7MFRC52222PCD_SetRegisterBitMaskENS_12PCD_RegisterEh
 .text._ZN7MFRC52224PCD_ClearRegisterBitMaskENS_12PCD_RegisterEh
                0x0000000000000ac4       0x28 /home/srivamsimalladi/LiFi/Li-Fi-in-Industry-4.0/riot/ProcessC/bin/arduino-mega2560/application_master/MFRC522.o
                0x0000000000000ac4                _ZN7MFRC52224PCD_ClearRegisterBitMaskENS_12PCD_RegisterEh
 .text._ZN7MFRC52216PCD_CalculateCRCEPhhS0_
                0x0000000000000aec       0x9a /home/srivamsimalladi/LiFi/Li-Fi-in-Industry-4.0/riot/ProcessC/bin/arduino-mega2560/application_master/MFRC522.o
                0x0000000000000aec                _ZN7MFRC52216PCD_CalculateCRCEPhhS0_
 .text._ZN7MFRC5229PCD_ResetEv
                0x0000000000000b86       0x36 /home/srivamsimalladi/LiFi/Li-Fi-in-Industry-4.0/riot/ProcessC/bin/arduino-mega2560/application_master/MFRC522.o
                0x0000000000000b86                _ZN7MFRC5229PCD_ResetEv
 .text._ZN7MFRC52213PCD_AntennaOnEv
                0x0000000000000bbc       0x2a /home/srivamsimalladi/LiFi/Li-Fi-in-Industry-4.0/riot/ProcessC/bin/arduino-mega2560/application_master/MFRC522.o
                0x0000000000000bbc                _ZN7MFRC52213PCD_AntennaOnEv
 .text._ZN7MFRC5228PCD_InitEv
                0x0000000000000be6       0xe6 /home/srivamsimalladi/LiFi/Li-Fi-in-Industry-4.0/riot/ProcessC/bin/arduino-mega2560/application_master/MFRC522.o
                0x0000000000000be6                _ZN7MFRC5228PCD_InitEv
 .text._ZN7MFRC52223PCD_CommunicateWithPICCEhhPhhS0_S0_S0_hb
                0x0000000000000ccc      0x1a8 /home/srivamsimalladi/LiFi/Li-Fi-in-Industry-4.0/riot/ProcessC/bin/arduino-mega2560/application_master/MFRC522.o
                0x0000000000000ccc                _ZN7MFRC52223PCD_CommunicateWithPICCEhhPhhS0_S0_S0_hb
 .text._ZN7MFRC52218PCD_TransceiveDataEPhhS0_S0_S0_hb
                0x0000000000000e74       0x3e /home/srivamsimalladi/LiFi/Li-Fi-in-Industry-4.0/riot/ProcessC/bin/arduino-mega2560/application_master/MFRC522.o
                0x0000000000000e74                _ZN7MFRC52218PCD_TransceiveDataEPhhS0_S0_S0_hb
 .text._ZN7MFRC52211PICC_SelectEPNS_3UidEh
                0x0000000000000eb2      0x30a /home/srivamsimalladi/LiFi/Li-Fi-in-Industry-4.0/riot/ProcessC/bin/arduino-mega2560/application_master/MFRC522.o
                0x0000000000000eb2                _ZN7MFRC52211PICC_SelectEPNS_3UidEh
 .text._ZN7MFRC52217PICC_REQA_or_WUPAEhPhS0_
                0x00000000000011bc       0xa2 /home/srivamsimalladi/LiFi/Li-Fi-in-Industry-4.0/riot/ProcessC/bin/arduino-mega2560/application_master/MFRC522.o
                0x00000000000011bc                _ZN7MFRC52217PICC_REQA_or_WUPAEhPhS0_
 .text._ZN7MFRC52213PICC_RequestAEPhS0_
                0x000000000000125e        0xa /home/srivamsimalladi/LiFi/Li-Fi-in-Industry-4.0/riot/ProcessC/bin/arduino-mega2560/application_master/MFRC522.o
                0x000000000000125e                _ZN7MFRC52213PICC_RequestAEPhS0_
 .text._ZN7MFRC52221PICC_IsNewCardPresentEv
                0x0000000000001268       0x62 /home/srivamsimalladi/LiFi/Li-Fi-in-Industry-4.0/riot/ProcessC/bin/arduino-mega2560/application_master/MFRC522.o
                0x0000000000001268                _ZN7MFRC52221PICC_IsNewCardPresentEv
 .text.startup._GLOBAL__sub_I__ZN7MFRC522C2Ev
                0x00000000000012ca        0xc /home/srivamsimalladi/LiFi/Li-Fi-in-Industry-4.0/riot/ProcessC/bin/arduino-mega2560/application_master/MFRC522.o
 .text._ZN5PLiFiC2EijPFvPS_PKhhEPFvS0_E
                0x00000000000012d6       0x36 /home/srivamsimalladi/LiFi/Li-Fi-in-Industry-4.0/riot/ProcessC/bin/arduino-mega2560/LiFi_module/PLiFi.o
                0x00000000000012d6                _ZN5PLiFiC1EijPFvPS_PKhhEPFvS0_E
                0x00000000000012d6                _ZN5PLiFiC2EijPFvPS_PKhhEPFvS0_E
 .text._ZN5PLiFi9send_dataEPKhh
                0x000000000000130c       0x7c /home/srivamsimalladi/LiFi/Li-Fi-in-Industry-4.0/riot/ProcessC/bin/arduino-mega2560/LiFi_module/PLiFi.o
                0x000000000000130c                _ZN5PLiFi9send_dataEPKhh
 .text._ZN5PLiFi7tx_loopEv
                0x0000000000001388       0x6a /home/srivamsimalladi/LiFi/Li-Fi-in-Industry-4.0/riot/ProcessC/bin/arduino-mega2560/LiFi_module/PLiFi.o
                0x0000000000001388                _ZN5PLiFi7tx_loopEv
 .text._ZN5PLiFi7rx_loopEv
                0x00000000000013f2       0x46 /home/srivamsimalladi/LiFi/Li-Fi-in-Industry-4.0/riot/ProcessC/bin/arduino-mega2560/LiFi_module/PLiFi.o
                0x00000000000013f2                _ZN5PLiFi7rx_loopEv
 .text.startup._GLOBAL__sub_I__ZN5PLiFiC2EijPFvPS_PKhhEPFvS0_E
                0x0000000000001438        0xc /home/srivamsimalladi/LiFi/Li-Fi-in-Industry-4.0/riot/ProcessC/bin/arduino-mega2560/LiFi_module/PLiFi.o
 .text._ZN4LiFiC2Eij
                0x0000000000001444       0x36 /home/srivamsimalladi/LiFi/Li-Fi-in-Industry-4.0/riot/ProcessC/bin/arduino-mega2560/LiFi_module/LiFi.o
                0x0000000000001444                _ZN4LiFiC1Eij
                0x0000000000001444                _ZN4LiFiC2Eij
 .text._ZN4LiFi10tick_startEv
                0x000000000000147a       0x18 /home/srivamsimalladi/LiFi/Li-Fi-in-Industry-4.0/riot/ProcessC/bin/arduino-mega2560/LiFi_module/LiFi.o
                0x000000000000147a                _ZN4LiFi10tick_startEv
 .text._ZN4LiFi4tickEh
                0x0000000000001492       0x76 /home/srivamsimalladi/LiFi/Li-Fi-in-Industry-4.0/riot/ProcessC/bin/arduino-mega2560/LiFi_module/LiFi.o
                0x0000000000001492                _ZN4LiFi4tickEh
 .text._ZN4LiFi7man_oneEv
                0x0000000000001508       0x32 /home/srivamsimalladi/LiFi/Li-Fi-in-Industry-4.0/riot/ProcessC/bin/arduino-mega2560/LiFi_module/LiFi.o
                0x0000000000001508                _ZN4LiFi7man_oneEv
 .text._ZN4LiFi8man_zeroEv
                0x000000000000153a       0x32 /home/srivamsimalladi/LiFi/Li-Fi-in-Industry-4.0/riot/ProcessC/bin/arduino-mega2560/LiFi_module/LiFi.o
                0x000000000000153a                _ZN4LiFi8man_zeroEv
 .text._ZN4LiFi9send_byteEhh
                0x000000000000156c       0x5a /home/srivamsimalladi/LiFi/Li-Fi-in-Industry-4.0/riot/ProcessC/bin/arduino-mega2560/LiFi_module/LiFi.o
                0x000000000000156c                _ZN4LiFi9send_byteEhh
 .text._ZN4LiFi9send_syncEv
                0x00000000000015c6       0x2c /home/srivamsimalladi/LiFi/Li-Fi-in-Industry-4.0/riot/ProcessC/bin/arduino-mega2560/LiFi_module/LiFi.o
                0x00000000000015c6                _ZN4LiFi9send_syncEv
 .text._ZN4LiFi14send_delimiterEv
                0x00000000000015f2       0x4c /home/srivamsimalladi/LiFi/Li-Fi-in-Industry-4.0/riot/ProcessC/bin/arduino-mega2560/LiFi_module/LiFi.o
                0x00000000000015f2                _ZN4LiFi14send_delimiterEv
 .text._ZN4LiFi9send_dataEPKhh
                0x000000000000163e       0x7e /home/srivamsimalladi/LiFi/Li-Fi-in-Industry-4.0/riot/ProcessC/bin/arduino-mega2560/LiFi_module/LiFi.o
                0x000000000000163e                _ZN4LiFi9send_dataEPKhh
 .text._ZN4LiFi14get_classifierEv
                0x00000000000016bc       0x8a /home/srivamsimalladi/LiFi/Li-Fi-in-Industry-4.0/riot/ProcessC/bin/arduino-mega2560/LiFi_module/LiFi.o
                0x00000000000016bc                _ZN4LiFi14get_classifierEv
 .text._ZN4LiFi9get_levelEv
                0x0000000000001746       0x66 /home/srivamsimalladi/LiFi/Li-Fi-in-Industry-4.0/riot/ProcessC/bin/arduino-mega2560/LiFi_module/LiFi.o
                0x0000000000001746                _ZN4LiFi9get_levelEv
 .text._ZN4LiFi10sync_clockEv
                0x00000000000017ac       0x7e /home/srivamsimalladi/LiFi/Li-Fi-in-Industry-4.0/riot/ProcessC/bin/arduino-mega2560/LiFi_module/LiFi.o
                0x00000000000017ac                _ZN4LiFi10sync_clockEv
 .text._ZN4LiFi7get_bitEv
                0x000000000000182a       0x90 /home/srivamsimalladi/LiFi/Li-Fi-in-Industry-4.0/riot/ProcessC/bin/arduino-mega2560/LiFi_module/LiFi.o
                0x000000000000182a                _ZN4LiFi7get_bitEv
 .text._ZN4LiFi14skip_till_zeroEv
                0x00000000000018ba       0x1e /home/srivamsimalladi/LiFi/Li-Fi-in-Industry-4.0/riot/ProcessC/bin/arduino-mega2560/LiFi_module/LiFi.o
                0x00000000000018ba                _ZN4LiFi14skip_till_zeroEv
 .text._ZN4LiFi13get_delimeterEv
                0x00000000000018d8       0x56 /home/srivamsimalladi/LiFi/Li-Fi-in-Industry-4.0/riot/ProcessC/bin/arduino-mega2560/LiFi_module/LiFi.o
                0x00000000000018d8                _ZN4LiFi13get_delimeterEv
 .text._ZN4LiFi8get_byteEPh
                0x000000000000192e       0xac /home/srivamsimalladi/LiFi/Li-Fi-in-Industry-4.0/riot/ProcessC/bin/arduino-mega2560/LiFi_module/LiFi.o
                0x000000000000192e                _ZN4LiFi8get_byteEPh
 .text._ZN4LiFi13receive_frameEPhh
                0x00000000000019da       0x50 /home/srivamsimalladi/LiFi/Li-Fi-in-Industry-4.0/riot/ProcessC/bin/arduino-mega2560/LiFi_module/LiFi.o
                0x00000000000019da                _ZN4LiFi13receive_frameEPhh
 .text._ZN4LiFi7receiveEPhh
                0x0000000000001a2a       0xc6 /home/srivamsimalladi/LiFi/Li-Fi-in-Industry-4.0/riot/ProcessC/bin/arduino-mega2560/LiFi_module/LiFi.o
                0x0000000000001a2a                _ZN4LiFi7receiveEPhh
 .text.startup._GLOBAL__sub_I_debug_str_buf
                0x0000000000001af0        0xc /home/srivamsimalladi/LiFi/Li-Fi-in-Industry-4.0/riot/ProcessC/bin/arduino-mega2560/LiFi_module/LiFi.o
 .text._Z11crc16_ccittPKhh
                0x0000000000001afc       0x30 /home/srivamsimalladi/LiFi/Li-Fi-in-Industry-4.0/riot/ProcessC/bin/arduino-mega2560/LiFi_module/crc16_ccitt.o
                0x0000000000001afc                _Z11crc16_ccittPKhh
 .text._Z7pinModeii
                0x0000000000001b2c       0x22 /home/srivamsimalladi/LiFi/Li-Fi-in-Industry-4.0/riot/ProcessC/bin/arduino-mega2560/arduino/base.o
                0x0000000000001b2c                _Z7pinModeii
 .text._Z12digitalWriteii
                0x0000000000001b4e        0xc /home/srivamsimalladi/LiFi/Li-Fi-in-Industry-4.0/riot/ProcessC/bin/arduino-mega2560/arduino/base.o
                0x0000000000001b4e                _Z12digitalWriteii
 .text._Z11digitalReadi
                0x0000000000001b5a       0x1c /home/srivamsimalladi/LiFi/Li-Fi-in-Industry-4.0/riot/ProcessC/bin/arduino-mega2560/arduino/base.o
                0x0000000000001b5a                _Z11digitalReadi
 .text._Z5delaym
                0x0000000000001b76       0x24 /home/srivamsimalladi/LiFi/Li-Fi-in-Industry-4.0/riot/ProcessC/bin/arduino-mega2560/arduino/base.o
                0x0000000000001b76                _Z5delaym
 .text._Z17delayMicrosecondsm
                0x0000000000001b9a       0x18 /home/srivamsimalladi/LiFi/Li-Fi-in-Industry-4.0/riot/ProcessC/bin/arduino-mega2560/arduino/base.o
                0x0000000000001b9a                _Z17delayMicrosecondsm
 .text._Z6microsv
                0x0000000000001bb2       0x14 /home/srivamsimalladi/LiFi/Li-Fi-in-Industry-4.0/riot/ProcessC/bin/arduino-mega2560/arduino/base.o
                0x0000000000001bb2                _Z6microsv
 .text.startup._GLOBAL__sub_I__Z7pinModeii
                0x0000000000001bc6        0xc /home/srivamsimalladi/LiFi/Li-Fi-in-Industry-4.0/riot/ProcessC/bin/arduino-mega2560/arduino/base.o
 .text._ZN10SerialPortC2Ej
                0x0000000000001bd2        0x8 /home/srivamsimalladi/LiFi/Li-Fi-in-Industry-4.0/riot/ProcessC/bin/arduino-mega2560/arduino/serialport.o
                0x0000000000001bd2                _ZN10SerialPortC2Ej
                0x0000000000001bd2                _ZN10SerialPortC1Ej
 .text._ZN10SerialPort5writeEPKc
                0x0000000000001bda       0x2e /home/srivamsimalladi/LiFi/Li-Fi-in-Industry-4.0/riot/ProcessC/bin/arduino-mega2560/arduino/serialport.o
                0x0000000000001bda                _ZN10SerialPort5writeEPKc
 .text._ZN10SerialPort5printEPKc
                0x0000000000001c08        0x4 /home/srivamsimalladi/LiFi/Li-Fi-in-Industry-4.0/riot/ProcessC/bin/arduino-mega2560/arduino/serialport.o
                0x0000000000001c08                _ZN10SerialPort5printEPKc
 .text._ZN10SerialPort7printlnEPKc
                0x0000000000001c0c       0x28 /home/srivamsimalladi/LiFi/Li-Fi-in-Industry-4.0/riot/ProcessC/bin/arduino-mega2560/arduino/serialport.o
                0x0000000000001c0c                _ZN10SerialPort7printlnEPKc
 .text._ZN10SerialPort5writeEPci
                0x0000000000001c34       0x18 /home/srivamsimalladi/LiFi/Li-Fi-in-Industry-4.0/riot/ProcessC/bin/arduino-mega2560/arduino/serialport.o
                0x0000000000001c34                _ZN10SerialPort5writeEPci
 .text._ZN10SerialPort5printEm12SerialFormat
                0x0000000000001c4c      0x14e /home/srivamsimalladi/LiFi/Li-Fi-in-Industry-4.0/riot/ProcessC/bin/arduino-mega2560/arduino/serialport.o
                0x0000000000001c4c                _ZN10SerialPort5printEm12SerialFormat
 .text._ZN10SerialPort5printEl12SerialFormat.part.0
                0x0000000000001d9a       0x7a /home/srivamsimalladi/LiFi/Li-Fi-in-Industry-4.0/riot/ProcessC/bin/arduino-mega2560/arduino/serialport.o
 .text._ZN10SerialPort5printEl12SerialFormat
                0x0000000000001e14        0xc /home/srivamsimalladi/LiFi/Li-Fi-in-Industry-4.0/riot/ProcessC/bin/arduino-mega2560/arduino/serialport.o
                0x0000000000001e14                _ZN10SerialPort5printEl12SerialFormat
 .text._ZN10SerialPort5printEi12SerialFormat
                0x0000000000001e20       0x1c /home/srivamsimalladi/LiFi/Li-Fi-in-Industry-4.0/riot/ProcessC/bin/arduino-mega2560/arduino/serialport.o
                0x0000000000001e20                _ZN10SerialPort5printEi12SerialFormat
 .text._ZN10SerialPort7printlnEi12SerialFormat
                0x0000000000001e3c       0x28 /home/srivamsimalladi/LiFi/Li-Fi-in-Industry-4.0/riot/ProcessC/bin/arduino-mega2560/arduino/serialport.o
                0x0000000000001e3c                _ZN10SerialPort7printlnEi12SerialFormat
 .text._ZN10SerialPort5printEi
                0x0000000000001e64        0xc /home/srivamsimalladi/LiFi/Li-Fi-in-Industry-4.0/riot/ProcessC/bin/arduino-mega2560/arduino/serialport.o
                0x0000000000001e64                _ZN10SerialPort5printEi
 .text._ZN10SerialPort7printlnEi
                0x0000000000001e70       0x28 /home/srivamsimalladi/LiFi/Li-Fi-in-Industry-4.0/riot/ProcessC/bin/arduino-mega2560/arduino/serialport.o
                0x0000000000001e70                _ZN10SerialPort7printlnEi
 .text._ZN11SPISettingsC2Emhh
                0x0000000000001e98       0x8a /home/srivamsimalladi/LiFi/Li-Fi-in-Industry-4.0/riot/ProcessC/bin/arduino-mega2560/arduino/SPI.o
                0x0000000000001e98                _ZN11SPISettingsC2Emhh
                0x0000000000001e98                _ZN11SPISettingsC1Emhh
 .text._ZN11SPISettingsC2Ev
                0x0000000000001f22       0x16 /home/srivamsimalladi/LiFi/Li-Fi-in-Industry-4.0/riot/ProcessC/bin/arduino-mega2560/arduino/SPI.o
                0x0000000000001f22                _ZN11SPISettingsC1Ev
                0x0000000000001f22                _ZN11SPISettingsC2Ev
 .text._ZN8SPIClassC2Ej
                0x0000000000001f38       0x56 /home/srivamsimalladi/LiFi/Li-Fi-in-Industry-4.0/riot/ProcessC/bin/arduino-mega2560/arduino/SPI.o
                0x0000000000001f38                _ZN8SPIClassC1Ej
                0x0000000000001f38                _ZN8SPIClassC2Ej
 .text._ZN8SPIClass16beginTransactionE11SPISettings
                0x0000000000001f8e       0x3e /home/srivamsimalladi/LiFi/Li-Fi-in-Industry-4.0/riot/ProcessC/bin/arduino-mega2560/arduino/SPI.o
                0x0000000000001f8e                _ZN8SPIClass16beginTransactionE11SPISettings
 .text._ZN8SPIClass14endTransactionEv
                0x0000000000001fcc       0x1c /home/srivamsimalladi/LiFi/Li-Fi-in-Industry-4.0/riot/ProcessC/bin/arduino-mega2560/arduino/SPI.o
                0x0000000000001fcc                _ZN8SPIClass14endTransactionEv
 .text._ZN8SPIClass8transferEPvj
                0x0000000000001fe8       0x82 /home/srivamsimalladi/LiFi/Li-Fi-in-Industry-4.0/riot/ProcessC/bin/arduino-mega2560/arduino/SPI.o
                0x0000000000001fe8                _ZN8SPIClass8transferEPvj
 .text.startup._GLOBAL__sub_I__ZN11SPISettingsC2Emhh
                0x000000000000206a        0xc /home/srivamsimalladi/LiFi/Li-Fi-in-Industry-4.0/riot/ProcessC/bin/arduino-mega2560/arduino/SPI.o
 .text.irq_disable
                0x0000000000002076        0xc /home/srivamsimalladi/LiFi/Li-Fi-in-Industry-4.0/riot/ProcessC/bin/arduino-mega2560/atmega_common/irq_arch.o
                0x0000000000002076                irq_disable
 .text.irq_enable
                0x0000000000002082        0xc /home/srivamsimalladi/LiFi/Li-Fi-in-Industry-4.0/riot/ProcessC/bin/arduino-mega2560/atmega_common/irq_arch.o
                0x0000000000002082                irq_enable
 .text.irq_restore
                0x000000000000208e       0x14 /home/srivamsimalladi/LiFi/Li-Fi-in-Industry-4.0/riot/ProcessC/bin/arduino-mega2560/atmega_common/irq_arch.o
                0x000000000000208e                irq_restore
 .text.irq_is_in
                0x00000000000020a2        0x8 /home/srivamsimalladi/LiFi/Li-Fi-in-Industry-4.0/riot/ProcessC/bin/arduino-mega2560/atmega_common/irq_arch.o
                0x00000000000020a2                irq_is_in
 .text._rx_isr_handler
                0x00000000000020aa       0x3a /home/srivamsimalladi/LiFi/Li-Fi-in-Industry-4.0/riot/ProcessC/bin/arduino-mega2560/atmega_common_periph/uart.o
 .text.uart_init
                0x00000000000020e4       0xb4 /home/srivamsimalladi/LiFi/Li-Fi-in-Industry-4.0/riot/ProcessC/bin/arduino-mega2560/atmega_common_periph/uart.o
                0x00000000000020e4                uart_init
 .text.uart_write
                0x0000000000002198       0x46 /home/srivamsimalladi/LiFi/Li-Fi-in-Industry-4.0/riot/ProcessC/bin/arduino-mega2560/atmega_common_periph/uart.o
                0x0000000000002198                uart_write
 .text.__vector_25
                0x00000000000021de       0x54 /home/srivamsimalladi/LiFi/Li-Fi-in-Industry-4.0/riot/ProcessC/bin/arduino-mega2560/atmega_common_periph/uart.o
                0x00000000000021de                __vector_25
 .text.__vector_36
                0x0000000000002232       0x54 /home/srivamsimalladi/LiFi/Li-Fi-in-Industry-4.0/riot/ProcessC/bin/arduino-mega2560/atmega_common_periph/uart.o
                0x0000000000002232                __vector_36
 .text.__vector_27
                0x0000000000002286       0x60 /home/srivamsimalladi/LiFi/Li-Fi-in-Industry-4.0/riot/ProcessC/bin/arduino-mega2560/atmega_common_periph/uart.o
                0x0000000000002286                __vector_27
 .text.__vector_38
                0x00000000000022e6       0x60 /home/srivamsimalladi/LiFi/Li-Fi-in-Industry-4.0/riot/ProcessC/bin/arduino-mega2560/atmega_common_periph/uart.o
                0x00000000000022e6                __vector_38
 .text.atmega_port_addr
                0x0000000000002346       0x1c /home/srivamsimalladi/LiFi/Li-Fi-in-Industry-4.0/riot/ProcessC/bin/arduino-mega2560/atmega_common_periph/gpio.o
 .text.gpio_init
                0x0000000000002362       0x6a /home/srivamsimalladi/LiFi/Li-Fi-in-Industry-4.0/riot/ProcessC/bin/arduino-mega2560/atmega_common_periph/gpio.o
                0x0000000000002362                gpio_init
 .text.gpio_read
                0x00000000000023cc       0x28 /home/srivamsimalladi/LiFi/Li-Fi-in-Industry-4.0/riot/ProcessC/bin/arduino-mega2560/atmega_common_periph/gpio.o
                0x00000000000023cc                gpio_read
 .text.gpio_set
                0x00000000000023f4       0x22 /home/srivamsimalladi/LiFi/Li-Fi-in-Industry-4.0/riot/ProcessC/bin/arduino-mega2560/atmega_common_periph/gpio.o
                0x00000000000023f4                gpio_set
 .text.gpio_clear
                0x0000000000002416       0x28 /home/srivamsimalladi/LiFi/Li-Fi-in-Industry-4.0/riot/ProcessC/bin/arduino-mega2560/atmega_common_periph/gpio.o
                0x0000000000002416                gpio_clear
 .text.gpio_write
                0x000000000000243e        0xc /home/srivamsimalladi/LiFi/Li-Fi-in-Industry-4.0/riot/ProcessC/bin/arduino-mega2560/atmega_common_periph/gpio.o
                0x000000000000243e                gpio_write
 .text.spi_init_pins
                0x000000000000244a        0x8 /home/srivamsimalladi/LiFi/Li-Fi-in-Industry-4.0/riot/ProcessC/bin/arduino-mega2560/atmega_common_periph/spi.o
                0x000000000000244a                spi_init_pins
 .text.spi_init
                0x0000000000002452       0x20 /home/srivamsimalladi/LiFi/Li-Fi-in-Industry-4.0/riot/ProcessC/bin/arduino-mega2560/atmega_common_periph/spi.o
                0x0000000000002452                spi_init
 .text.spi_acquire
                0x0000000000002472       0x3c /home/srivamsimalladi/LiFi/Li-Fi-in-Industry-4.0/riot/ProcessC/bin/arduino-mega2560/atmega_common_periph/spi.o
                0x0000000000002472                spi_acquire
 .text.spi_release
                0x00000000000024ae       0x18 /home/srivamsimalladi/LiFi/Li-Fi-in-Industry-4.0/riot/ProcessC/bin/arduino-mega2560/atmega_common_periph/spi.o
                0x00000000000024ae                spi_release
 .text.spi_transfer_bytes
                0x00000000000024c6       0x96 /home/srivamsimalladi/LiFi/Li-Fi-in-Industry-4.0/riot/ProcessC/bin/arduino-mega2560/atmega_common_periph/spi.o
                0x00000000000024c6                spi_transfer_bytes
 .text._isr     0x000000000000255c       0x52 /home/srivamsimalladi/LiFi/Li-Fi-in-Industry-4.0/riot/ProcessC/bin/arduino-mega2560/atmega_common_periph/timer.o
 .text.timer_init
                0x00000000000025ae       0xa8 /home/srivamsimalladi/LiFi/Li-Fi-in-Industry-4.0/riot/ProcessC/bin/arduino-mega2560/atmega_common_periph/timer.o
                0x00000000000025ae                timer_init
 .text.timer_set_absolute
                0x0000000000002656       0x62 /home/srivamsimalladi/LiFi/Li-Fi-in-Industry-4.0/riot/ProcessC/bin/arduino-mega2560/atmega_common_periph/timer.o
                0x0000000000002656                timer_set_absolute
 .text.timer_read
                0x00000000000026b8       0x20 /home/srivamsimalladi/LiFi/Li-Fi-in-Industry-4.0/riot/ProcessC/bin/arduino-mega2560/atmega_common_periph/timer.o
                0x00000000000026b8                timer_read
 .text.__vector_17
                0x00000000000026d8       0x58 /home/srivamsimalladi/LiFi/Li-Fi-in-Industry-4.0/riot/ProcessC/bin/arduino-mega2560/atmega_common_periph/timer.o
                0x00000000000026d8                __vector_17
 .text.__vector_18
                0x0000000000002730       0x58 /home/srivamsimalladi/LiFi/Li-Fi-in-Industry-4.0/riot/ProcessC/bin/arduino-mega2560/atmega_common_periph/timer.o
                0x0000000000002730                __vector_18
 .text.__vector_19
                0x0000000000002788       0x58 /home/srivamsimalladi/LiFi/Li-Fi-in-Industry-4.0/riot/ProcessC/bin/arduino-mega2560/atmega_common_periph/timer.o
                0x0000000000002788                __vector_19
 .text.__vector_42
                0x00000000000027e0       0x58 /home/srivamsimalladi/LiFi/Li-Fi-in-Industry-4.0/riot/ProcessC/bin/arduino-mega2560/atmega_common_periph/timer.o
                0x00000000000027e0                __vector_42
 .text.__vector_43
                0x0000000000002838       0x58 /home/srivamsimalladi/LiFi/Li-Fi-in-Industry-4.0/riot/ProcessC/bin/arduino-mega2560/atmega_common_periph/timer.o
                0x0000000000002838                __vector_43
 .text.__vector_44
                0x0000000000002890       0x58 /home/srivamsimalladi/LiFi/Li-Fi-in-Industry-4.0/riot/ProcessC/bin/arduino-mega2560/atmega_common_periph/timer.o
                0x0000000000002890                __vector_44
 .text._prep    0x00000000000028e8       0x18 /home/srivamsimalladi/LiFi/Li-Fi-in-Industry-4.0/riot/ProcessC/bin/arduino-mega2560/atmega_common_periph/adc.o
 .text.adc_init
                0x0000000000002900      0x11e /home/srivamsimalladi/LiFi/Li-Fi-in-Industry-4.0/riot/ProcessC/bin/arduino-mega2560/atmega_common_periph/adc.o
                0x0000000000002900                adc_init
 .text.adc_sample
                0x0000000000002a1e       0x98 /home/srivamsimalladi/LiFi/Li-Fi-in-Industry-4.0/riot/ProcessC/bin/arduino-mega2560/atmega_common_periph/adc.o
                0x0000000000002a1e                adc_sample
 .text.board_init
                0x0000000000002ab6       0x16 /home/srivamsimalladi/LiFi/Li-Fi-in-Industry-4.0/riot/ProcessC/bin/arduino-mega2560/boards_common_atmega/board.o
                0x0000000000002ab6                board_init
 .text._mutex_lock
                0x0000000000002acc       0x8a /home/srivamsimalladi/LiFi/Li-Fi-in-Industry-4.0/riot/ProcessC/bin/arduino-mega2560/core/mutex.o
                0x0000000000002acc                _mutex_lock
 .text.mutex_unlock
                0x0000000000002b56       0x82 /home/srivamsimalladi/LiFi/Li-Fi-in-Industry-4.0/riot/ProcessC/bin/arduino-mega2560/core/mutex.o
                0x0000000000002b56                mutex_unlock
 .text.sched_run
                0x0000000000002bd8       0x7e /home/srivamsimalladi/LiFi/Li-Fi-in-Industry-4.0/riot/ProcessC/bin/arduino-mega2560/core/sched.o
                0x0000000000002bd8                sched_run
 .text.sched_set_status
                0x0000000000002c56      0x122 /home/srivamsimalladi/LiFi/Li-Fi-in-Industry-4.0/riot/ProcessC/bin/arduino-mega2560/core/sched.o
                0x0000000000002c56                sched_set_status
 .text.sched_switch
                0x0000000000002d78       0x34 /home/srivamsimalladi/LiFi/Li-Fi-in-Industry-4.0/riot/ProcessC/bin/arduino-mega2560/core/sched.o
                0x0000000000002d78                sched_switch
 .text.sched_task_exit
                0x0000000000002dac       0x44 /home/srivamsimalladi/LiFi/Li-Fi-in-Industry-4.0/riot/ProcessC/bin/arduino-mega2560/core/sched.o
                0x0000000000002dac                sched_task_exit
 .text._lock    0x0000000000002df0       0x82 /home/srivamsimalladi/LiFi/Li-Fi-in-Industry-4.0/riot/ProcessC/bin/arduino-mega2560/core/rmutex.o
 .text.rmutex_lock
                0x0000000000002e72        0x8 /home/srivamsimalladi/LiFi/Li-Fi-in-Industry-4.0/riot/ProcessC/bin/arduino-mega2560/core/rmutex.o
                0x0000000000002e72                rmutex_lock
 .text.rmutex_unlock
                0x0000000000002e7a       0x6a /home/srivamsimalladi/LiFi/Li-Fi-in-Industry-4.0/riot/ProcessC/bin/arduino-mega2560/core/rmutex.o
                0x0000000000002e7a                rmutex_unlock
 .text.__atomic_load_2
                0x0000000000002ee4       0x1c /home/srivamsimalladi/LiFi/Li-Fi-in-Industry-4.0/riot/ProcessC/bin/arduino-mega2560/core/atomic_c11.o
                0x0000000000002ee4                __atomic_load_2
 .text.__atomic_store_2
                0x0000000000002f00       0x20 /home/srivamsimalladi/LiFi/Li-Fi-in-Industry-4.0/riot/ProcessC/bin/arduino-mega2560/core/atomic_c11.o
                0x0000000000002f00                __atomic_store_2
 .text.thread_add_to_list
                0x0000000000002f20       0x42 /home/srivamsimalladi/LiFi/Li-Fi-in-Industry-4.0/riot/ProcessC/bin/arduino-mega2560/core/thread.o
                0x0000000000002f20                thread_add_to_list
 .text.thread_create
                0x0000000000002f62      0x17c /home/srivamsimalladi/LiFi/Li-Fi-in-Industry-4.0/riot/ProcessC/bin/arduino-mega2560/core/thread.o
                0x0000000000002f62                thread_create
 .text.main_trampoline
                0x00000000000030de       0x1e /home/srivamsimalladi/LiFi/Li-Fi-in-Industry-4.0/riot/ProcessC/bin/arduino-mega2560/core/init.o
 .text.idle_thread
                0x00000000000030fc        0x6 /home/srivamsimalladi/LiFi/Li-Fi-in-Industry-4.0/riot/ProcessC/bin/arduino-mega2560/core/init.o
 .text.kernel_init
                0x0000000000003102       0x48 /home/srivamsimalladi/LiFi/Li-Fi-in-Industry-4.0/riot/ProcessC/bin/arduino-mega2560/core/init.o
                0x0000000000003102                kernel_init
 .text.panic_arch
                0x000000000000314a        0x2 /home/srivamsimalladi/LiFi/Li-Fi-in-Industry-4.0/riot/ProcessC/bin/arduino-mega2560/core/panic.o
                0x000000000000314a                panic_arch
 .text.core_panic
                0x000000000000314c       0x76 /home/srivamsimalladi/LiFi/Li-Fi-in-Industry-4.0/riot/ProcessC/bin/arduino-mega2560/core/panic.o
                0x000000000000314c                core_panic
 .text._add_timer_to_list
                0x00000000000031c2       0xe6 /home/srivamsimalladi/LiFi/Li-Fi-in-Industry-4.0/riot/ProcessC/bin/arduino-mega2560/xtimer/xtimer_core.o
 .text._remove_timer_from_list
                0x00000000000032a8       0x2c /home/srivamsimalladi/LiFi/Li-Fi-in-Industry-4.0/riot/ProcessC/bin/arduino-mega2560/xtimer/xtimer_core.o
 .text._xtimer_now64
                0x00000000000032d4      0x102 /home/srivamsimalladi/LiFi/Li-Fi-in-Industry-4.0/riot/ProcessC/bin/arduino-mega2560/xtimer/xtimer_core.o
 .text._schedule_earliest_lltimer.part.0
                0x00000000000033d6       0x66 /home/srivamsimalladi/LiFi/Li-Fi-in-Industry-4.0/riot/ProcessC/bin/arduino-mega2560/xtimer/xtimer_core.o
 .text._xtimer_now
                0x000000000000343c        0xa /home/srivamsimalladi/LiFi/Li-Fi-in-Industry-4.0/riot/ProcessC/bin/arduino-mega2560/xtimer/xtimer_core.o
                0x000000000000343c                _xtimer_now
 .text.xtimer_init
                0x0000000000003446       0x3a /home/srivamsimalladi/LiFi/Li-Fi-in-Industry-4.0/riot/ProcessC/bin/arduino-mega2560/xtimer/xtimer_core.o
                0x0000000000003446                xtimer_init
 .text._periph_timer_callback
                0x0000000000003480      0x39e /home/srivamsimalladi/LiFi/Li-Fi-in-Industry-4.0/riot/ProcessC/bin/arduino-mega2560/xtimer/xtimer_core.o
 .text.xtimer_remove
                0x000000000000381e       0x52 /home/srivamsimalladi/LiFi/Li-Fi-in-Industry-4.0/riot/ProcessC/bin/arduino-mega2560/xtimer/xtimer_core.o
                0x000000000000381e                xtimer_remove
 .text._xtimer_set64
                0x0000000000003870      0x16c /home/srivamsimalladi/LiFi/Li-Fi-in-Industry-4.0/riot/ProcessC/bin/arduino-mega2560/xtimer/xtimer_core.o
                0x0000000000003870                _xtimer_set64
 .text._callback_unlock_mutex
                0x00000000000039dc        0x4 /home/srivamsimalladi/LiFi/Li-Fi-in-Industry-4.0/riot/ProcessC/bin/arduino-mega2560/xtimer/xtimer.o
 .text._xtimer_tsleep
                0x00000000000039e0       0xf6 /home/srivamsimalladi/LiFi/Li-Fi-in-Industry-4.0/riot/ProcessC/bin/arduino-mega2560/xtimer/xtimer.o
                0x00000000000039e0                _xtimer_tsleep
 .text.pm_off   0x0000000000003ad6        0x6 /home/srivamsimalladi/LiFi/Li-Fi-in-Industry-4.0/riot/ProcessC/bin/arduino-mega2560/periph_common/pm.o
                0x0000000000003ad6                pm_off
 .text.pm_set_lowest
                0x0000000000003adc        0x2 /home/srivamsimalladi/LiFi/Li-Fi-in-Industry-4.0/riot/ProcessC/bin/arduino-mega2560/periph_common/pm.o
                0x0000000000003adc                pm_set_lowest
 .text.eeprom_read_byte
                0x0000000000003ade       0x22 /home/srivamsimalladi/LiFi/Li-Fi-in-Industry-4.0/riot/ProcessC/bin/arduino-mega2560/periph_common/eeprom.o
                0x0000000000003ade                eeprom_read_byte
 .text.cpu_init
                0x0000000000003b00       0x20 /home/srivamsimalladi/LiFi/Li-Fi-in-Industry-4.0/riot/ProcessC/bin/arduino-mega2560/atmega_common/cpu.o
                0x0000000000003b00                cpu_init
 .text.__vector_default
                0x0000000000003b20       0x16 /home/srivamsimalladi/LiFi/Li-Fi-in-Industry-4.0/riot/ProcessC/bin/arduino-mega2560/atmega_common/cpu.o
                0x0000000000003b20                __vector_default
 .text.thread_stack_init
                0x0000000000003b36       0x6a /home/srivamsimalladi/LiFi/Li-Fi-in-Industry-4.0/riot/ProcessC/bin/arduino-mega2560/atmega_common/thread_arch.o
                0x0000000000003b36                thread_stack_init
 .text.cpu_switch_context_exit
                0x0000000000003ba0       0x9a /home/srivamsimalladi/LiFi/Li-Fi-in-Industry-4.0/riot/ProcessC/bin/arduino-mega2560/atmega_common/thread_arch.o
                0x0000000000003ba0                cpu_switch_context_exit
 .text.thread_yield_higher
                0x0000000000003c3a       0xdc /home/srivamsimalladi/LiFi/Li-Fi-in-Industry-4.0/riot/ProcessC/bin/arduino-mega2560/atmega_common/thread_arch.o
                0x0000000000003c3a                thread_yield_higher
 .text.atmega_exit_isr
                0x0000000000003d16       0xd6 /home/srivamsimalladi/LiFi/Li-Fi-in-Industry-4.0/riot/ProcessC/bin/arduino-mega2560/atmega_common/thread_arch.o
                0x0000000000003d16                atmega_exit_isr
 .text.eeprom_read
                0x0000000000003dec       0x60 /home/srivamsimalladi/LiFi/Li-Fi-in-Industry-4.0/riot/ProcessC/bin/arduino-mega2560/atmega_common_periph/eeprom.o
                0x0000000000003dec                eeprom_read
 .text.auto_init
                0x0000000000003e4c        0x8 /home/srivamsimalladi/LiFi/Li-Fi-in-Industry-4.0/riot/ProcessC/bin/arduino-mega2560/auto_init/auto_init.o
                0x0000000000003e4c                auto_init
 .text._uart_getchar
                0x0000000000003e54       0x26 /home/srivamsimalladi/LiFi/Li-Fi-in-Industry-4.0/riot/ProcessC/bin/arduino-mega2560/avr_libc_extra/atmega_stdio.o
 .text._uart_putchar
                0x0000000000003e7a       0x24 /home/srivamsimalladi/LiFi/Li-Fi-in-Industry-4.0/riot/ProcessC/bin/arduino-mega2560/avr_libc_extra/atmega_stdio.o
 .text.atmega_stdio_init
                0x0000000000003e9e       0x20 /home/srivamsimalladi/LiFi/Li-Fi-in-Industry-4.0/riot/ProcessC/bin/arduino-mega2560/avr_libc_extra/atmega_stdio.o
                0x0000000000003e9e                atmega_stdio_init
 .text.led_init
                0x0000000000003ebe        0xc /home/srivamsimalladi/LiFi/Li-Fi-in-Industry-4.0/riot/ProcessC/bin/arduino-mega2560/boards_common_arduino-atmega/led_init.o
                0x0000000000003ebe                led_init
 .text.auto_init_random
                0x0000000000003eca       0x32 /home/srivamsimalladi/LiFi/Li-Fi-in-Industry-4.0/riot/ProcessC/bin/arduino-mega2560/random/random.o
                0x0000000000003eca                auto_init_random
 .text.random_init
                0x0000000000003efc       0x24 /home/srivamsimalladi/LiFi/Li-Fi-in-Industry-4.0/riot/ProcessC/bin/arduino-mega2560/random/xorshift.o
                0x0000000000003efc                random_init
 .text.stdio_init
                0x0000000000003f20       0x22 /home/srivamsimalladi/LiFi/Li-Fi-in-Industry-4.0/riot/ProcessC/bin/arduino-mega2560/stdio_uart/stdio_uart.o
                0x0000000000003f20                stdio_init
 .text.stdio_read
                0x0000000000003f42        0x6 /home/srivamsimalladi/LiFi/Li-Fi-in-Industry-4.0/riot/ProcessC/bin/arduino-mega2560/stdio_uart/stdio_uart.o
                0x0000000000003f42                stdio_read
 .text.stdio_write
                0x0000000000003f48       0x1a /home/srivamsimalladi/LiFi/Li-Fi-in-Industry-4.0/riot/ProcessC/bin/arduino-mega2560/stdio_uart/stdio_uart.o
                0x0000000000003f48                stdio_write
 .text.periph_init
                0x0000000000003f62       0x10 /home/srivamsimalladi/LiFi/Li-Fi-in-Industry-4.0/riot/ProcessC/bin/arduino-mega2560/periph_common/init.o
                0x0000000000003f62                periph_init
 .text.i2c_init
                0x0000000000003f72       0x54 /home/srivamsimalladi/LiFi/Li-Fi-in-Industry-4.0/riot/ProcessC/bin/arduino-mega2560/atmega_common_periph/i2c.o
                0x0000000000003f72                i2c_init
 .text.luid_base
                0x0000000000003fc6       0x84 /home/srivamsimalladi/LiFi/Li-Fi-in-Industry-4.0/riot/ProcessC/bin/arduino-mega2560/luid/luid.o
                0x0000000000003fc6                luid_base
 .text.luid_get
                0x000000000000404a       0x22 /home/srivamsimalladi/LiFi/Li-Fi-in-Industry-4.0/riot/ProcessC/bin/arduino-mega2560/luid/luid.o
                0x000000000000404a                luid_get
 .text.cpuid_get
                0x000000000000406c       0x40 /home/srivamsimalladi/LiFi/Li-Fi-in-Industry-4.0/riot/ProcessC/bin/arduino-mega2560/atmega_common_periph/cpuid.o
                0x000000000000406c                cpuid_get
 .text.libgcc.div
                0x00000000000040ac       0x28 /usr/lib/gcc/avr/5.4.0/avr6/libgcc.a(_udivmodhi4.o)
                0x00000000000040ac                __udivmodhi4
 .text.libgcc.div
                0x00000000000040d4       0x44 /usr/lib/gcc/avr/5.4.0/avr6/libgcc.a(_udivmodsi4.o)
                0x00000000000040d4                __udivmodsi4
 .text.libgcc   0x0000000000004118       0x10 /usr/lib/gcc/avr/5.4.0/avr6/libgcc.a(_tablejump2.o)
                0x0000000000004118                __tablejump2__
 .text.libgcc.mul
                0x0000000000004128       0x16 /usr/lib/gcc/avr/5.4.0/avr6/libgcc.a(_muluhisi3.o)
                0x0000000000004128                __muluhisi3
 .text.libgcc.builtins
                0x000000000000413e       0x3c /usr/lib/gcc/avr/5.4.0/avr6/libgcc.a(_ashrdi3.o)
                0x000000000000413e                __ashrdi3
                0x0000000000004142                __lshrdi3
 .text.libgcc   0x000000000000417a       0x12 /usr/lib/gcc/avr/5.4.0/avr6/libgcc.a(_adddi3.o)
                0x000000000000417a                __adddi3
 .text.libgcc.mul
                0x000000000000418c       0x1e /usr/lib/gcc/avr/5.4.0/avr6/libgcc.a(_umulhisi3.o)
                0x000000000000418c                __umulhisi3
 .text.avr-libc
                0x00000000000041aa       0x12 /usr/lib/gcc/avr/5.4.0/../../../avr/lib/avr6/libc.a(memcpy.o)
                0x00000000000041aa                memcpy
 .text.avr-libc
                0x00000000000041bc        0xe /usr/lib/gcc/avr/5.4.0/../../../avr/lib/avr6/libc.a(memset.o)
                0x00000000000041bc                memset
 .text.avr-libc
                0x00000000000041ca       0x12 /usr/lib/gcc/avr/5.4.0/../../../avr/lib/avr6/libc.a(strlen.o)
                0x00000000000041ca                strlen
 .text.avr-libc
                0x00000000000041dc       0x28 /usr/lib/gcc/avr/5.4.0/../../../avr/lib/avr6/libc.a(printf.o)
                0x00000000000041dc                printf
 .text.avr-libc
                0x0000000000004204       0x60 /usr/lib/gcc/avr/5.4.0/../../../avr/lib/avr6/libc.a(puts.o)
                0x0000000000004204                puts
 .text.avr-libc
                0x0000000000004264       0x5e /usr/lib/gcc/avr/5.4.0/../../../avr/lib/avr6/libc.a(sprintf.o)
                0x0000000000004264                sprintf
 .text.avr-libc
                0x00000000000042c2      0x414 /usr/lib/gcc/avr/5.4.0/../../../avr/lib/avr6/libc.a(vfprintf_std.o)
                0x00000000000042c2                vfprintf
 .text.avr-libc
                0x00000000000046d6       0x16 /usr/lib/gcc/avr/5.4.0/../../../avr/lib/avr6/libc.a(strnlen_P.o)
                0x00000000000046d6                strnlen_P
 .text.avr-libc
                0x00000000000046ec       0x16 /usr/lib/gcc/avr/5.4.0/../../../avr/lib/avr6/libc.a(strnlen.o)
                0x00000000000046ec                strnlen
 .text.avr-libc
                0x0000000000004702       0x78 /usr/lib/gcc/avr/5.4.0/../../../avr/lib/avr6/libc.a(fputc.o)
                0x0000000000004702                fputc
 .text.avr-libc
                0x000000000000477a       0xbc /usr/lib/gcc/avr/5.4.0/../../../avr/lib/avr6/libc.a(ultoa_invert.o)
                0x000000000000477a                __ultoa_invert
                0x0000000000004836                . = ALIGN (0x2)
 *(.fini9)
 .fini9         0x0000000000004836        0x0 /usr/lib/gcc/avr/5.4.0/avr6/libgcc.a(_exit.o)
                0x0000000000004836                exit
                0x0000000000004836                _exit
 *(.fini9)
 *(.fini8)
 *(.fini8)
 *(.fini7)
 *(.fini7)
 *(.fini6)
 *(.fini6)
 *(.fini5)
 *(.fini5)
 *(.fini4)
 *(.fini4)
 *(.fini3)
 *(.fini3)
 *(.fini2)
 *(.fini2)
 *(.fini1)
 *(.fini1)
 *(.fini0)
 .fini0         0x0000000000004836        0x4 /usr/lib/gcc/avr/5.4.0/avr6/libgcc.a(_exit.o)
 *(.fini0)
                0x000000000000483a                _etext = .

.data           0x0000000000800200      0x40a load address 0x000000000000483a
                0x0000000000800200                PROVIDE (__data_start, .)
 *(.data)
 .data          0x0000000000800200        0x6 /usr/lib/gcc/avr/5.4.0/../../../avr/lib/avr6/libc.a(malloc.o)
                0x0000000000800200                __malloc_heap_end
                0x0000000000800202                __malloc_heap_start
                0x0000000000800204                __malloc_margin
 *(.data*)
 .data.userRequest
                0x0000000000800206        0x1 /home/srivamsimalladi/LiFi/Li-Fi-in-Industry-4.0/riot/ProcessC/bin/arduino-mega2560/application_master/main.o
                0x0000000000800206                userRequest
 .data.hiBay_data
                0x0000000000800207        0x3 /home/srivamsimalladi/LiFi/Li-Fi-in-Industry-4.0/riot/ProcessC/bin/arduino-mega2560/application_master/main.o
                0x0000000000800207                hiBay_data
 .data.sink3    0x000000000080020a        0x3 /home/srivamsimalladi/LiFi/Li-Fi-in-Industry-4.0/riot/ProcessC/bin/arduino-mega2560/application_master/main.o
                0x000000000080020a                sink3
 .data.pallet_types
                0x000000000080020d        0x7 /home/srivamsimalladi/LiFi/Li-Fi-in-Industry-4.0/riot/ProcessC/bin/arduino-mega2560/application_master/main.o
                0x000000000080020d                pallet_types
 .data.request_data
                0x0000000000800214        0x1 /home/srivamsimalladi/LiFi/Li-Fi-in-Industry-4.0/riot/ProcessC/bin/arduino-mega2560/application_master/main.o
                0x0000000000800214                request_data
 .data.control_info
                0x0000000000800215        0x1 /home/srivamsimalladi/LiFi/Li-Fi-in-Industry-4.0/riot/ProcessC/bin/arduino-mega2560/application_master/main.o
                0x0000000000800215                control_info
 .data.ctx      0x0000000000800216       0x18 /home/srivamsimalladi/LiFi/Li-Fi-in-Industry-4.0/riot/ProcessC/bin/arduino-mega2560/atmega_common_periph/timer.o
 .data._uart_stdin
                0x000000000080022e        0xe /home/srivamsimalladi/LiFi/Li-Fi-in-Industry-4.0/riot/ProcessC/bin/arduino-mega2560/avr_libc_extra/atmega_stdio.o
 .data._uart_stdout
                0x000000000080023c        0xe /home/srivamsimalladi/LiFi/Li-Fi-in-Industry-4.0/riot/ProcessC/bin/arduino-mega2560/avr_libc_extra/atmega_stdio.o
 *(.rodata)
 *(.rodata*)
 .rodata.str1.1
                0x000000000080024a       0x76 /home/srivamsimalladi/LiFi/Li-Fi-in-Industry-4.0/riot/ProcessC/bin/arduino-mega2560/application_master/main.o
 .rodata._ZTV7MFRC522
                0x00000000008002c0        0xa /home/srivamsimalladi/LiFi/Li-Fi-in-Industry-4.0/riot/ProcessC/bin/arduino-mega2560/application_master/MFRC522.o
                0x00000000008002c0                _ZTV7MFRC522
 .rodata._ZL9crc_table
                0x00000000008002ca      0x200 /home/srivamsimalladi/LiFi/Li-Fi-in-Industry-4.0/riot/ProcessC/bin/arduino-mega2560/LiFi_module/crc16_ccitt.o
 .rodata._ZL14arduino_pinmap
                0x00000000008004ca       0x46 /home/srivamsimalladi/LiFi/Li-Fi-in-Industry-4.0/riot/ProcessC/bin/arduino-mega2560/arduino/base.o
 .rodata.str1.1
                0x0000000000800510       0x18 /home/srivamsimalladi/LiFi/Li-Fi-in-Industry-4.0/riot/ProcessC/bin/arduino-mega2560/arduino/serialport.o
 .rodata._ZZN11SPISettingsC4EmhhE6clocks
                0x0000000000800528        0x4 /home/srivamsimalladi/LiFi/Li-Fi-in-Industry-4.0/riot/ProcessC/bin/arduino-mega2560/arduino/SPI.o
 .rodata.dev    0x000000000080052c        0x4 /home/srivamsimalladi/LiFi/Li-Fi-in-Industry-4.0/riot/ProcessC/bin/arduino-mega2560/atmega_common_periph/uart.o
 .rodata.prescalers
                0x0000000000800530        0x5 /home/srivamsimalladi/LiFi/Li-Fi-in-Industry-4.0/riot/ProcessC/bin/arduino-mega2560/atmega_common_periph/timer.o
 .rodata.str1.1
                0x0000000000800535       0x7f /home/srivamsimalladi/LiFi/Li-Fi-in-Industry-4.0/riot/ProcessC/bin/arduino-mega2560/core/init.o
 .rodata.str1.1
                0x00000000008005b4       0x41 /home/srivamsimalladi/LiFi/Li-Fi-in-Industry-4.0/riot/ProcessC/bin/arduino-mega2560/core/panic.o
 .rodata.assert_crash_message
                0x00000000008005f5       0x12 /home/srivamsimalladi/LiFi/Li-Fi-in-Industry-4.0/riot/ProcessC/bin/arduino-mega2560/core/panic.o
                0x00000000008005f5                assert_crash_message
 .rodata.str1.1
                0x0000000000800607        0x2 /home/srivamsimalladi/LiFi/Li-Fi-in-Industry-4.0/riot/ProcessC/bin/arduino-mega2560/avr_libc_extra/atmega_stdio.o
 *(.gnu.linkonce.d*)
                0x000000000080060a                . = ALIGN (0x2)
 *fill*         0x0000000000800609        0x1 
                0x000000000080060a                _edata = .
                0x000000000080060a                PROVIDE (__data_end, .)

.bss            0x000000000080060a      0xcda
                0x000000000080060a                PROVIDE (__bss_start, .)
 *(.bss)
 *(.bss*)
 .bss._ZL6Serial
                0x000000000080060a       0x4a /home/srivamsimalladi/LiFi/Li-Fi-in-Industry-4.0/riot/ProcessC/bin/arduino-mega2560/application_master/_sketches.o
 .bss.messageSent
                0x0000000000800654        0x1 /home/srivamsimalladi/LiFi/Li-Fi-in-Industry-4.0/riot/ProcessC/bin/arduino-mega2560/application_master/main.o
                0x0000000000800654                messageSent
 .bss.endSensor
                0x0000000000800655        0x1 /home/srivamsimalladi/LiFi/Li-Fi-in-Industry-4.0/riot/ProcessC/bin/arduino-mega2560/application_master/main.o
                0x0000000000800655                endSensor
 .bss.startSensor
                0x0000000000800656        0x1 /home/srivamsimalladi/LiFi/Li-Fi-in-Industry-4.0/riot/ProcessC/bin/arduino-mega2560/application_master/main.o
                0x0000000000800656                startSensor
 .bss.lifi1     0x0000000000800657       0x55 /home/srivamsimalladi/LiFi/Li-Fi-in-Industry-4.0/riot/ProcessC/bin/arduino-mega2560/application_master/main.o
                0x0000000000800657                lifi1
 .bss._ZL9rx_stack1
                0x00000000008006ac      0x280 /home/srivamsimalladi/LiFi/Li-Fi-in-Industry-4.0/riot/ProcessC/bin/arduino-mega2560/application_master/main.o
 .bss._ZL9tx_stack1
                0x000000000080092c      0x280 /home/srivamsimalladi/LiFi/Li-Fi-in-Industry-4.0/riot/ProcessC/bin/arduino-mega2560/application_master/main.o
 .bss.control_data
                0x0000000000800bac       0xff /home/srivamsimalladi/LiFi/Li-Fi-in-Industry-4.0/riot/ProcessC/bin/arduino-mega2560/application_master/main.o
                0x0000000000800bac                control_data
 .bss.device_id
                0x0000000000800cab        0x1 /home/srivamsimalladi/LiFi/Li-Fi-in-Industry-4.0/riot/ProcessC/bin/arduino-mega2560/application_master/main.o
                0x0000000000800cab                device_id
 .bss.state2    0x0000000000800cac        0x2 /home/srivamsimalladi/LiFi/Li-Fi-in-Industry-4.0/riot/ProcessC/bin/arduino-mega2560/application_master/main.o
                0x0000000000800cac                state2
 .bss.acc       0x0000000000800cae        0xa /home/srivamsimalladi/LiFi/Li-Fi-in-Industry-4.0/riot/ProcessC/bin/arduino-mega2560/application_master/main.o
                0x0000000000800cae                acc
 .bss.mfrc522   0x0000000000800cb8       0x10 /home/srivamsimalladi/LiFi/Li-Fi-in-Industry-4.0/riot/ProcessC/bin/arduino-mega2560/application_master/main.o
                0x0000000000800cb8                mfrc522
 .bss._ZL6Serial
                0x0000000000800cc8       0x4a /home/srivamsimalladi/LiFi/Li-Fi-in-Industry-4.0/riot/ProcessC/bin/arduino-mega2560/application_master/main.o
 .bss._ZL6Serial
                0x0000000000800d12       0x4a /home/srivamsimalladi/LiFi/Li-Fi-in-Industry-4.0/riot/ProcessC/bin/arduino-mega2560/application_master/MFRC522.o
 .bss._ZL6Serial
                0x0000000000800d5c       0x4a /home/srivamsimalladi/LiFi/Li-Fi-in-Industry-4.0/riot/ProcessC/bin/arduino-mega2560/LiFi_module/PLiFi.o
 .bss.debug_str_pos
                0x0000000000800da6        0x1 /home/srivamsimalladi/LiFi/Li-Fi-in-Industry-4.0/riot/ProcessC/bin/arduino-mega2560/LiFi_module/LiFi.o
                0x0000000000800da6                debug_str_pos
 .bss.debug_str_buf
                0x0000000000800da7      0x100 /home/srivamsimalladi/LiFi/Li-Fi-in-Industry-4.0/riot/ProcessC/bin/arduino-mega2560/LiFi_module/LiFi.o
                0x0000000000800da7                debug_str_buf
 .bss._ZL6Serial
                0x0000000000800ea7       0x4a /home/srivamsimalladi/LiFi/Li-Fi-in-Industry-4.0/riot/ProcessC/bin/arduino-mega2560/LiFi_module/LiFi.o
 .bss._ZL6Serial
                0x0000000000800ef1       0x4a /home/srivamsimalladi/LiFi/Li-Fi-in-Industry-4.0/riot/ProcessC/bin/arduino-mega2560/arduino/base.o
 .bss.SPI       0x0000000000800f3b        0xb /home/srivamsimalladi/LiFi/Li-Fi-in-Industry-4.0/riot/ProcessC/bin/arduino-mega2560/arduino/SPI.o
                0x0000000000800f3b                SPI
 .bss.atmega_in_isr
                0x0000000000800f46        0x1 /home/srivamsimalladi/LiFi/Li-Fi-in-Industry-4.0/riot/ProcessC/bin/arduino-mega2560/atmega_common/irq_arch.o
                0x0000000000800f46                atmega_in_isr
 .bss._tx_pending
                0x0000000000800f47        0x1 /home/srivamsimalladi/LiFi/Li-Fi-in-Industry-4.0/riot/ProcessC/bin/arduino-mega2560/atmega_common_periph/uart.o
 .bss.isr_ctx   0x0000000000800f48        0x8 /home/srivamsimalladi/LiFi/Li-Fi-in-Industry-4.0/riot/ProcessC/bin/arduino-mega2560/atmega_common_periph/uart.o
 .bss.lock      0x0000000000800f50        0x2 /home/srivamsimalladi/LiFi/Li-Fi-in-Industry-4.0/riot/ProcessC/bin/arduino-mega2560/atmega_common_periph/spi.o
 .bss.lock      0x0000000000800f52        0x2 /home/srivamsimalladi/LiFi/Li-Fi-in-Industry-4.0/riot/ProcessC/bin/arduino-mega2560/atmega_common_periph/adc.o
 .bss.runqueue_bitcache
                0x0000000000800f54        0x4 /home/srivamsimalladi/LiFi/Li-Fi-in-Industry-4.0/riot/ProcessC/bin/arduino-mega2560/core/sched.o
 .bss.sched_runqueues
                0x0000000000800f58       0x20 /home/srivamsimalladi/LiFi/Li-Fi-in-Industry-4.0/riot/ProcessC/bin/arduino-mega2560/core/sched.o
                0x0000000000800f58                sched_runqueues
 .bss.sched_active_pid
                0x0000000000800f78        0x2 /home/srivamsimalladi/LiFi/Li-Fi-in-Industry-4.0/riot/ProcessC/bin/arduino-mega2560/core/sched.o
                0x0000000000800f78                sched_active_pid
 .bss.sched_active_thread
                0x0000000000800f7a        0x2 /home/srivamsimalladi/LiFi/Li-Fi-in-Industry-4.0/riot/ProcessC/bin/arduino-mega2560/core/sched.o
                0x0000000000800f7a                sched_active_thread
 .bss.sched_threads
                0x0000000000800f7c       0x42 /home/srivamsimalladi/LiFi/Li-Fi-in-Industry-4.0/riot/ProcessC/bin/arduino-mega2560/core/sched.o
                0x0000000000800f7c                sched_threads
 .bss.sched_context_switch_request
                0x0000000000800fbe        0x2 /home/srivamsimalladi/LiFi/Li-Fi-in-Industry-4.0/riot/ProcessC/bin/arduino-mega2560/core/sched.o
                0x0000000000800fbe                sched_context_switch_request
 .bss.sched_num_threads
                0x0000000000800fc0        0x2 /home/srivamsimalladi/LiFi/Li-Fi-in-Industry-4.0/riot/ProcessC/bin/arduino-mega2560/core/sched.o
                0x0000000000800fc0                sched_num_threads
 .bss.idle_stack
                0x0000000000800fc2       0x80 /home/srivamsimalladi/LiFi/Li-Fi-in-Industry-4.0/riot/ProcessC/bin/arduino-mega2560/core/init.o
 .bss.main_stack
                0x0000000000801042      0x280 /home/srivamsimalladi/LiFi/Li-Fi-in-Industry-4.0/riot/ProcessC/bin/arduino-mega2560/core/init.o
 .bss.crashed   0x00000000008012c2        0x2 /home/srivamsimalladi/LiFi/Li-Fi-in-Industry-4.0/riot/ProcessC/bin/arduino-mega2560/core/panic.o
 .bss._lltimer_ongoing
                0x00000000008012c4        0x1 /home/srivamsimalladi/LiFi/Li-Fi-in-Industry-4.0/riot/ProcessC/bin/arduino-mega2560/xtimer/xtimer_core.o
 .bss.long_list_head
                0x00000000008012c5        0x2 /home/srivamsimalladi/LiFi/Li-Fi-in-Industry-4.0/riot/ProcessC/bin/arduino-mega2560/xtimer/xtimer_core.o
 .bss.timer_list_head
                0x00000000008012c7        0x2 /home/srivamsimalladi/LiFi/Li-Fi-in-Industry-4.0/riot/ProcessC/bin/arduino-mega2560/xtimer/xtimer_core.o
 .bss._xtimer_current_time
                0x00000000008012c9        0x8 /home/srivamsimalladi/LiFi/Li-Fi-in-Industry-4.0/riot/ProcessC/bin/arduino-mega2560/xtimer/xtimer_core.o
                0x00000000008012c9                _xtimer_current_time
 .bss._in_handler
                0x00000000008012d1        0x2 /home/srivamsimalladi/LiFi/Li-Fi-in-Industry-4.0/riot/ProcessC/bin/arduino-mega2560/xtimer/xtimer_core.o
 .bss._state32  0x00000000008012d3        0x4 /home/srivamsimalladi/LiFi/Li-Fi-in-Industry-4.0/riot/ProcessC/bin/arduino-mega2560/random/xorshift.o
 .bss.locks     0x00000000008012d7        0x2 /home/srivamsimalladi/LiFi/Li-Fi-in-Industry-4.0/riot/ProcessC/bin/arduino-mega2560/atmega_common_periph/i2c.o
 .bss.lastused  0x00000000008012d9        0x1 /home/srivamsimalladi/LiFi/Li-Fi-in-Industry-4.0/riot/ProcessC/bin/arduino-mega2560/luid/luid.o
 *(COMMON)
 COMMON         0x00000000008012da        0x4 /usr/lib/gcc/avr/5.4.0/../../../avr/lib/avr6/libc.a(malloc.o)
                0x00000000008012da                __brkval
                0x00000000008012dc                __flp
 COMMON         0x00000000008012de        0x6 /usr/lib/gcc/avr/5.4.0/../../../avr/lib/avr6/libc.a(iob.o)
                0x00000000008012de                __iob
                0x00000000008012e4                PROVIDE (__bss_end, .)
                0x000000000000483a                __data_load_start = LOADADDR (.data)
                0x0000000000004c44                __data_load_end = (__data_load_start + SIZEOF (.data))

.noinit         0x00000000008012e4        0x2
                [!provide]                        PROVIDE (__noinit_start, .)
 *(.noinit*)
 .noinit        0x00000000008012e4        0x2 /home/srivamsimalladi/LiFi/Li-Fi-in-Industry-4.0/riot/ProcessC/bin/arduino-mega2560/atmega_common/cpu.o
                0x00000000008012e4                soft_rst
                0x00000000008012e5                mcusr_mirror
                [!provide]                        PROVIDE (__noinit_end, .)
                0x00000000008012e6                _end = .
                0x00000000008012e6                PROVIDE (__heap_start, .)

.eeprom         0x0000000000810000        0x0
 *(.eeprom*)
                0x0000000000810000                __eeprom_end = .

.fuse
 *(.fuse)
 *(.lfuse)
 *(.hfuse)
 *(.efuse)

.lock
 *(.lock*)

.signature
 *(.signature*)

.user_signatures
 *(.user_signatures*)

.stab
 *(.stab)

.stabstr
 *(.stabstr)

.stab.excl
 *(.stab.excl)

.stab.exclstr
 *(.stab.exclstr)

.stab.index
 *(.stab.index)

.stab.indexstr
 *(.stab.indexstr)

.comment        0x0000000000000000       0x11
 *(.comment)
 .comment       0x0000000000000000       0x11 /home/srivamsimalladi/LiFi/Li-Fi-in-Industry-4.0/riot/ProcessC/bin/arduino-mega2560/atmega_common/startup.o
                                         0x12 (size before relaxing)
 .comment       0x0000000000000011       0x12 /home/srivamsimalladi/LiFi/Li-Fi-in-Industry-4.0/riot/ProcessC/bin/arduino-mega2560/application_master/_sketches.o
 .comment       0x0000000000000011       0x12 /home/srivamsimalladi/LiFi/Li-Fi-in-Industry-4.0/riot/ProcessC/bin/arduino-mega2560/application_master/main.o
 .comment       0x0000000000000011       0x12 /home/srivamsimalladi/LiFi/Li-Fi-in-Industry-4.0/riot/ProcessC/bin/arduino-mega2560/application_master/MFRC522.o
 .comment       0x0000000000000011       0x12 /home/srivamsimalladi/LiFi/Li-Fi-in-Industry-4.0/riot/ProcessC/bin/arduino-mega2560/LiFi_module/PLiFi.o
 .comment       0x0000000000000011       0x12 /home/srivamsimalladi/LiFi/Li-Fi-in-Industry-4.0/riot/ProcessC/bin/arduino-mega2560/LiFi_module/LiFi.o
 .comment       0x0000000000000011       0x12 /home/srivamsimalladi/LiFi/Li-Fi-in-Industry-4.0/riot/ProcessC/bin/arduino-mega2560/LiFi_module/crc16_ccitt.o
 .comment       0x0000000000000011       0x12 /home/srivamsimalladi/LiFi/Li-Fi-in-Industry-4.0/riot/ProcessC/bin/arduino-mega2560/arduino/base.o
 .comment       0x0000000000000011       0x12 /home/srivamsimalladi/LiFi/Li-Fi-in-Industry-4.0/riot/ProcessC/bin/arduino-mega2560/arduino/serialport.o
 .comment       0x0000000000000011       0x12 /home/srivamsimalladi/LiFi/Li-Fi-in-Industry-4.0/riot/ProcessC/bin/arduino-mega2560/arduino/SPI.o
 .comment       0x0000000000000011       0x12 /home/srivamsimalladi/LiFi/Li-Fi-in-Industry-4.0/riot/ProcessC/bin/arduino-mega2560/atmega_common/irq_arch.o
 .comment       0x0000000000000011       0x12 /home/srivamsimalladi/LiFi/Li-Fi-in-Industry-4.0/riot/ProcessC/bin/arduino-mega2560/atmega_common_periph/uart.o
 .comment       0x0000000000000011       0x12 /home/srivamsimalladi/LiFi/Li-Fi-in-Industry-4.0/riot/ProcessC/bin/arduino-mega2560/atmega_common_periph/gpio.o
 .comment       0x0000000000000011       0x12 /home/srivamsimalladi/LiFi/Li-Fi-in-Industry-4.0/riot/ProcessC/bin/arduino-mega2560/atmega_common_periph/spi.o
 .comment       0x0000000000000011       0x12 /home/srivamsimalladi/LiFi/Li-Fi-in-Industry-4.0/riot/ProcessC/bin/arduino-mega2560/atmega_common_periph/timer.o
 .comment       0x0000000000000011       0x12 /home/srivamsimalladi/LiFi/Li-Fi-in-Industry-4.0/riot/ProcessC/bin/arduino-mega2560/atmega_common_periph/adc.o
 .comment       0x0000000000000011       0x12 /home/srivamsimalladi/LiFi/Li-Fi-in-Industry-4.0/riot/ProcessC/bin/arduino-mega2560/boards_common_atmega/board.o
 .comment       0x0000000000000011       0x12 /home/srivamsimalladi/LiFi/Li-Fi-in-Industry-4.0/riot/ProcessC/bin/arduino-mega2560/core/mutex.o
 .comment       0x0000000000000011       0x12 /home/srivamsimalladi/LiFi/Li-Fi-in-Industry-4.0/riot/ProcessC/bin/arduino-mega2560/core/sched.o
 .comment       0x0000000000000011       0x12 /home/srivamsimalladi/LiFi/Li-Fi-in-Industry-4.0/riot/ProcessC/bin/arduino-mega2560/core/rmutex.o
 .comment       0x0000000000000011       0x12 /home/srivamsimalladi/LiFi/Li-Fi-in-Industry-4.0/riot/ProcessC/bin/arduino-mega2560/core/atomic_c11.o
 .comment       0x0000000000000011       0x12 /home/srivamsimalladi/LiFi/Li-Fi-in-Industry-4.0/riot/ProcessC/bin/arduino-mega2560/core/thread.o
 .comment       0x0000000000000011       0x12 /home/srivamsimalladi/LiFi/Li-Fi-in-Industry-4.0/riot/ProcessC/bin/arduino-mega2560/core/init.o
 .comment       0x0000000000000011       0x12 /home/srivamsimalladi/LiFi/Li-Fi-in-Industry-4.0/riot/ProcessC/bin/arduino-mega2560/core/panic.o
 .comment       0x0000000000000011       0x12 /home/srivamsimalladi/LiFi/Li-Fi-in-Industry-4.0/riot/ProcessC/bin/arduino-mega2560/xtimer/xtimer_core.o
 .comment       0x0000000000000011       0x12 /home/srivamsimalladi/LiFi/Li-Fi-in-Industry-4.0/riot/ProcessC/bin/arduino-mega2560/xtimer/xtimer.o
 .comment       0x0000000000000011       0x12 /home/srivamsimalladi/LiFi/Li-Fi-in-Industry-4.0/riot/ProcessC/bin/arduino-mega2560/periph_common/pm.o
 .comment       0x0000000000000011       0x12 /home/srivamsimalladi/LiFi/Li-Fi-in-Industry-4.0/riot/ProcessC/bin/arduino-mega2560/periph_common/eeprom.o
 .comment       0x0000000000000011       0x12 /home/srivamsimalladi/LiFi/Li-Fi-in-Industry-4.0/riot/ProcessC/bin/arduino-mega2560/atmega_common/cpu.o
 .comment       0x0000000000000011       0x12 /home/srivamsimalladi/LiFi/Li-Fi-in-Industry-4.0/riot/ProcessC/bin/arduino-mega2560/atmega_common/thread_arch.o
 .comment       0x0000000000000011       0x12 /home/srivamsimalladi/LiFi/Li-Fi-in-Industry-4.0/riot/ProcessC/bin/arduino-mega2560/atmega_common_periph/eeprom.o
 .comment       0x0000000000000011       0x12 /home/srivamsimalladi/LiFi/Li-Fi-in-Industry-4.0/riot/ProcessC/bin/arduino-mega2560/auto_init/auto_init.o
 .comment       0x0000000000000011       0x12 /home/srivamsimalladi/LiFi/Li-Fi-in-Industry-4.0/riot/ProcessC/bin/arduino-mega2560/avr_libc_extra/atmega_stdio.o
 .comment       0x0000000000000011       0x12 /home/srivamsimalladi/LiFi/Li-Fi-in-Industry-4.0/riot/ProcessC/bin/arduino-mega2560/boards_common_arduino-atmega/led_init.o
 .comment       0x0000000000000011       0x12 /home/srivamsimalladi/LiFi/Li-Fi-in-Industry-4.0/riot/ProcessC/bin/arduino-mega2560/random/random.o
 .comment       0x0000000000000011       0x12 /home/srivamsimalladi/LiFi/Li-Fi-in-Industry-4.0/riot/ProcessC/bin/arduino-mega2560/random/xorshift.o
 .comment       0x0000000000000011       0x12 /home/srivamsimalladi/LiFi/Li-Fi-in-Industry-4.0/riot/ProcessC/bin/arduino-mega2560/stdio_uart/stdio_uart.o
 .comment       0x0000000000000011       0x12 /home/srivamsimalladi/LiFi/Li-Fi-in-Industry-4.0/riot/ProcessC/bin/arduino-mega2560/periph_common/init.o
 .comment       0x0000000000000011       0x12 /home/srivamsimalladi/LiFi/Li-Fi-in-Industry-4.0/riot/ProcessC/bin/arduino-mega2560/atmega_common_periph/i2c.o
 .comment       0x0000000000000011       0x12 /home/srivamsimalladi/LiFi/Li-Fi-in-Industry-4.0/riot/ProcessC/bin/arduino-mega2560/luid/luid.o
 .comment       0x0000000000000011       0x12 /home/srivamsimalladi/LiFi/Li-Fi-in-Industry-4.0/riot/ProcessC/bin/arduino-mega2560/atmega_common_periph/cpuid.o
 .comment       0x0000000000000011       0x12 /usr/lib/gcc/avr/5.4.0/../../../avr/lib/avr6/libc.a(malloc.o)
 .comment       0x0000000000000011       0x12 /usr/lib/gcc/avr/5.4.0/../../../avr/lib/avr6/libc.a(iob.o)
 .comment       0x0000000000000011       0x12 /usr/lib/gcc/avr/5.4.0/../../../avr/lib/avr6/libc.a(printf.o)
 .comment       0x0000000000000011       0x12 /usr/lib/gcc/avr/5.4.0/../../../avr/lib/avr6/libc.a(puts.o)
 .comment       0x0000000000000011       0x12 /usr/lib/gcc/avr/5.4.0/../../../avr/lib/avr6/libc.a(sprintf.o)
 .comment       0x0000000000000011       0x12 /usr/lib/gcc/avr/5.4.0/../../../avr/lib/avr6/libc.a(vfprintf_std.o)
 .comment       0x0000000000000011       0x12 /usr/lib/gcc/avr/5.4.0/../../../avr/lib/avr6/libc.a(fputc.o)

.note.gnu.avr.deviceinfo
                0x0000000000000000       0x40
 .note.gnu.avr.deviceinfo
                0x0000000000000000       0x40 /usr/lib/gcc/avr/5.4.0/../../../avr/lib/avr6/crtatmega2560.o

.note.gnu.build-id
 *(.note.gnu.build-id)

.debug
 *(.debug)

.line
 *(.line)

.debug_srcinfo
 *(.debug_srcinfo)

.debug_sfnames
 *(.debug_sfnames)

.debug_aranges  0x0000000000000000      0xf20
 *(.debug_aranges)
 .debug_aranges
                0x0000000000000000       0x30 /home/srivamsimalladi/LiFi/Li-Fi-in-Industry-4.0/riot/ProcessC/bin/arduino-mega2560/atmega_common/startup.o
 .debug_aranges
                0x0000000000000030       0x28 /home/srivamsimalladi/LiFi/Li-Fi-in-Industry-4.0/riot/ProcessC/bin/arduino-mega2560/application_master/_sketches.o
 .debug_aranges
                0x0000000000000058       0x48 /home/srivamsimalladi/LiFi/Li-Fi-in-Industry-4.0/riot/ProcessC/bin/arduino-mega2560/application_master/main.o
 .debug_aranges
                0x00000000000000a0      0x200 /home/srivamsimalladi/LiFi/Li-Fi-in-Industry-4.0/riot/ProcessC/bin/arduino-mega2560/application_master/MFRC522.o
 .debug_aranges
                0x00000000000002a0       0x40 /home/srivamsimalladi/LiFi/Li-Fi-in-Industry-4.0/riot/ProcessC/bin/arduino-mega2560/LiFi_module/PLiFi.o
 .debug_aranges
                0x00000000000002e0       0xb0 /home/srivamsimalladi/LiFi/Li-Fi-in-Industry-4.0/riot/ProcessC/bin/arduino-mega2560/LiFi_module/LiFi.o
 .debug_aranges
                0x0000000000000390       0x20 /home/srivamsimalladi/LiFi/Li-Fi-in-Industry-4.0/riot/ProcessC/bin/arduino-mega2560/LiFi_module/crc16_ccitt.o
 .debug_aranges
                0x00000000000003b0       0x68 /home/srivamsimalladi/LiFi/Li-Fi-in-Industry-4.0/riot/ProcessC/bin/arduino-mega2560/arduino/base.o
 .debug_aranges
                0x0000000000000418      0x130 /home/srivamsimalladi/LiFi/Li-Fi-in-Industry-4.0/riot/ProcessC/bin/arduino-mega2560/arduino/serialport.o
 .debug_aranges
                0x0000000000000548       0x68 /home/srivamsimalladi/LiFi/Li-Fi-in-Industry-4.0/riot/ProcessC/bin/arduino-mega2560/arduino/SPI.o
 .debug_aranges
                0x00000000000005b0       0x38 /home/srivamsimalladi/LiFi/Li-Fi-in-Industry-4.0/riot/ProcessC/bin/arduino-mega2560/atmega_common/irq_arch.o
 .debug_aranges
                0x00000000000005e8       0x58 /home/srivamsimalladi/LiFi/Li-Fi-in-Industry-4.0/riot/ProcessC/bin/arduino-mega2560/atmega_common_periph/uart.o
 .debug_aranges
                0x0000000000000640       0x50 /home/srivamsimalladi/LiFi/Li-Fi-in-Industry-4.0/riot/ProcessC/bin/arduino-mega2560/atmega_common_periph/gpio.o
 .debug_aranges
                0x0000000000000690       0x40 /home/srivamsimalladi/LiFi/Li-Fi-in-Industry-4.0/riot/ProcessC/bin/arduino-mega2560/atmega_common_periph/spi.o
 .debug_aranges
                0x00000000000006d0       0x80 /home/srivamsimalladi/LiFi/Li-Fi-in-Industry-4.0/riot/ProcessC/bin/arduino-mega2560/atmega_common_periph/timer.o
 .debug_aranges
                0x0000000000000750       0x30 /home/srivamsimalladi/LiFi/Li-Fi-in-Industry-4.0/riot/ProcessC/bin/arduino-mega2560/atmega_common_periph/adc.o
 .debug_aranges
                0x0000000000000780       0x20 /home/srivamsimalladi/LiFi/Li-Fi-in-Industry-4.0/riot/ProcessC/bin/arduino-mega2560/boards_common_atmega/board.o
 .debug_aranges
                0x00000000000007a0       0x30 /home/srivamsimalladi/LiFi/Li-Fi-in-Industry-4.0/riot/ProcessC/bin/arduino-mega2560/core/mutex.o
 .debug_aranges
                0x00000000000007d0       0x38 /home/srivamsimalladi/LiFi/Li-Fi-in-Industry-4.0/riot/ProcessC/bin/arduino-mega2560/core/sched.o
 .debug_aranges
                0x0000000000000808       0x38 /home/srivamsimalladi/LiFi/Li-Fi-in-Industry-4.0/riot/ProcessC/bin/arduino-mega2560/core/rmutex.o
 .debug_aranges
                0x0000000000000840      0x240 /home/srivamsimalladi/LiFi/Li-Fi-in-Industry-4.0/riot/ProcessC/bin/arduino-mega2560/core/atomic_c11.o
 .debug_aranges
                0x0000000000000a80       0x70 /home/srivamsimalladi/LiFi/Li-Fi-in-Industry-4.0/riot/ProcessC/bin/arduino-mega2560/core/thread.o
 .debug_aranges
                0x0000000000000af0       0x30 /home/srivamsimalladi/LiFi/Li-Fi-in-Industry-4.0/riot/ProcessC/bin/arduino-mega2560/core/init.o
 .debug_aranges
                0x0000000000000b20       0x28 /home/srivamsimalladi/LiFi/Li-Fi-in-Industry-4.0/riot/ProcessC/bin/arduino-mega2560/core/panic.o
 .debug_aranges
                0x0000000000000b48       0x60 /home/srivamsimalladi/LiFi/Li-Fi-in-Industry-4.0/riot/ProcessC/bin/arduino-mega2560/xtimer/xtimer_core.o
 .debug_aranges
                0x0000000000000ba8       0x88 /home/srivamsimalladi/LiFi/Li-Fi-in-Industry-4.0/riot/ProcessC/bin/arduino-mega2560/xtimer/xtimer.o
 .debug_aranges
                0x0000000000000c30       0x28 /home/srivamsimalladi/LiFi/Li-Fi-in-Industry-4.0/riot/ProcessC/bin/arduino-mega2560/periph_common/pm.o
 .debug_aranges
                0x0000000000000c58       0x40 /home/srivamsimalladi/LiFi/Li-Fi-in-Industry-4.0/riot/ProcessC/bin/arduino-mega2560/periph_common/eeprom.o
 .debug_aranges
                0x0000000000000c98       0x40 /home/srivamsimalladi/LiFi/Li-Fi-in-Industry-4.0/riot/ProcessC/bin/arduino-mega2560/atmega_common/cpu.o
 .debug_aranges
                0x0000000000000cd8       0x40 /home/srivamsimalladi/LiFi/Li-Fi-in-Industry-4.0/riot/ProcessC/bin/arduino-mega2560/atmega_common/thread_arch.o
 .debug_aranges
                0x0000000000000d18       0x28 /home/srivamsimalladi/LiFi/Li-Fi-in-Industry-4.0/riot/ProcessC/bin/arduino-mega2560/atmega_common_periph/eeprom.o
 .debug_aranges
                0x0000000000000d40       0x20 /home/srivamsimalladi/LiFi/Li-Fi-in-Industry-4.0/riot/ProcessC/bin/arduino-mega2560/auto_init/auto_init.o
 .debug_aranges
                0x0000000000000d60       0x30 /home/srivamsimalladi/LiFi/Li-Fi-in-Industry-4.0/riot/ProcessC/bin/arduino-mega2560/avr_libc_extra/atmega_stdio.o
 .debug_aranges
                0x0000000000000d90       0x20 /home/srivamsimalladi/LiFi/Li-Fi-in-Industry-4.0/riot/ProcessC/bin/arduino-mega2560/boards_common_arduino-atmega/led_init.o
 .debug_aranges
                0x0000000000000db0       0x30 /home/srivamsimalladi/LiFi/Li-Fi-in-Industry-4.0/riot/ProcessC/bin/arduino-mega2560/random/random.o
 .debug_aranges
                0x0000000000000de0       0x38 /home/srivamsimalladi/LiFi/Li-Fi-in-Industry-4.0/riot/ProcessC/bin/arduino-mega2560/random/xorshift.o
 .debug_aranges
                0x0000000000000e18       0x30 /home/srivamsimalladi/LiFi/Li-Fi-in-Industry-4.0/riot/ProcessC/bin/arduino-mega2560/stdio_uart/stdio_uart.o
 .debug_aranges
                0x0000000000000e48       0x20 /home/srivamsimalladi/LiFi/Li-Fi-in-Industry-4.0/riot/ProcessC/bin/arduino-mega2560/periph_common/init.o
 .debug_aranges
                0x0000000000000e68       0x50 /home/srivamsimalladi/LiFi/Li-Fi-in-Industry-4.0/riot/ProcessC/bin/arduino-mega2560/atmega_common_periph/i2c.o
 .debug_aranges
                0x0000000000000eb8       0x48 /home/srivamsimalladi/LiFi/Li-Fi-in-Industry-4.0/riot/ProcessC/bin/arduino-mega2560/luid/luid.o
 .debug_aranges
                0x0000000000000f00       0x20 /home/srivamsimalladi/LiFi/Li-Fi-in-Industry-4.0/riot/ProcessC/bin/arduino-mega2560/atmega_common_periph/cpuid.o

.debug_pubnames
 *(.debug_pubnames)

.debug_info     0x0000000000000000    0x1d435
 *(.debug_info .gnu.linkonce.wi.*)
 .debug_info    0x0000000000000000      0xbbc /usr/lib/gcc/avr/5.4.0/../../../avr/lib/avr6/crtatmega2560.o
 .debug_info    0x0000000000000bbc      0x265 /home/srivamsimalladi/LiFi/Li-Fi-in-Industry-4.0/riot/ProcessC/bin/arduino-mega2560/atmega_common/startup.o
 .debug_info    0x0000000000000e21      0x9d5 /home/srivamsimalladi/LiFi/Li-Fi-in-Industry-4.0/riot/ProcessC/bin/arduino-mega2560/application_master/_sketches.o
 .debug_info    0x00000000000017f6     0x2141 /home/srivamsimalladi/LiFi/Li-Fi-in-Industry-4.0/riot/ProcessC/bin/arduino-mega2560/application_master/main.o
 .debug_info    0x0000000000003937     0x5de3 /home/srivamsimalladi/LiFi/Li-Fi-in-Industry-4.0/riot/ProcessC/bin/arduino-mega2560/application_master/MFRC522.o
 .debug_info    0x000000000000971a     0x11f3 /home/srivamsimalladi/LiFi/Li-Fi-in-Industry-4.0/riot/ProcessC/bin/arduino-mega2560/LiFi_module/PLiFi.o
 .debug_info    0x000000000000a90d     0x1984 /home/srivamsimalladi/LiFi/Li-Fi-in-Industry-4.0/riot/ProcessC/bin/arduino-mega2560/LiFi_module/LiFi.o
 .debug_info    0x000000000000c291      0x134 /home/srivamsimalladi/LiFi/Li-Fi-in-Industry-4.0/riot/ProcessC/bin/arduino-mega2560/LiFi_module/crc16_ccitt.o
 .debug_info    0x000000000000c3c5     0x1212 /home/srivamsimalladi/LiFi/Li-Fi-in-Industry-4.0/riot/ProcessC/bin/arduino-mega2560/arduino/base.o
 .debug_info    0x000000000000d5d7     0x21c9 /home/srivamsimalladi/LiFi/Li-Fi-in-Industry-4.0/riot/ProcessC/bin/arduino-mega2560/arduino/serialport.o
 .debug_info    0x000000000000f7a0      0xd7d /home/srivamsimalladi/LiFi/Li-Fi-in-Industry-4.0/riot/ProcessC/bin/arduino-mega2560/arduino/SPI.o
 .debug_info    0x000000000001051d      0x21c /home/srivamsimalladi/LiFi/Li-Fi-in-Industry-4.0/riot/ProcessC/bin/arduino-mega2560/atmega_common/irq_arch.o
 .debug_info    0x0000000000010739      0x6b1 /home/srivamsimalladi/LiFi/Li-Fi-in-Industry-4.0/riot/ProcessC/bin/arduino-mega2560/atmega_common_periph/uart.o
 .debug_info    0x0000000000010dea      0x5b7 /home/srivamsimalladi/LiFi/Li-Fi-in-Industry-4.0/riot/ProcessC/bin/arduino-mega2560/atmega_common_periph/gpio.o
 .debug_info    0x00000000000113a1      0x602 /home/srivamsimalladi/LiFi/Li-Fi-in-Industry-4.0/riot/ProcessC/bin/arduino-mega2560/atmega_common_periph/spi.o
 .debug_info    0x00000000000119a3      0x910 /home/srivamsimalladi/LiFi/Li-Fi-in-Industry-4.0/riot/ProcessC/bin/arduino-mega2560/atmega_common_periph/timer.o
 .debug_info    0x00000000000122b3      0x44c /home/srivamsimalladi/LiFi/Li-Fi-in-Industry-4.0/riot/ProcessC/bin/arduino-mega2560/atmega_common_periph/adc.o
 .debug_info    0x00000000000126ff      0x2ce /home/srivamsimalladi/LiFi/Li-Fi-in-Industry-4.0/riot/ProcessC/bin/arduino-mega2560/boards_common_atmega/board.o
 .debug_info    0x00000000000129cd      0x679 /home/srivamsimalladi/LiFi/Li-Fi-in-Industry-4.0/riot/ProcessC/bin/arduino-mega2560/core/mutex.o
 .debug_info    0x0000000000013046      0x647 /home/srivamsimalladi/LiFi/Li-Fi-in-Industry-4.0/riot/ProcessC/bin/arduino-mega2560/core/sched.o
 .debug_info    0x000000000001368d      0x7d8 /home/srivamsimalladi/LiFi/Li-Fi-in-Industry-4.0/riot/ProcessC/bin/arduino-mega2560/core/rmutex.o
 .debug_info    0x0000000000013e65     0x2453 /home/srivamsimalladi/LiFi/Li-Fi-in-Industry-4.0/riot/ProcessC/bin/arduino-mega2560/core/atomic_c11.o
 .debug_info    0x00000000000162b8      0xb1d /home/srivamsimalladi/LiFi/Li-Fi-in-Industry-4.0/riot/ProcessC/bin/arduino-mega2560/core/thread.o
 .debug_info    0x0000000000016dd5      0x308 /home/srivamsimalladi/LiFi/Li-Fi-in-Industry-4.0/riot/ProcessC/bin/arduino-mega2560/core/init.o
 .debug_info    0x00000000000170dd      0x27d /home/srivamsimalladi/LiFi/Li-Fi-in-Industry-4.0/riot/ProcessC/bin/arduino-mega2560/core/panic.o
 .debug_info    0x000000000001735a      0xdbe /home/srivamsimalladi/LiFi/Li-Fi-in-Industry-4.0/riot/ProcessC/bin/arduino-mega2560/xtimer/xtimer_core.o
 .debug_info    0x0000000000018118     0x144a /home/srivamsimalladi/LiFi/Li-Fi-in-Industry-4.0/riot/ProcessC/bin/arduino-mega2560/xtimer/xtimer.o
 .debug_info    0x0000000000019562      0x120 /home/srivamsimalladi/LiFi/Li-Fi-in-Industry-4.0/riot/ProcessC/bin/arduino-mega2560/periph_common/pm.o
 .debug_info    0x0000000000019682      0x3ac /home/srivamsimalladi/LiFi/Li-Fi-in-Industry-4.0/riot/ProcessC/bin/arduino-mega2560/periph_common/eeprom.o
 .debug_info    0x0000000000019a2e      0x675 /home/srivamsimalladi/LiFi/Li-Fi-in-Industry-4.0/riot/ProcessC/bin/arduino-mega2560/atmega_common/cpu.o
 .debug_info    0x000000000001a0a3      0x71d /home/srivamsimalladi/LiFi/Li-Fi-in-Industry-4.0/riot/ProcessC/bin/arduino-mega2560/atmega_common/thread_arch.o
 .debug_info    0x000000000001a7c0      0x476 /home/srivamsimalladi/LiFi/Li-Fi-in-Industry-4.0/riot/ProcessC/bin/arduino-mega2560/atmega_common_periph/eeprom.o
 .debug_info    0x000000000001ac36      0x49f /home/srivamsimalladi/LiFi/Li-Fi-in-Industry-4.0/riot/ProcessC/bin/arduino-mega2560/auto_init/auto_init.o
 .debug_info    0x000000000001b0d5      0x422 /home/srivamsimalladi/LiFi/Li-Fi-in-Industry-4.0/riot/ProcessC/bin/arduino-mega2560/avr_libc_extra/atmega_stdio.o
 .debug_info    0x000000000001b4f7      0x25e /home/srivamsimalladi/LiFi/Li-Fi-in-Industry-4.0/riot/ProcessC/bin/arduino-mega2560/boards_common_arduino-atmega/led_init.o
 .debug_info    0x000000000001b755      0x4fb /home/srivamsimalladi/LiFi/Li-Fi-in-Industry-4.0/riot/ProcessC/bin/arduino-mega2560/random/random.o
 .debug_info    0x000000000001bc50      0x15c /home/srivamsimalladi/LiFi/Li-Fi-in-Industry-4.0/riot/ProcessC/bin/arduino-mega2560/random/xorshift.o
 .debug_info    0x000000000001bdac      0x363 /home/srivamsimalladi/LiFi/Li-Fi-in-Industry-4.0/riot/ProcessC/bin/arduino-mega2560/stdio_uart/stdio_uart.o
 .debug_info    0x000000000001c10f      0x27e /home/srivamsimalladi/LiFi/Li-Fi-in-Industry-4.0/riot/ProcessC/bin/arduino-mega2560/periph_common/init.o
 .debug_info    0x000000000001c38d      0x94e /home/srivamsimalladi/LiFi/Li-Fi-in-Industry-4.0/riot/ProcessC/bin/arduino-mega2560/atmega_common_periph/i2c.o
 .debug_info    0x000000000001ccdb      0x62e /home/srivamsimalladi/LiFi/Li-Fi-in-Industry-4.0/riot/ProcessC/bin/arduino-mega2560/luid/luid.o
 .debug_info    0x000000000001d309      0x12c /home/srivamsimalladi/LiFi/Li-Fi-in-Industry-4.0/riot/ProcessC/bin/arduino-mega2560/atmega_common_periph/cpuid.o

.debug_abbrev   0x0000000000000000     0x6cdb
 *(.debug_abbrev)
 .debug_abbrev  0x0000000000000000      0xb1a /usr/lib/gcc/avr/5.4.0/../../../avr/lib/avr6/crtatmega2560.o
 .debug_abbrev  0x0000000000000b1a      0x139 /home/srivamsimalladi/LiFi/Li-Fi-in-Industry-4.0/riot/ProcessC/bin/arduino-mega2560/atmega_common/startup.o
 .debug_abbrev  0x0000000000000c53      0x27f /home/srivamsimalladi/LiFi/Li-Fi-in-Industry-4.0/riot/ProcessC/bin/arduino-mega2560/application_master/_sketches.o
 .debug_abbrev  0x0000000000000ed2      0x508 /home/srivamsimalladi/LiFi/Li-Fi-in-Industry-4.0/riot/ProcessC/bin/arduino-mega2560/application_master/main.o
 .debug_abbrev  0x00000000000013da      0x654 /home/srivamsimalladi/LiFi/Li-Fi-in-Industry-4.0/riot/ProcessC/bin/arduino-mega2560/application_master/MFRC522.o
 .debug_abbrev  0x0000000000001a2e      0x3d6 /home/srivamsimalladi/LiFi/Li-Fi-in-Industry-4.0/riot/ProcessC/bin/arduino-mega2560/LiFi_module/PLiFi.o